Errore durante l'elaborazione DEM. Codice di uscita: 3489660927
Errore durante l'elaborazione DEM. Codice di uscita: 3489660927
Errore durante l'elaborazione DEM. Codice di uscita: 3489660927
Errore durante l'elaborazione DEM. Codice di uscita: 3489660927
Errore durante l'elaborazione DEM. Codice di uscita: 3489660927
Errore durante l'elaborazione DEM. Codice di uscita: 3489660927
Errore durante l'elaborazione DEM. Codice di uscita: 3489660927
Errore durante l'elaborazione DEM. Codice di uscita: 3489660927
Errore durante l'elaborazione DEM. Codice di uscita: 3489660927
Errore durante l'elaborazione DEM. Codice di uscita: 3489660927
Errore durante l'elaborazione DEM. Codice di uscita: 3489660927
Traceback (most recent call last):
  File "C:\Users\solly\Projects\MyDEMProject - Copia\root\backend\scripts\EllipticalVolcano_Approx2.py", line 131, in <module>
    calculate_elliptical_volcano_volume(dem)
  File "C:\Users\solly\Projects\MyDEMProject - Copia\root\backend\scripts\EllipticalVolcano_Approx2.py", line 80, in calculate_elliptical_volcano_volume
    print(f"Base area of \u200b\u200bthe volcano: {area_base:.2f} metri quadrati")
  File "C:\Users\solly\AppData\Local\Programs\Python\Python312\Lib\encodings\cp1252.py", line 19, in encode
           ^^^^^^^^^^^^^^^^^^^^^^^^^^^^^^^^^^^^^^^^^^^^^^^^^^^^^^^
UnicodeEncodeError: 'charmap' codec can't encode characters in position 13-14: character maps to <undefined>
    return codecs.charmap_encode(input,self.errors,encoding_table)[0]
  File "C:\Users\solly\Projects\MyDEMProject - Copia\root\backend\scripts\EllipticalVolcano_Approx2.py", line 131, in <module>
Traceback (most recent call last):
    calculate_elliptical_volcano_volume(dem)
  File "C:\Users\solly\Projects\MyDEMProject - Copia\root\backend\scripts\EllipticalVolcano_Approx2.py", line 80, in calculate_elliptical_volcano_volume
    print(f"Base area of \u200b\u200bthe volcano: {area_base:.2f} metri quadrati")
  File "C:\Users\solly\AppData\Local\Programs\Python\Python312\Lib\encodings\cp1252.py", line 19, in encode
           ^^^^^^^^^^^^^^^^^^^^^^^^^^^^^^^^^^^^^^^^^^^^^^^^^^^^^^^
UnicodeEncodeError: 'charmap' codec can't encode characters in position 13-14: character maps to <undefined>
    return codecs.charmap_encode(input,self.errors,encoding_table)[0]
Errore durante l'elaborazione DEM. Codice di uscita: 3489660927
Errore durante l'elaborazione DEM. Codice di uscita: 3489660927
Errore durante l'elaborazione DEM. Codice di uscita: 3489660927
Errore durante l'elaborazione DEM. Codice di uscita: 3489660927
Errore durante l'elaborazione DEM. Codice di uscita: 3489660927
Errore durante l'elaborazione DEM. Codice di uscita: 3489660927
Errore durante l'elaborazione DEM. Codice di uscita: 3489660927
Errore durante l'elaborazione DEM. Codice di uscita: 3489660927
Errore durante l'elaborazione DEM. Codice di uscita: 3489660927
    import plotly.express as px
  File "C:\Users\solly\AppData\Local\Programs\Python\Python312\Lib\site-packages\plotly\express\__init__.py", line 9, in <module>
    raise ImportError(
Traceback (most recent call last):
  File "C:\Users\solly\Projects\MyDEMProject - Copia\root\backend\scripts\complete_dem_analysis.py", line 11, in <module>
ImportError: Plotly express requires pandas to be installed.
Errore durante l'elaborazione DEM. Codice di uscita: 1
    import plotly.express as px
Traceback (most recent call last):
  File "C:\Users\solly\Projects\MyDEMProject - Copia\root\backend\scripts\complete_dem_analysis.py", line 11, in <module>
  File "C:\Users\solly\AppData\Local\Programs\Python\Python312\Lib\site-packages\plotly\express\__init__.py", line 9, in <module>
ImportError: Plotly express requires pandas to be installed.
    raise ImportError(
Errore durante l'elaborazione DEM. Codice di uscita: 1
Traceback (most recent call last):
  File "C:\Users\solly\Projects\MyDEMProject - Copia\root\backend\scripts\complete_dem_analysis.py", line 11, in <module>
    import plotly.express as px
  File "C:\Users\solly\AppData\Local\Programs\Python\Python312\Lib\site-packages\plotly\express\__init__.py", line 9, in <module>
    raise ImportError(
ImportError: Plotly express requires pandas to be installed.
Errore durante l'elaborazione DEM. Codice di uscita: 1
Traceback (most recent call last):
  File "C:\Users\solly\Projects\MyDEMProject - Copia\root\backend\scripts\complete_dem_analysis.py", line 127, in <module>
    dem, profile, transform, res = load_dem(dem_path)
                                   ^^^^^^^^
NameError: name 'load_dem' is not defined
Errore durante l'elaborazione DEM. Codice di uscita: 1
    plot_results(dem, hillshade, aspect, curvature, roughness)
  File "C:\Users\solly\Projects\MyDEMProject - Copia\root\backend\scripts\complete_dem_analysis.py", line 50, in plot_results
    im = ax.imshow(data, cmap=cmap)
Traceback (most recent call last):
  File "C:\Users\solly\Projects\MyDEMProject - Copia\root\backend\scripts\complete_dem_analysis.py", line 107, in <module>
         ^^^^^^^^^^^^^^^^^^^^^^^^^^
  File "C:\Users\solly\AppData\Local\Programs\Python\Python312\Lib\site-packages\matplotlib\__init__.py", line 1473, in inner
    return func(
           ^^^^^
  File "C:\Users\solly\AppData\Local\Programs\Python\Python312\Lib\site-packages\matplotlib\axes\_axes.py", line 5895, in imshow
    im.set_data(X)
  File "C:\Users\solly\AppData\Local\Programs\Python\Python312\Lib\site-packages\matplotlib\image.py", line 729, in set_data
    self._A = self._normalize_image_array(A)
              ^^^^^^^^^^^^^^^^^^^^^^^^^^^^^^
  File "C:\Users\solly\AppData\Local\Programs\Python\Python312\Lib\site-packages\matplotlib\image.py", line 697, in _normalize_image_array
    raise TypeError(f"Invalid shape {A.shape} for image data")
TypeError: Invalid shape () for image data
Errore durante l'elaborazione DEM. Codice di uscita: 1
Errore durante l'elaborazione DEM. Codice di uscita: 1
Errore durante l'elaborazione DEM. Codice di uscita: 1
Errore durante l'elaborazione DEM. Codice di uscita: 1
Errore durante l'elaborazione DEM. Codice di uscita: 1
Errore durante l'elaborazione DEM. Codice di uscita: 1
Errore durante l'elaborazione DEM. Codice di uscita: 1
Errore durante l'elaborazione DEM. Codice di uscita: 1
Errore durante l'elaborazione DEM. Codice di uscita: 1
C:\Users\solly\Projects\MyDEMProject - Copia\root\backend\scripts\complete_dem_analysis.py:302: SyntaxWarning: 'tuple' object is not callable; perhaps you missed a comma?
  (dem, roughness, convexity) # Terza finestra
Errore durante l'elaborazione DEM. Codice di uscita: 1
C:\Users\solly\Projects\MyDEMProject - Copia\root\backend\scripts\complete_dem_analysis.py:302: SyntaxWarning: 'tuple' object is not callable; perhaps you missed a comma?
  (dem, roughness, convexity) # Terza finestra
Errore durante l'elaborazione DEM. Codice di uscita: 1
Errore durante l'elaborazione DEM. Codice di uscita: 1
Errore durante l'elaborazione DEM. Codice di uscita: 1
Errore durante l'elaborazione DEM. Codice di uscita: 1
Errore durante l'elaborazione DEM. Codice di uscita: 1
Errore durante l'elaborazione DEM. Codice di uscita: 1
Errore durante l'elaborazione DEM. Codice di uscita: 1
Errore durante l'elaborazione DEM. Codice di uscita: 1
Errore durante l'elaborazione DEM. Codice di uscita: 1
Errore durante l'elaborazione DEM. Codice di uscita: 1
Errore durante l'elaborazione DEM. Codice di uscita: 1
Traceback (most recent call last):
  File "C:\Users\solly\Projects\MyDEMProject - Copia\root\backend\scripts\CircularVolcano_Approx1.py", line 140, in <module>
    plt.plot(caldera_contour[:, 1], caldera_contour[:, 0], 'f-', linewidth=1, label="Caldera Contour")
    calculate_circular_volcano_volume(dem)
  File "C:\Users\solly\Projects\MyDEMProject - Copia\root\backend\scripts\CircularVolcano_Approx1.py", line 102, in calculate_circular_volcano_volume
  File "C:\Users\solly\AppData\Local\Programs\Python\Python312\Lib\site-packages\matplotlib\pyplot.py", line 3794, in plot
    return gca().plot(
           ^^^^^^^^^^^
  File "C:\Users\solly\AppData\Local\Programs\Python\Python312\Lib\site-packages\matplotlib\axes\_axes.py", line 1779, in plot
    lines = [*self._get_lines(self, *args, data=data, **kwargs)]
            ^^^^^^^^^^^^^^^^^^^^^^^^^^^^^^^^^^^^^^^^^^^^^^^^^^^^
  File "C:\Users\solly\AppData\Local\Programs\Python\Python312\Lib\site-packages\matplotlib\axes\_base.py", line 296, in __call__
    yield from self._plot_args(
               ^^^^^^^^^^^^^^^^
  File "C:\Users\solly\AppData\Local\Programs\Python\Python312\Lib\site-packages\matplotlib\axes\_base.py", line 436, in _plot_args
    linestyle, marker, color = _process_plot_format(
                               ^^^^^^^^^^^^^^^^^^^^^
  File "C:\Users\solly\AppData\Local\Programs\Python\Python312\Lib\site-packages\matplotlib\axes\_base.py", line 192, in _process_plot_format
ValueError: 'f-' is not a valid format string (unrecognized character 'f')
    raise ValueError(errfmt.format(fmt, f"unrecognized character {c!r}"))
Errore durante l'elaborazione DEM. Codice di uscita: 1
Errore durante l'elaborazione DEM. Codice di uscita: 1
Errore durante l'elaborazione DEM. Codice di uscita: 1
Exception in Tkinter callback
  File "C:\Users\solly\AppData\Local\Programs\Python\Python312\Lib\site-packages\matplotlib\texmanager.py", line 250, in _run_checked_subprocess
    report = subprocess.check_output(
             ^^^^^^^^^^^^^^^^^^^^^^^^
  File "C:\Users\solly\AppData\Local\Programs\Python\Python312\Lib\subprocess.py", line 466, in check_output
    return run(*popenargs, stdout=PIPE, timeout=timeout, check=True,
           ^^^^^^^^^^^^^^^^^^^^^^^^^^^^^^^^^^^^^^^^^^^^^^^^^^^^^^^^^
  File "C:\Users\solly\AppData\Local\Programs\Python\Python312\Lib\subprocess.py", line 548, in run
    with Popen(*popenargs, **kwargs) as process:
         ^^^^^^^^^^^^^^^^^^^^^^^^^^^
  File "C:\Users\solly\AppData\Local\Programs\Python\Python312\Lib\subprocess.py", line 1026, in __init__
    self._execute_child(args, executable, preexec_fn, close_fds,
  File "C:\Users\solly\AppData\Local\Programs\Python\Python312\Lib\subprocess.py", line 1538, in _execute_child
    hp, ht, pid, tid = _winapi.CreateProcess(executable, args,
                       ^^^^^^^^^^^^^^^^^^^^^^^^^^^^^^^^^^^^^^^
FileNotFoundError: [WinError 2] Impossibile trovare il file specificato

The above exception was the direct cause of the following exception:

Traceback (most recent call last):
Traceback (most recent call last):
  File "C:\Users\solly\AppData\Local\Programs\Python\Python312\Lib\tkinter\__init__.py", line 1968, in __call__
    return self.func(*args)
           ^^^^^^^^^^^^^^^^
  File "C:\Users\solly\AppData\Local\Programs\Python\Python312\Lib\tkinter\__init__.py", line 862, in callit
    func(*args)
  File "C:\Users\solly\AppData\Local\Programs\Python\Python312\Lib\site-packages\matplotlib\backends\_backend_tk.py", line 271, in idle_draw
    self.draw()
  File "C:\Users\solly\AppData\Local\Programs\Python\Python312\Lib\site-packages\matplotlib\backends\backend_tkagg.py", line 10, in draw
    super().draw()
  File "C:\Users\solly\AppData\Local\Programs\Python\Python312\Lib\site-packages\matplotlib\backends\backend_agg.py", line 387, in draw
    self.figure.draw(self.renderer)
  File "C:\Users\solly\AppData\Local\Programs\Python\Python312\Lib\site-packages\matplotlib\artist.py", line 95, in draw_wrapper
    result = draw(artist, renderer, *args, **kwargs)
             ^^^^^^^^^^^^^^^^^^^^^^^^^^^^^^^^^^^^^^^
  File "C:\Users\solly\AppData\Local\Programs\Python\Python312\Lib\site-packages\matplotlib\artist.py", line 72, in draw_wrapper
    return draw(artist, renderer)
           ^^^^^^^^^^^^^^^^^^^^^^
  File "C:\Users\solly\AppData\Local\Programs\Python\Python312\Lib\site-packages\matplotlib\figure.py", line 3162, in draw
    mimage._draw_list_compositing_images(
  File "C:\Users\solly\AppData\Local\Programs\Python\Python312\Lib\site-packages\matplotlib\image.py", line 132, in _draw_list_compositing_images
    a.draw(renderer)
  File "C:\Users\solly\AppData\Local\Programs\Python\Python312\Lib\site-packages\matplotlib\artist.py", line 72, in draw_wrapper
    return draw(artist, renderer)
           ^^^^^^^^^^^^^^^^^^^^^^
  File "C:\Users\solly\AppData\Local\Programs\Python\Python312\Lib\site-packages\matplotlib\text.py", line 751, in draw
    bbox, info, descent = self._get_layout(renderer)
                          ^^^^^^^^^^^^^^^^^^^^^^^^^^
  File "C:\Users\solly\AppData\Local\Programs\Python\Python312\Lib\site-packages\matplotlib\text.py", line 373, in _get_layout
    _, lp_h, lp_d = _get_text_metrics_with_cache(
                    ^^^^^^^^^^^^^^^^^^^^^^^^^^^^^
  File "C:\Users\solly\AppData\Local\Programs\Python\Python312\Lib\site-packages\matplotlib\text.py", line 69, in _get_text_metrics_with_cache
    return _get_text_metrics_with_cache_impl(
           ^^^^^^^^^^^^^^^^^^^^^^^^^^^^^^^^^^
  File "C:\Users\solly\AppData\Local\Programs\Python\Python312\Lib\site-packages\matplotlib\text.py", line 77, in _get_text_metrics_with_cache_impl
    return renderer_ref().get_text_width_height_descent(text, fontprop, ismath)
           ^^^^^^^^^^^^^^^^^^^^^^^^^^^^^^^^^^^^^^^^^^^^^^^^^^^^^^^^^^^^^^^^^^^^
  File "C:\Users\solly\AppData\Local\Programs\Python\Python312\Lib\site-packages\matplotlib\backends\backend_agg.py", line 212, in get_text_width_height_descent
    return super().get_text_width_height_descent(s, prop, ismath)
           ^^^^^^^^^^^^^^^^^^^^^^^^^^^^^^^^^^^^^^^^^^^^^^^^^^^^^^
  File "C:\Users\solly\AppData\Local\Programs\Python\Python312\Lib\site-packages\matplotlib\backend_bases.py", line 597, in get_text_width_height_descent
    return self.get_texmanager().get_text_width_height_descent(
           ^^^^^^^^^^^^^^^^^^^^^^^^^^^^^^^^^^^^^^^^^^^^^^^^^^^^
  File "C:\Users\solly\AppData\Local\Programs\Python\Python312\Lib\site-packages\matplotlib\texmanager.py", line 363, in get_text_width_height_descent
    dvifile = cls.make_dvi(tex, fontsize)
              ^^^^^^^^^^^^^^^^^^^^^^^^^^^
  File "C:\Users\solly\AppData\Local\Programs\Python\Python312\Lib\site-packages\matplotlib\texmanager.py", line 295, in make_dvi
    cls._run_checked_subprocess(
  File "C:\Users\solly\AppData\Local\Programs\Python\Python312\Lib\site-packages\matplotlib\texmanager.py", line 254, in _run_checked_subprocess
    raise RuntimeError(
RuntimeError: Failed to process string with tex because latex could not be found
Exception in Tkinter callback
Traceback (most recent call last):
  File "C:\Users\solly\AppData\Local\Programs\Python\Python312\Lib\site-packages\matplotlib\texmanager.py", line 250, in _run_checked_subprocess
    report = subprocess.check_output(
             ^^^^^^^^^^^^^^^^^^^^^^^^
  File "C:\Users\solly\AppData\Local\Programs\Python\Python312\Lib\subprocess.py", line 466, in check_output
    return run(*popenargs, stdout=PIPE, timeout=timeout, check=True,
           ^^^^^^^^^^^^^^^^^^^^^^^^^^^^^^^^^^^^^^^^^^^^^^^^^^^^^^^^^
  File "C:\Users\solly\AppData\Local\Programs\Python\Python312\Lib\subprocess.py", line 548, in run
    with Popen(*popenargs, **kwargs) as process:
         ^^^^^^^^^^^^^^^^^^^^^^^^^^^
  File "C:\Users\solly\AppData\Local\Programs\Python\Python312\Lib\subprocess.py", line 1026, in __init__
    self._execute_child(args, executable, preexec_fn, close_fds,
  File "C:\Users\solly\AppData\Local\Programs\Python\Python312\Lib\subprocess.py", line 1538, in _execute_child
    hp, ht, pid, tid = _winapi.CreateProcess(executable, args,
                       ^^^^^^^^^^^^^^^^^^^^^^^^^^^^^^^^^^^^^^^
FileNotFoundError: [WinError 2] Impossibile trovare il file specificato

The above exception was the direct cause of the following exception:

Traceback (most recent call last):
  File "C:\Users\solly\AppData\Local\Programs\Python\Python312\Lib\site-packages\matplotlib\artist.py", line 95, in draw_wrapper
    result = draw(artist, renderer, *args, **kwargs)
             ^^^^^^^^^^^^^^^^^^^^^^^^^^^^^^^^^^^^^^^
  File "C:\Users\solly\AppData\Local\Programs\Python\Python312\Lib\site-packages\matplotlib\artist.py", line 72, in draw_wrapper
    return draw(artist, renderer)
           ^^^^^^^^^^^^^^^^^^^^^^
  File "C:\Users\solly\AppData\Local\Programs\Python\Python312\Lib\site-packages\matplotlib\figure.py", line 3162, in draw
    mimage._draw_list_compositing_images(
  File "C:\Users\solly\AppData\Local\Programs\Python\Python312\Lib\site-packages\matplotlib\image.py", line 132, in _draw_list_compositing_images
    a.draw(renderer)
  File "C:\Users\solly\AppData\Local\Programs\Python\Python312\Lib\site-packages\matplotlib\artist.py", line 72, in draw_wrapper
    return draw(artist, renderer)
           ^^^^^^^^^^^^^^^^^^^^^^
  File "C:\Users\solly\AppData\Local\Programs\Python\Python312\Lib\site-packages\matplotlib\text.py", line 751, in draw
    bbox, info, descent = self._get_layout(renderer)
                          ^^^^^^^^^^^^^^^^^^^^^^^^^^
  File "C:\Users\solly\AppData\Local\Programs\Python\Python312\Lib\site-packages\matplotlib\text.py", line 373, in _get_layout
    _, lp_h, lp_d = _get_text_metrics_with_cache(
                    ^^^^^^^^^^^^^^^^^^^^^^^^^^^^^
  File "C:\Users\solly\AppData\Local\Programs\Python\Python312\Lib\site-packages\matplotlib\text.py", line 69, in _get_text_metrics_with_cache
    return _get_text_metrics_with_cache_impl(
           ^^^^^^^^^^^^^^^^^^^^^^^^^^^^^^^^^^
  File "C:\Users\solly\AppData\Local\Programs\Python\Python312\Lib\site-packages\matplotlib\text.py", line 77, in _get_text_metrics_with_cache_impl
    return renderer_ref().get_text_width_height_descent(text, fontprop, ismath)
           ^^^^^^^^^^^^^^^^^^^^^^^^^^^^^^^^^^^^^^^^^^^^^^^^^^^^^^^^^^^^^^^^^^^^
  File "C:\Users\solly\AppData\Local\Programs\Python\Python312\Lib\site-packages\matplotlib\backends\backend_agg.py", line 212, in get_text_width_height_descent
    return super().get_text_width_height_descent(s, prop, ismath)
           ^^^^^^^^^^^^^^^^^^^^^^^^^^^^^^^^^^^^^^^^^^^^^^^^^^^^^^
  File "C:\Users\solly\AppData\Local\Programs\Python\Python312\Lib\site-packages\matplotlib\backend_bases.py", line 597, in get_text_width_height_descent
    return self.get_texmanager().get_text_width_height_descent(
           ^^^^^^^^^^^^^^^^^^^^^^^^^^^^^^^^^^^^^^^^^^^^^^^^^^^^
  File "C:\Users\solly\AppData\Local\Programs\Python\Python312\Lib\site-packages\matplotlib\texmanager.py", line 363, in get_text_width_height_descent
    dvifile = cls.make_dvi(tex, fontsize)
              ^^^^^^^^^^^^^^^^^^^^^^^^^^^
  File "C:\Users\solly\AppData\Local\Programs\Python\Python312\Lib\site-packages\matplotlib\texmanager.py", line 295, in make_dvi
    cls._run_checked_subprocess(
  File "C:\Users\solly\AppData\Local\Programs\Python\Python312\Lib\site-packages\matplotlib\texmanager.py", line 254, in _run_checked_subprocess
    raise RuntimeError(
RuntimeError: Failed to process string with tex because latex could not be found
  File "C:\Users\solly\AppData\Local\Programs\Python\Python312\Lib\tkinter\__init__.py", line 1968, in __call__
    return self.func(*args)
           ^^^^^^^^^^^^^^^^
  File "C:\Users\solly\AppData\Local\Programs\Python\Python312\Lib\tkinter\__init__.py", line 862, in callit
    func(*args)
  File "C:\Users\solly\AppData\Local\Programs\Python\Python312\Lib\site-packages\matplotlib\backends\_backend_tk.py", line 271, in idle_draw
    self.draw()
  File "C:\Users\solly\AppData\Local\Programs\Python\Python312\Lib\site-packages\matplotlib\backends\backend_tkagg.py", line 10, in draw
    super().draw()
  File "C:\Users\solly\AppData\Local\Programs\Python\Python312\Lib\site-packages\matplotlib\backends\backend_agg.py", line 387, in draw
    self.figure.draw(self.renderer)
Exception in Tkinter callback
  File "C:\Users\solly\AppData\Local\Programs\Python\Python312\Lib\site-packages\matplotlib\texmanager.py", line 250, in _run_checked_subprocess
    report = subprocess.check_output(
             ^^^^^^^^^^^^^^^^^^^^^^^^
  File "C:\Users\solly\AppData\Local\Programs\Python\Python312\Lib\subprocess.py", line 466, in check_output
    return run(*popenargs, stdout=PIPE, timeout=timeout, check=True,
           ^^^^^^^^^^^^^^^^^^^^^^^^^^^^^^^^^^^^^^^^^^^^^^^^^^^^^^^^^
  File "C:\Users\solly\AppData\Local\Programs\Python\Python312\Lib\subprocess.py", line 548, in run
    with Popen(*popenargs, **kwargs) as process:
         ^^^^^^^^^^^^^^^^^^^^^^^^^^^
  File "C:\Users\solly\AppData\Local\Programs\Python\Python312\Lib\subprocess.py", line 1026, in __init__
    self._execute_child(args, executable, preexec_fn, close_fds,
  File "C:\Users\solly\AppData\Local\Programs\Python\Python312\Lib\subprocess.py", line 1538, in _execute_child
    hp, ht, pid, tid = _winapi.CreateProcess(executable, args,
                       ^^^^^^^^^^^^^^^^^^^^^^^^^^^^^^^^^^^^^^^
FileNotFoundError: [WinError 2] Impossibile trovare il file specificato

The above exception was the direct cause of the following exception:

Traceback (most recent call last):
Traceback (most recent call last):
  File "C:\Users\solly\AppData\Local\Programs\Python\Python312\Lib\tkinter\__init__.py", line 1968, in __call__
    return self.func(*args)
           ^^^^^^^^^^^^^^^^
  File "C:\Users\solly\AppData\Local\Programs\Python\Python312\Lib\tkinter\__init__.py", line 862, in callit
    func(*args)
  File "C:\Users\solly\AppData\Local\Programs\Python\Python312\Lib\site-packages\matplotlib\backends\_backend_tk.py", line 271, in idle_draw
    self.draw()
  File "C:\Users\solly\AppData\Local\Programs\Python\Python312\Lib\site-packages\matplotlib\backends\backend_tkagg.py", line 10, in draw
    super().draw()
  File "C:\Users\solly\AppData\Local\Programs\Python\Python312\Lib\site-packages\matplotlib\backends\backend_agg.py", line 387, in draw
    self.figure.draw(self.renderer)
  File "C:\Users\solly\AppData\Local\Programs\Python\Python312\Lib\site-packages\matplotlib\artist.py", line 95, in draw_wrapper
    result = draw(artist, renderer, *args, **kwargs)
             ^^^^^^^^^^^^^^^^^^^^^^^^^^^^^^^^^^^^^^^
  File "C:\Users\solly\AppData\Local\Programs\Python\Python312\Lib\site-packages\matplotlib\artist.py", line 72, in draw_wrapper
    return draw(artist, renderer)
           ^^^^^^^^^^^^^^^^^^^^^^
  File "C:\Users\solly\AppData\Local\Programs\Python\Python312\Lib\site-packages\matplotlib\figure.py", line 3162, in draw
    mimage._draw_list_compositing_images(
  File "C:\Users\solly\AppData\Local\Programs\Python\Python312\Lib\site-packages\matplotlib\image.py", line 132, in _draw_list_compositing_images
    a.draw(renderer)
  File "C:\Users\solly\AppData\Local\Programs\Python\Python312\Lib\site-packages\matplotlib\artist.py", line 72, in draw_wrapper
    return draw(artist, renderer)
           ^^^^^^^^^^^^^^^^^^^^^^
  File "C:\Users\solly\AppData\Local\Programs\Python\Python312\Lib\site-packages\matplotlib\text.py", line 751, in draw
    bbox, info, descent = self._get_layout(renderer)
                          ^^^^^^^^^^^^^^^^^^^^^^^^^^
  File "C:\Users\solly\AppData\Local\Programs\Python\Python312\Lib\site-packages\matplotlib\text.py", line 373, in _get_layout
    _, lp_h, lp_d = _get_text_metrics_with_cache(
                    ^^^^^^^^^^^^^^^^^^^^^^^^^^^^^
  File "C:\Users\solly\AppData\Local\Programs\Python\Python312\Lib\site-packages\matplotlib\text.py", line 69, in _get_text_metrics_with_cache
    return _get_text_metrics_with_cache_impl(
           ^^^^^^^^^^^^^^^^^^^^^^^^^^^^^^^^^^
  File "C:\Users\solly\AppData\Local\Programs\Python\Python312\Lib\site-packages\matplotlib\text.py", line 77, in _get_text_metrics_with_cache_impl
    return renderer_ref().get_text_width_height_descent(text, fontprop, ismath)
           ^^^^^^^^^^^^^^^^^^^^^^^^^^^^^^^^^^^^^^^^^^^^^^^^^^^^^^^^^^^^^^^^^^^^
  File "C:\Users\solly\AppData\Local\Programs\Python\Python312\Lib\site-packages\matplotlib\backends\backend_agg.py", line 212, in get_text_width_height_descent
    return super().get_text_width_height_descent(s, prop, ismath)
           ^^^^^^^^^^^^^^^^^^^^^^^^^^^^^^^^^^^^^^^^^^^^^^^^^^^^^^
  File "C:\Users\solly\AppData\Local\Programs\Python\Python312\Lib\site-packages\matplotlib\backend_bases.py", line 597, in get_text_width_height_descent
    return self.get_texmanager().get_text_width_height_descent(
           ^^^^^^^^^^^^^^^^^^^^^^^^^^^^^^^^^^^^^^^^^^^^^^^^^^^^
  File "C:\Users\solly\AppData\Local\Programs\Python\Python312\Lib\site-packages\matplotlib\texmanager.py", line 363, in get_text_width_height_descent
    dvifile = cls.make_dvi(tex, fontsize)
              ^^^^^^^^^^^^^^^^^^^^^^^^^^^
  File "C:\Users\solly\AppData\Local\Programs\Python\Python312\Lib\site-packages\matplotlib\texmanager.py", line 295, in make_dvi
    cls._run_checked_subprocess(
  File "C:\Users\solly\AppData\Local\Programs\Python\Python312\Lib\site-packages\matplotlib\texmanager.py", line 254, in _run_checked_subprocess
    raise RuntimeError(
RuntimeError: Failed to process string with tex because latex could not be found
Traceback (most recent call last):
  File "C:\Users\solly\Projects\MyDEMProject - Copia\root\backend\scripts\complete_dem_analysis.py", line 249, in <module>
    print(f"[DEBUG] Original file name: {original_file_name}")
  File "C:\Users\solly\AppData\Local\Programs\Python\Python312\Lib\encodings\cp1252.py", line 19, in encode
           ^^^^^^^^^^^^^^^^^^^^^^^^^^^^^^^^^^^^^^^^^^^^^^^^^^^^^^^
    return codecs.charmap_encode(input,self.errors,encoding_table)[0]
UnicodeEncodeError: 'charmap' codec can't encode character '\u014c' in position 32: character maps to <undefined>
Errore durante l'elaborazione DEM. Codice di uscita: 1
Traceback (most recent call last):
  File "C:\Users\solly\AppData\Local\Programs\Python\Python312\Lib\site-packages\matplotlib\cbook.py", line 298, in process
    func(*args, **kwargs)
  File "C:\Users\solly\AppData\Local\Programs\Python\Python312\Lib\site-packages\matplotlib\figure.py", line 3237, in <lambda>
    self._axobservers.connect("_axes_change_event", lambda arg: func(arg))
                                                                ^^^^^^^^^
  File "C:\Users\solly\AppData\Local\Programs\Python\Python312\Lib\site-packages\matplotlib\backend_bases.py", line 2671, in notify_axes_change
    self.toolbar.update()
  File "C:\Users\solly\AppData\Local\Programs\Python\Python312\Lib\site-packages\matplotlib\backend_bases.py", line 3267, in update
    self.set_history_buttons()
  File "C:\Users\solly\AppData\Local\Programs\Python\Python312\Lib\site-packages\matplotlib\backends\_backend_tk.py", line 893, in set_history_buttons
    self._buttons['Back']['state'] = state_map[can_back]
    ~~~~~~~~~~~~~~~~~~~~~^^^^^^^^^
  File "C:\Users\solly\AppData\Local\Programs\Python\Python312\Lib\tkinter\__init__.py", line 1733, in __setitem__
    self.configure({key: value})
  File "C:\Users\solly\AppData\Local\Programs\Python\Python312\Lib\tkinter\__init__.py", line 1722, in configure
    return self._configure('configure', cnf, kw)
           ^^^^^^^^^^^^^^^^^^^^^^^^^^^^^^^^^^^^^
  File "C:\Users\solly\AppData\Local\Programs\Python\Python312\Lib\tkinter\__init__.py", line 1712, in _configure
    self.tk.call(_flatten((self._w, cmd)) + self._options(cnf))
_tkinter.TclError: invalid command name ".!navigationtoolbar2tk.!button2"
Traceback (most recent call last):
  File "C:\Users\solly\AppData\Local\Programs\Python\Python312\Lib\site-packages\matplotlib\cbook.py", line 298, in process
    func(*args, **kwargs)
  File "C:\Users\solly\AppData\Local\Programs\Python\Python312\Lib\site-packages\matplotlib\figure.py", line 3237, in <lambda>
    self._axobservers.connect("_axes_change_event", lambda arg: func(arg))
                                                                ^^^^^^^^^
  File "C:\Users\solly\AppData\Local\Programs\Python\Python312\Lib\site-packages\matplotlib\backend_bases.py", line 2671, in notify_axes_change
    self.toolbar.update()
  File "C:\Users\solly\AppData\Local\Programs\Python\Python312\Lib\site-packages\matplotlib\backend_bases.py", line 3267, in update
    self.set_history_buttons()
  File "C:\Users\solly\AppData\Local\Programs\Python\Python312\Lib\site-packages\matplotlib\backends\_backend_tk.py", line 893, in set_history_buttons
    self._buttons['Back']['state'] = state_map[can_back]
    ~~~~~~~~~~~~~~~~~~~~~^^^^^^^^^
  File "C:\Users\solly\AppData\Local\Programs\Python\Python312\Lib\tkinter\__init__.py", line 1733, in __setitem__
    self.configure({key: value})
  File "C:\Users\solly\AppData\Local\Programs\Python\Python312\Lib\tkinter\__init__.py", line 1722, in configure
    return self._configure('configure', cnf, kw)
           ^^^^^^^^^^^^^^^^^^^^^^^^^^^^^^^^^^^^^
  File "C:\Users\solly\AppData\Local\Programs\Python\Python312\Lib\tkinter\__init__.py", line 1712, in _configure
    self.tk.call(_flatten((self._w, cmd)) + self._options(cnf))
_tkinter.TclError: invalid command name ".!navigationtoolbar2tk.!button2"
Traceback (most recent call last):
  File "C:\Users\solly\AppData\Local\Programs\Python\Python312\Lib\site-packages\matplotlib\cbook.py", line 298, in process
    func(*args, **kwargs)
  File "C:\Users\solly\AppData\Local\Programs\Python\Python312\Lib\site-packages\matplotlib\figure.py", line 3237, in <lambda>
    self._axobservers.connect("_axes_change_event", lambda arg: func(arg))
                                                                ^^^^^^^^^
  File "C:\Users\solly\AppData\Local\Programs\Python\Python312\Lib\site-packages\matplotlib\backend_bases.py", line 2671, in notify_axes_change
    self.toolbar.update()
  File "C:\Users\solly\AppData\Local\Programs\Python\Python312\Lib\site-packages\matplotlib\backend_bases.py", line 3267, in update
    self.set_history_buttons()
  File "C:\Users\solly\AppData\Local\Programs\Python\Python312\Lib\site-packages\matplotlib\backends\_backend_tk.py", line 893, in set_history_buttons
    self._buttons['Back']['state'] = state_map[can_back]
    ~~~~~~~~~~~~~~~~~~~~~^^^^^^^^^
  File "C:\Users\solly\AppData\Local\Programs\Python\Python312\Lib\tkinter\__init__.py", line 1733, in __setitem__
    self.configure({key: value})
  File "C:\Users\solly\AppData\Local\Programs\Python\Python312\Lib\tkinter\__init__.py", line 1722, in configure
    return self._configure('configure', cnf, kw)
           ^^^^^^^^^^^^^^^^^^^^^^^^^^^^^^^^^^^^^
  File "C:\Users\solly\AppData\Local\Programs\Python\Python312\Lib\tkinter\__init__.py", line 1712, in _configure
    self.tk.call(_flatten((self._w, cmd)) + self._options(cnf))
_tkinter.TclError: invalid command name ".!navigationtoolbar2tk.!button2"
Traceback (most recent call last):
  File "C:\Users\solly\AppData\Local\Programs\Python\Python312\Lib\site-packages\matplotlib\cbook.py", line 298, in process
    func(*args, **kwargs)
  File "C:\Users\solly\AppData\Local\Programs\Python\Python312\Lib\site-packages\matplotlib\figure.py", line 3237, in <lambda>
    self._axobservers.connect("_axes_change_event", lambda arg: func(arg))
                                                                ^^^^^^^^^
  File "C:\Users\solly\AppData\Local\Programs\Python\Python312\Lib\site-packages\matplotlib\backend_bases.py", line 2671, in notify_axes_change
    self.toolbar.update()
  File "C:\Users\solly\AppData\Local\Programs\Python\Python312\Lib\site-packages\matplotlib\backend_bases.py", line 3267, in update
    self.set_history_buttons()
  File "C:\Users\solly\AppData\Local\Programs\Python\Python312\Lib\site-packages\matplotlib\backends\_backend_tk.py", line 893, in set_history_buttons
    self._buttons['Back']['state'] = state_map[can_back]
    ~~~~~~~~~~~~~~~~~~~~~^^^^^^^^^
  File "C:\Users\solly\AppData\Local\Programs\Python\Python312\Lib\tkinter\__init__.py", line 1733, in __setitem__
    self.configure({key: value})
  File "C:\Users\solly\AppData\Local\Programs\Python\Python312\Lib\tkinter\__init__.py", line 1722, in configure
    return self._configure('configure', cnf, kw)
           ^^^^^^^^^^^^^^^^^^^^^^^^^^^^^^^^^^^^^
  File "C:\Users\solly\AppData\Local\Programs\Python\Python312\Lib\tkinter\__init__.py", line 1712, in _configure
    self.tk.call(_flatten((self._w, cmd)) + self._options(cnf))
_tkinter.TclError: invalid command name ".!navigationtoolbar2tk.!button2"
Traceback (most recent call last):
  File "C:\Users\solly\AppData\Local\Programs\Python\Python312\Lib\site-packages\matplotlib\cbook.py", line 298, in process
    func(*args, **kwargs)
  File "C:\Users\solly\AppData\Local\Programs\Python\Python312\Lib\site-packages\matplotlib\figure.py", line 3237, in <lambda>
    self._axobservers.connect("_axes_change_event", lambda arg: func(arg))
                                                                ^^^^^^^^^
  File "C:\Users\solly\AppData\Local\Programs\Python\Python312\Lib\site-packages\matplotlib\backend_bases.py", line 2671, in notify_axes_change
    self.toolbar.update()
  File "C:\Users\solly\AppData\Local\Programs\Python\Python312\Lib\site-packages\matplotlib\backend_bases.py", line 3267, in update
    self.set_history_buttons()
  File "C:\Users\solly\AppData\Local\Programs\Python\Python312\Lib\site-packages\matplotlib\backends\_backend_tk.py", line 893, in set_history_buttons
    self._buttons['Back']['state'] = state_map[can_back]
    ~~~~~~~~~~~~~~~~~~~~~^^^^^^^^^
  File "C:\Users\solly\AppData\Local\Programs\Python\Python312\Lib\tkinter\__init__.py", line 1733, in __setitem__
    self.configure({key: value})
  File "C:\Users\solly\AppData\Local\Programs\Python\Python312\Lib\tkinter\__init__.py", line 1722, in configure
    return self._configure('configure', cnf, kw)
           ^^^^^^^^^^^^^^^^^^^^^^^^^^^^^^^^^^^^^
  File "C:\Users\solly\AppData\Local\Programs\Python\Python312\Lib\tkinter\__init__.py", line 1712, in _configure
    self.tk.call(_flatten((self._w, cmd)) + self._options(cnf))
_tkinter.TclError: invalid command name ".!navigationtoolbar2tk.!button2"
Traceback (most recent call last):
  File "C:\Users\solly\AppData\Local\Programs\Python\Python312\Lib\site-packages\matplotlib\cbook.py", line 298, in process
    func(*args, **kwargs)
  File "C:\Users\solly\AppData\Local\Programs\Python\Python312\Lib\site-packages\matplotlib\figure.py", line 3237, in <lambda>
    self._axobservers.connect("_axes_change_event", lambda arg: func(arg))
                                                                ^^^^^^^^^
  File "C:\Users\solly\AppData\Local\Programs\Python\Python312\Lib\site-packages\matplotlib\backend_bases.py", line 2671, in notify_axes_change
    self.toolbar.update()
  File "C:\Users\solly\AppData\Local\Programs\Python\Python312\Lib\site-packages\matplotlib\backend_bases.py", line 3267, in update
    self.set_history_buttons()
  File "C:\Users\solly\AppData\Local\Programs\Python\Python312\Lib\site-packages\matplotlib\backends\_backend_tk.py", line 893, in set_history_buttons
    self._buttons['Back']['state'] = state_map[can_back]
    ~~~~~~~~~~~~~~~~~~~~~^^^^^^^^^
  File "C:\Users\solly\AppData\Local\Programs\Python\Python312\Lib\tkinter\__init__.py", line 1733, in __setitem__
    self.configure({key: value})
  File "C:\Users\solly\AppData\Local\Programs\Python\Python312\Lib\tkinter\__init__.py", line 1722, in configure
    return self._configure('configure', cnf, kw)
           ^^^^^^^^^^^^^^^^^^^^^^^^^^^^^^^^^^^^^
  File "C:\Users\solly\AppData\Local\Programs\Python\Python312\Lib\site-packages\matplotlib\cbook.py", line 298, in process
    func(*args, **kwargs)
  File "C:\Users\solly\AppData\Local\Programs\Python\Python312\Lib\site-packages\matplotlib\figure.py", line 3237, in <lambda>
    self._axobservers.connect("_axes_change_event", lambda arg: func(arg))
                                                                ^^^^^^^^^
  File "C:\Users\solly\AppData\Local\Programs\Python\Python312\Lib\site-packages\matplotlib\backend_bases.py", line 2671, in notify_axes_change
    self.toolbar.update()
  File "C:\Users\solly\AppData\Local\Programs\Python\Python312\Lib\site-packages\matplotlib\backend_bases.py", line 3267, in update
    self.set_history_buttons()
  File "C:\Users\solly\AppData\Local\Programs\Python\Python312\Lib\site-packages\matplotlib\backends\_backend_tk.py", line 893, in set_history_buttons
    self._buttons['Back']['state'] = state_map[can_back]
    ~~~~~~~~~~~~~~~~~~~~~^^^^^^^^^
  File "C:\Users\solly\AppData\Local\Programs\Python\Python312\Lib\tkinter\__init__.py", line 1733, in __setitem__
    self.configure({key: value})
  File "C:\Users\solly\AppData\Local\Programs\Python\Python312\Lib\tkinter\__init__.py", line 1722, in configure
    return self._configure('configure', cnf, kw)
           ^^^^^^^^^^^^^^^^^^^^^^^^^^^^^^^^^^^^^
  File "C:\Users\solly\AppData\Local\Programs\Python\Python312\Lib\tkinter\__init__.py", line 1712, in _configure
    self.tk.call(_flatten((self._w, cmd)) + self._options(cnf))
_tkinter.TclError: invalid command name ".!navigationtoolbar2tk.!button2"
Traceback (most recent call last):
  File "C:\Users\solly\AppData\Local\Programs\Python\Python312\Lib\tkinter\__init__.py", line 1712, in _configure
    self.tk.call(_flatten((self._w, cmd)) + self._options(cnf))
_tkinter.TclError: invalid command name ".!navigationtoolbar2tk.!button2"
Traceback (most recent call last):
  File "C:\Users\solly\AppData\Local\Programs\Python\Python312\Lib\site-packages\matplotlib\cbook.py", line 298, in process
    func(*args, **kwargs)
  File "C:\Users\solly\AppData\Local\Programs\Python\Python312\Lib\site-packages\matplotlib\figure.py", line 3237, in <lambda>
    self._axobservers.connect("_axes_change_event", lambda arg: func(arg))
                                                                ^^^^^^^^^
  File "C:\Users\solly\AppData\Local\Programs\Python\Python312\Lib\site-packages\matplotlib\backend_bases.py", line 2671, in notify_axes_change
    self.toolbar.update()
  File "C:\Users\solly\AppData\Local\Programs\Python\Python312\Lib\site-packages\matplotlib\backend_bases.py", line 3267, in update
    self.set_history_buttons()
  File "C:\Users\solly\AppData\Local\Programs\Python\Python312\Lib\site-packages\matplotlib\backends\_backend_tk.py", line 893, in set_history_buttons
    self._buttons['Back']['state'] = state_map[can_back]
    ~~~~~~~~~~~~~~~~~~~~~^^^^^^^^^
  File "C:\Users\solly\AppData\Local\Programs\Python\Python312\Lib\tkinter\__init__.py", line 1733, in __setitem__
    self.configure({key: value})
  File "C:\Users\solly\AppData\Local\Programs\Python\Python312\Lib\tkinter\__init__.py", line 1722, in configure
    return self._configure('configure', cnf, kw)
           ^^^^^^^^^^^^^^^^^^^^^^^^^^^^^^^^^^^^^
  File "C:\Users\solly\AppData\Local\Programs\Python\Python312\Lib\tkinter\__init__.py", line 1712, in _configure
    self.tk.call(_flatten((self._w, cmd)) + self._options(cnf))
_tkinter.TclError: invalid command name ".!navigationtoolbar2tk.!button2"
Traceback (most recent call last):
  File "C:\Users\solly\AppData\Local\Programs\Python\Python312\Lib\site-packages\matplotlib\cbook.py", line 298, in process
    func(*args, **kwargs)
  File "C:\Users\solly\AppData\Local\Programs\Python\Python312\Lib\site-packages\matplotlib\figure.py", line 3237, in <lambda>
    self._axobservers.connect("_axes_change_event", lambda arg: func(arg))
                                                                ^^^^^^^^^
  File "C:\Users\solly\AppData\Local\Programs\Python\Python312\Lib\site-packages\matplotlib\backend_bases.py", line 2671, in notify_axes_change
    self.toolbar.update()
  File "C:\Users\solly\AppData\Local\Programs\Python\Python312\Lib\site-packages\matplotlib\backend_bases.py", line 3267, in update
    self.set_history_buttons()
  File "C:\Users\solly\AppData\Local\Programs\Python\Python312\Lib\site-packages\matplotlib\backends\_backend_tk.py", line 893, in set_history_buttons
    self._buttons['Back']['state'] = state_map[can_back]
    ~~~~~~~~~~~~~~~~~~~~~^^^^^^^^^
  File "C:\Users\solly\AppData\Local\Programs\Python\Python312\Lib\tkinter\__init__.py", line 1733, in __setitem__
    self.configure({key: value})
  File "C:\Users\solly\AppData\Local\Programs\Python\Python312\Lib\tkinter\__init__.py", line 1722, in configure
    return self._configure('configure', cnf, kw)
           ^^^^^^^^^^^^^^^^^^^^^^^^^^^^^^^^^^^^^
  File "C:\Users\solly\AppData\Local\Programs\Python\Python312\Lib\tkinter\__init__.py", line 1712, in _configure
    self.tk.call(_flatten((self._w, cmd)) + self._options(cnf))
_tkinter.TclError: invalid command name ".!navigationtoolbar2tk.!button2"
  File "C:\Users\solly\AppData\Local\Programs\Python\Python312\Lib\site-packages\matplotlib\cbook.py", line 298, in process
    func(*args, **kwargs)
  File "C:\Users\solly\AppData\Local\Programs\Python\Python312\Lib\site-packages\matplotlib\figure.py", line 3237, in <lambda>
    self._axobservers.connect("_axes_change_event", lambda arg: func(arg))
                                                                ^^^^^^^^^
  File "C:\Users\solly\AppData\Local\Programs\Python\Python312\Lib\site-packages\matplotlib\backend_bases.py", line 2671, in notify_axes_change
    self.toolbar.update()
  File "C:\Users\solly\AppData\Local\Programs\Python\Python312\Lib\site-packages\matplotlib\backend_bases.py", line 3267, in update
    self.set_history_buttons()
  File "C:\Users\solly\AppData\Local\Programs\Python\Python312\Lib\site-packages\matplotlib\backends\_backend_tk.py", line 893, in set_history_buttons
    self._buttons['Back']['state'] = state_map[can_back]
    ~~~~~~~~~~~~~~~~~~~~~^^^^^^^^^
  File "C:\Users\solly\AppData\Local\Programs\Python\Python312\Lib\tkinter\__init__.py", line 1733, in __setitem__
    self.configure({key: value})
  File "C:\Users\solly\AppData\Local\Programs\Python\Python312\Lib\tkinter\__init__.py", line 1722, in configure
    return self._configure('configure', cnf, kw)
           ^^^^^^^^^^^^^^^^^^^^^^^^^^^^^^^^^^^^^
  File "C:\Users\solly\AppData\Local\Programs\Python\Python312\Lib\tkinter\__init__.py", line 1712, in _configure
    self.tk.call(_flatten((self._w, cmd)) + self._options(cnf))
_tkinter.TclError: invalid command name ".!navigationtoolbar2tk.!button2"
Traceback (most recent call last):
Traceback (most recent call last):
  File "C:\Users\solly\AppData\Local\Programs\Python\Python312\Lib\site-packages\matplotlib\cbook.py", line 298, in process
    func(*args, **kwargs)
  File "C:\Users\solly\AppData\Local\Programs\Python\Python312\Lib\site-packages\matplotlib\figure.py", line 3237, in <lambda>
    self._axobservers.connect("_axes_change_event", lambda arg: func(arg))
                                                                ^^^^^^^^^
  File "C:\Users\solly\AppData\Local\Programs\Python\Python312\Lib\site-packages\matplotlib\backend_bases.py", line 2671, in notify_axes_change
    self.toolbar.update()
  File "C:\Users\solly\AppData\Local\Programs\Python\Python312\Lib\site-packages\matplotlib\backend_bases.py", line 3267, in update
    self.set_history_buttons()
  File "C:\Users\solly\AppData\Local\Programs\Python\Python312\Lib\site-packages\matplotlib\backends\_backend_tk.py", line 893, in set_history_buttons
    self._buttons['Back']['state'] = state_map[can_back]
    ~~~~~~~~~~~~~~~~~~~~~^^^^^^^^^
  File "C:\Users\solly\AppData\Local\Programs\Python\Python312\Lib\tkinter\__init__.py", line 1733, in __setitem__
    self.configure({key: value})
  File "C:\Users\solly\AppData\Local\Programs\Python\Python312\Lib\tkinter\__init__.py", line 1722, in configure
    return self._configure('configure', cnf, kw)
           ^^^^^^^^^^^^^^^^^^^^^^^^^^^^^^^^^^^^^
  File "C:\Users\solly\AppData\Local\Programs\Python\Python312\Lib\tkinter\__init__.py", line 1712, in _configure
    self.tk.call(_flatten((self._w, cmd)) + self._options(cnf))
_tkinter.TclError: invalid command name ".!navigationtoolbar2tk.!button2"
Traceback (most recent call last):
  File "C:\Users\solly\AppData\Local\Programs\Python\Python312\Lib\site-packages\matplotlib\cbook.py", line 298, in process
    func(*args, **kwargs)
  File "C:\Users\solly\AppData\Local\Programs\Python\Python312\Lib\site-packages\matplotlib\figure.py", line 3237, in <lambda>
    self._axobservers.connect("_axes_change_event", lambda arg: func(arg))
                                                                ^^^^^^^^^
  File "C:\Users\solly\AppData\Local\Programs\Python\Python312\Lib\site-packages\matplotlib\backend_bases.py", line 2671, in notify_axes_change
    self.toolbar.update()
  File "C:\Users\solly\AppData\Local\Programs\Python\Python312\Lib\site-packages\matplotlib\backend_bases.py", line 3267, in update
    self.set_history_buttons()
  File "C:\Users\solly\AppData\Local\Programs\Python\Python312\Lib\site-packages\matplotlib\backends\_backend_tk.py", line 893, in set_history_buttons
    self._buttons['Back']['state'] = state_map[can_back]
    ~~~~~~~~~~~~~~~~~~~~~^^^^^^^^^
  File "C:\Users\solly\AppData\Local\Programs\Python\Python312\Lib\tkinter\__init__.py", line 1733, in __setitem__
    self.configure({key: value})
  File "C:\Users\solly\AppData\Local\Programs\Python\Python312\Lib\tkinter\__init__.py", line 1722, in configure
    return self._configure('configure', cnf, kw)
           ^^^^^^^^^^^^^^^^^^^^^^^^^^^^^^^^^^^^^
  File "C:\Users\solly\AppData\Local\Programs\Python\Python312\Lib\tkinter\__init__.py", line 1712, in _configure
    self.tk.call(_flatten((self._w, cmd)) + self._options(cnf))
_tkinter.TclError: invalid command name ".!navigationtoolbar2tk.!button2"
Traceback (most recent call last):
  File "C:\Users\solly\AppData\Local\Programs\Python\Python312\Lib\site-packages\matplotlib\cbook.py", line 298, in process
    func(*args, **kwargs)
  File "C:\Users\solly\AppData\Local\Programs\Python\Python312\Lib\site-packages\matplotlib\figure.py", line 3237, in <lambda>
    self._axobservers.connect("_axes_change_event", lambda arg: func(arg))
                                                                ^^^^^^^^^
  File "C:\Users\solly\AppData\Local\Programs\Python\Python312\Lib\site-packages\matplotlib\backend_bases.py", line 2671, in notify_axes_change
    self.toolbar.update()
  File "C:\Users\solly\AppData\Local\Programs\Python\Python312\Lib\site-packages\matplotlib\backend_bases.py", line 3267, in update
    self.set_history_buttons()
  File "C:\Users\solly\AppData\Local\Programs\Python\Python312\Lib\site-packages\matplotlib\backends\_backend_tk.py", line 893, in set_history_buttons
    self._buttons['Back']['state'] = state_map[can_back]
    ~~~~~~~~~~~~~~~~~~~~~^^^^^^^^^
  File "C:\Users\solly\AppData\Local\Programs\Python\Python312\Lib\tkinter\__init__.py", line 1733, in __setitem__
    self.configure({key: value})
  File "C:\Users\solly\AppData\Local\Programs\Python\Python312\Lib\tkinter\__init__.py", line 1722, in configure
    return self._configure('configure', cnf, kw)
           ^^^^^^^^^^^^^^^^^^^^^^^^^^^^^^^^^^^^^
  File "C:\Users\solly\AppData\Local\Programs\Python\Python312\Lib\tkinter\__init__.py", line 1712, in _configure
    self.tk.call(_flatten((self._w, cmd)) + self._options(cnf))
_tkinter.TclError: invalid command name ".!navigationtoolbar2tk.!button2"
Traceback (most recent call last):
  File "C:\Users\solly\AppData\Local\Programs\Python\Python312\Lib\site-packages\matplotlib\cbook.py", line 298, in process
    func(*args, **kwargs)
  File "C:\Users\solly\AppData\Local\Programs\Python\Python312\Lib\site-packages\matplotlib\figure.py", line 3237, in <lambda>
    self._axobservers.connect("_axes_change_event", lambda arg: func(arg))
                                                                ^^^^^^^^^
  File "C:\Users\solly\AppData\Local\Programs\Python\Python312\Lib\site-packages\matplotlib\backend_bases.py", line 2671, in notify_axes_change
    self.toolbar.update()
  File "C:\Users\solly\AppData\Local\Programs\Python\Python312\Lib\site-packages\matplotlib\backend_bases.py", line 3267, in update
    self.set_history_buttons()
  File "C:\Users\solly\AppData\Local\Programs\Python\Python312\Lib\site-packages\matplotlib\backends\_backend_tk.py", line 893, in set_history_buttons
    self._buttons['Back']['state'] = state_map[can_back]
    ~~~~~~~~~~~~~~~~~~~~~^^^^^^^^^
  File "C:\Users\solly\AppData\Local\Programs\Python\Python312\Lib\tkinter\__init__.py", line 1733, in __setitem__
    self.configure({key: value})
  File "C:\Users\solly\AppData\Local\Programs\Python\Python312\Lib\tkinter\__init__.py", line 1722, in configure
    return self._configure('configure', cnf, kw)
           ^^^^^^^^^^^^^^^^^^^^^^^^^^^^^^^^^^^^^
  File "C:\Users\solly\AppData\Local\Programs\Python\Python312\Lib\tkinter\__init__.py", line 1712, in _configure
    self.tk.call(_flatten((self._w, cmd)) + self._options(cnf))
_tkinter.TclError: invalid command name ".!navigationtoolbar2tk.!button2"
Traceback (most recent call last):
  File "C:\Users\solly\AppData\Local\Programs\Python\Python312\Lib\site-packages\matplotlib\backend_bases.py", line 2671, in notify_axes_change
    self.toolbar.update()
  File "C:\Users\solly\AppData\Local\Programs\Python\Python312\Lib\site-packages\matplotlib\backend_bases.py", line 3267, in update
    self.set_history_buttons()
  File "C:\Users\solly\AppData\Local\Programs\Python\Python312\Lib\site-packages\matplotlib\backends\_backend_tk.py", line 893, in set_history_buttons
    self._buttons['Back']['state'] = state_map[can_back]
    ~~~~~~~~~~~~~~~~~~~~~^^^^^^^^^
  File "C:\Users\solly\AppData\Local\Programs\Python\Python312\Lib\tkinter\__init__.py", line 1733, in __setitem__
    self.configure({key: value})
  File "C:\Users\solly\AppData\Local\Programs\Python\Python312\Lib\tkinter\__init__.py", line 1722, in configure
    return self._configure('configure', cnf, kw)
           ^^^^^^^^^^^^^^^^^^^^^^^^^^^^^^^^^^^^^
  File "C:\Users\solly\AppData\Local\Programs\Python\Python312\Lib\tkinter\__init__.py", line 1712, in _configure
    self.tk.call(_flatten((self._w, cmd)) + self._options(cnf))
_tkinter.TclError: invalid command name ".!navigationtoolbar2tk.!button2"
  File "C:\Users\solly\AppData\Local\Programs\Python\Python312\Lib\site-packages\matplotlib\cbook.py", line 298, in process
    func(*args, **kwargs)
  File "C:\Users\solly\AppData\Local\Programs\Python\Python312\Lib\site-packages\matplotlib\figure.py", line 3237, in <lambda>
    self._axobservers.connect("_axes_change_event", lambda arg: func(arg))
                                                                ^^^^^^^^^
  File "C:\Users\solly\AppData\Local\Programs\Python\Python312\Lib\site-packages\matplotlib\backend_bases.py", line 2671, in notify_axes_change
    self.toolbar.update()
Traceback (most recent call last):
  File "C:\Users\solly\AppData\Local\Programs\Python\Python312\Lib\site-packages\matplotlib\cbook.py", line 298, in process
    func(*args, **kwargs)
  File "C:\Users\solly\AppData\Local\Programs\Python\Python312\Lib\site-packages\matplotlib\figure.py", line 3237, in <lambda>
    self._axobservers.connect("_axes_change_event", lambda arg: func(arg))
                                                                ^^^^^^^^^
  File "C:\Users\solly\AppData\Local\Programs\Python\Python312\Lib\site-packages\matplotlib\backend_bases.py", line 3267, in update
    self.set_history_buttons()
  File "C:\Users\solly\AppData\Local\Programs\Python\Python312\Lib\site-packages\matplotlib\backends\_backend_tk.py", line 893, in set_history_buttons
    self._buttons['Back']['state'] = state_map[can_back]
    ~~~~~~~~~~~~~~~~~~~~~^^^^^^^^^
  File "C:\Users\solly\AppData\Local\Programs\Python\Python312\Lib\tkinter\__init__.py", line 1733, in __setitem__
    self.configure({key: value})
  File "C:\Users\solly\AppData\Local\Programs\Python\Python312\Lib\tkinter\__init__.py", line 1722, in configure
    return self._configure('configure', cnf, kw)
           ^^^^^^^^^^^^^^^^^^^^^^^^^^^^^^^^^^^^^
  File "C:\Users\solly\AppData\Local\Programs\Python\Python312\Lib\tkinter\__init__.py", line 1712, in _configure
    self.tk.call(_flatten((self._w, cmd)) + self._options(cnf))
_tkinter.TclError: invalid command name ".!navigationtoolbar2tk.!button2"
Traceback (most recent call last):
  File "C:\Users\solly\AppData\Local\Programs\Python\Python312\Lib\tkinter\__init__.py", line 1712, in _configure
    self.tk.call(_flatten((self._w, cmd)) + self._options(cnf))
_tkinter.TclError: invalid command name ".!navigationtoolbar2tk.!button2"
  File "C:\Users\solly\AppData\Local\Programs\Python\Python312\Lib\site-packages\matplotlib\cbook.py", line 298, in process
    func(*args, **kwargs)
  File "C:\Users\solly\AppData\Local\Programs\Python\Python312\Lib\site-packages\matplotlib\figure.py", line 3237, in <lambda>
    self._axobservers.connect("_axes_change_event", lambda arg: func(arg))
                                                                ^^^^^^^^^
  File "C:\Users\solly\AppData\Local\Programs\Python\Python312\Lib\site-packages\matplotlib\backend_bases.py", line 2671, in notify_axes_change
    self.toolbar.update()
  File "C:\Users\solly\AppData\Local\Programs\Python\Python312\Lib\site-packages\matplotlib\backend_bases.py", line 3267, in update
    self.set_history_buttons()
  File "C:\Users\solly\AppData\Local\Programs\Python\Python312\Lib\site-packages\matplotlib\backends\_backend_tk.py", line 893, in set_history_buttons
    self._buttons['Back']['state'] = state_map[can_back]
    ~~~~~~~~~~~~~~~~~~~~~^^^^^^^^^
  File "C:\Users\solly\AppData\Local\Programs\Python\Python312\Lib\tkinter\__init__.py", line 1733, in __setitem__
    self.configure({key: value})
  File "C:\Users\solly\AppData\Local\Programs\Python\Python312\Lib\tkinter\__init__.py", line 1722, in configure
    return self._configure('configure', cnf, kw)
           ^^^^^^^^^^^^^^^^^^^^^^^^^^^^^^^^^^^^^
Traceback (most recent call last):
  File "C:\Users\solly\AppData\Local\Programs\Python\Python312\Lib\site-packages\matplotlib\cbook.py", line 298, in process
    func(*args, **kwargs)
  File "C:\Users\solly\AppData\Local\Programs\Python\Python312\Lib\site-packages\matplotlib\figure.py", line 3237, in <lambda>
    self._axobservers.connect("_axes_change_event", lambda arg: func(arg))
                                                                ^^^^^^^^^
  File "C:\Users\solly\AppData\Local\Programs\Python\Python312\Lib\site-packages\matplotlib\backend_bases.py", line 2671, in notify_axes_change
    self.toolbar.update()
  File "C:\Users\solly\AppData\Local\Programs\Python\Python312\Lib\site-packages\matplotlib\backend_bases.py", line 3267, in update
    self.set_history_buttons()
  File "C:\Users\solly\AppData\Local\Programs\Python\Python312\Lib\site-packages\matplotlib\backends\_backend_tk.py", line 893, in set_history_buttons
    self._buttons['Back']['state'] = state_map[can_back]
    ~~~~~~~~~~~~~~~~~~~~~^^^^^^^^^
  File "C:\Users\solly\AppData\Local\Programs\Python\Python312\Lib\tkinter\__init__.py", line 1733, in __setitem__
    self.configure({key: value})
  File "C:\Users\solly\AppData\Local\Programs\Python\Python312\Lib\tkinter\__init__.py", line 1722, in configure
    return self._configure('configure', cnf, kw)
           ^^^^^^^^^^^^^^^^^^^^^^^^^^^^^^^^^^^^^
  File "C:\Users\solly\AppData\Local\Programs\Python\Python312\Lib\tkinter\__init__.py", line 1712, in _configure
    self.tk.call(_flatten((self._w, cmd)) + self._options(cnf))
_tkinter.TclError: invalid command name ".!navigationtoolbar2tk.!button2"
Traceback (most recent call last):
  File "C:\Users\solly\AppData\Local\Programs\Python\Python312\Lib\site-packages\matplotlib\cbook.py", line 298, in process
    func(*args, **kwargs)
  File "C:\Users\solly\AppData\Local\Programs\Python\Python312\Lib\site-packages\matplotlib\figure.py", line 3237, in <lambda>
    self._axobservers.connect("_axes_change_event", lambda arg: func(arg))
                                                                ^^^^^^^^^
  File "C:\Users\solly\AppData\Local\Programs\Python\Python312\Lib\site-packages\matplotlib\backend_bases.py", line 2671, in notify_axes_change
    self.toolbar.update()
  File "C:\Users\solly\AppData\Local\Programs\Python\Python312\Lib\site-packages\matplotlib\backend_bases.py", line 3267, in update
    self.set_history_buttons()
  File "C:\Users\solly\AppData\Local\Programs\Python\Python312\Lib\site-packages\matplotlib\backends\_backend_tk.py", line 893, in set_history_buttons
    self._buttons['Back']['state'] = state_map[can_back]
    ~~~~~~~~~~~~~~~~~~~~~^^^^^^^^^
  File "C:\Users\solly\AppData\Local\Programs\Python\Python312\Lib\tkinter\__init__.py", line 1733, in __setitem__
    self.configure({key: value})
  File "C:\Users\solly\AppData\Local\Programs\Python\Python312\Lib\tkinter\__init__.py", line 1722, in configure
    return self._configure('configure', cnf, kw)
           ^^^^^^^^^^^^^^^^^^^^^^^^^^^^^^^^^^^^^
  File "C:\Users\solly\AppData\Local\Programs\Python\Python312\Lib\tkinter\__init__.py", line 1712, in _configure
    self.tk.call(_flatten((self._w, cmd)) + self._options(cnf))
_tkinter.TclError: invalid command name ".!navigationtoolbar2tk.!button2"
Traceback (most recent call last):
Traceback (most recent call last):
  File "C:\Users\solly\AppData\Local\Programs\Python\Python312\Lib\site-packages\matplotlib\cbook.py", line 298, in process
    func(*args, **kwargs)
  File "C:\Users\solly\AppData\Local\Programs\Python\Python312\Lib\site-packages\matplotlib\figure.py", line 3237, in <lambda>
    self._axobservers.connect("_axes_change_event", lambda arg: func(arg))
                                                                ^^^^^^^^^
  File "C:\Users\solly\AppData\Local\Programs\Python\Python312\Lib\site-packages\matplotlib\backend_bases.py", line 2671, in notify_axes_change
    self.toolbar.update()
  File "C:\Users\solly\AppData\Local\Programs\Python\Python312\Lib\site-packages\matplotlib\backend_bases.py", line 3267, in update
    self.set_history_buttons()
  File "C:\Users\solly\AppData\Local\Programs\Python\Python312\Lib\site-packages\matplotlib\backends\_backend_tk.py", line 893, in set_history_buttons
    self._buttons['Back']['state'] = state_map[can_back]
    ~~~~~~~~~~~~~~~~~~~~~^^^^^^^^^
  File "C:\Users\solly\AppData\Local\Programs\Python\Python312\Lib\tkinter\__init__.py", line 1733, in __setitem__
    self.configure({key: value})
  File "C:\Users\solly\AppData\Local\Programs\Python\Python312\Lib\tkinter\__init__.py", line 1722, in configure
    return self._configure('configure', cnf, kw)
           ^^^^^^^^^^^^^^^^^^^^^^^^^^^^^^^^^^^^^
  File "C:\Users\solly\AppData\Local\Programs\Python\Python312\Lib\tkinter\__init__.py", line 1712, in _configure
    self.tk.call(_flatten((self._w, cmd)) + self._options(cnf))
_tkinter.TclError: invalid command name ".!navigationtoolbar2tk.!button2"
  File "C:\Users\solly\AppData\Local\Programs\Python\Python312\Lib\site-packages\matplotlib\cbook.py", line 298, in process
    func(*args, **kwargs)
  File "C:\Users\solly\AppData\Local\Programs\Python\Python312\Lib\site-packages\matplotlib\figure.py", line 3237, in <lambda>
    self._axobservers.connect("_axes_change_event", lambda arg: func(arg))
                                                                ^^^^^^^^^
  File "C:\Users\solly\AppData\Local\Programs\Python\Python312\Lib\site-packages\matplotlib\backend_bases.py", line 2671, in notify_axes_change
    self.toolbar.update()
  File "C:\Users\solly\AppData\Local\Programs\Python\Python312\Lib\site-packages\matplotlib\backend_bases.py", line 3267, in update
    self.set_history_buttons()
  File "C:\Users\solly\AppData\Local\Programs\Python\Python312\Lib\site-packages\matplotlib\backends\_backend_tk.py", line 893, in set_history_buttons
    self._buttons['Back']['state'] = state_map[can_back]
    ~~~~~~~~~~~~~~~~~~~~~^^^^^^^^^
  File "C:\Users\solly\AppData\Local\Programs\Python\Python312\Lib\tkinter\__init__.py", line 1733, in __setitem__
    self.configure({key: value})
  File "C:\Users\solly\AppData\Local\Programs\Python\Python312\Lib\tkinter\__init__.py", line 1722, in configure
    return self._configure('configure', cnf, kw)
           ^^^^^^^^^^^^^^^^^^^^^^^^^^^^^^^^^^^^^
  File "C:\Users\solly\AppData\Local\Programs\Python\Python312\Lib\tkinter\__init__.py", line 1712, in _configure
    self.tk.call(_flatten((self._w, cmd)) + self._options(cnf))
_tkinter.TclError: invalid command name ".!navigationtoolbar2tk.!button2"
  File "C:\Users\solly\AppData\Local\Programs\Python\Python312\Lib\site-packages\matplotlib\cbook.py", line 298, in process
    func(*args, **kwargs)
  File "C:\Users\solly\AppData\Local\Programs\Python\Python312\Lib\site-packages\matplotlib\figure.py", line 3237, in <lambda>
    self._axobservers.connect("_axes_change_event", lambda arg: func(arg))
                                                                ^^^^^^^^^
  File "C:\Users\solly\AppData\Local\Programs\Python\Python312\Lib\site-packages\matplotlib\backend_bases.py", line 2671, in notify_axes_change
    self.toolbar.update()
  File "C:\Users\solly\AppData\Local\Programs\Python\Python312\Lib\site-packages\matplotlib\backend_bases.py", line 3267, in update
    self.set_history_buttons()
  File "C:\Users\solly\AppData\Local\Programs\Python\Python312\Lib\site-packages\matplotlib\backends\_backend_tk.py", line 893, in set_history_buttons
    self._buttons['Back']['state'] = state_map[can_back]
    ~~~~~~~~~~~~~~~~~~~~~^^^^^^^^^
  File "C:\Users\solly\AppData\Local\Programs\Python\Python312\Lib\tkinter\__init__.py", line 1733, in __setitem__
    self.configure({key: value})
  File "C:\Users\solly\AppData\Local\Programs\Python\Python312\Lib\tkinter\__init__.py", line 1722, in configure
    return self._configure('configure', cnf, kw)
           ^^^^^^^^^^^^^^^^^^^^^^^^^^^^^^^^^^^^^
  File "C:\Users\solly\AppData\Local\Programs\Python\Python312\Lib\tkinter\__init__.py", line 1712, in _configure
    self.tk.call(_flatten((self._w, cmd)) + self._options(cnf))
_tkinter.TclError: invalid command name ".!navigationtoolbar2tk.!button2"
Traceback (most recent call last):
Traceback (most recent call last):
  File "C:\Users\solly\AppData\Local\Programs\Python\Python312\Lib\site-packages\matplotlib\cbook.py", line 298, in process
    func(*args, **kwargs)
  File "C:\Users\solly\AppData\Local\Programs\Python\Python312\Lib\site-packages\matplotlib\figure.py", line 3237, in <lambda>
    self._axobservers.connect("_axes_change_event", lambda arg: func(arg))
                                                                ^^^^^^^^^
  File "C:\Users\solly\AppData\Local\Programs\Python\Python312\Lib\site-packages\matplotlib\backend_bases.py", line 2671, in notify_axes_change
    self.toolbar.update()
  File "C:\Users\solly\AppData\Local\Programs\Python\Python312\Lib\site-packages\matplotlib\backend_bases.py", line 3267, in update
    self.set_history_buttons()
  File "C:\Users\solly\AppData\Local\Programs\Python\Python312\Lib\site-packages\matplotlib\backends\_backend_tk.py", line 893, in set_history_buttons
    self._buttons['Back']['state'] = state_map[can_back]
    ~~~~~~~~~~~~~~~~~~~~~^^^^^^^^^
  File "C:\Users\solly\AppData\Local\Programs\Python\Python312\Lib\tkinter\__init__.py", line 1733, in __setitem__
    self.configure({key: value})
  File "C:\Users\solly\AppData\Local\Programs\Python\Python312\Lib\tkinter\__init__.py", line 1722, in configure
    return self._configure('configure', cnf, kw)
           ^^^^^^^^^^^^^^^^^^^^^^^^^^^^^^^^^^^^^
  File "C:\Users\solly\AppData\Local\Programs\Python\Python312\Lib\tkinter\__init__.py", line 1712, in _configure
    self.tk.call(_flatten((self._w, cmd)) + self._options(cnf))
_tkinter.TclError: invalid command name ".!navigationtoolbar2tk.!button2"
Traceback (most recent call last):
  File "C:\Users\solly\AppData\Local\Programs\Python\Python312\Lib\site-packages\matplotlib\cbook.py", line 298, in process
    func(*args, **kwargs)
  File "C:\Users\solly\AppData\Local\Programs\Python\Python312\Lib\site-packages\matplotlib\figure.py", line 3237, in <lambda>
    self._axobservers.connect("_axes_change_event", lambda arg: func(arg))
                                                                ^^^^^^^^^
  File "C:\Users\solly\AppData\Local\Programs\Python\Python312\Lib\site-packages\matplotlib\backend_bases.py", line 2671, in notify_axes_change
    self.toolbar.update()
  File "C:\Users\solly\AppData\Local\Programs\Python\Python312\Lib\site-packages\matplotlib\backend_bases.py", line 3267, in update
    self.set_history_buttons()
  File "C:\Users\solly\AppData\Local\Programs\Python\Python312\Lib\site-packages\matplotlib\backends\_backend_tk.py", line 893, in set_history_buttons
    self._buttons['Back']['state'] = state_map[can_back]
    ~~~~~~~~~~~~~~~~~~~~~^^^^^^^^^
  File "C:\Users\solly\AppData\Local\Programs\Python\Python312\Lib\tkinter\__init__.py", line 1733, in __setitem__
    self.configure({key: value})
  File "C:\Users\solly\AppData\Local\Programs\Python\Python312\Lib\tkinter\__init__.py", line 1722, in configure
    return self._configure('configure', cnf, kw)
           ^^^^^^^^^^^^^^^^^^^^^^^^^^^^^^^^^^^^^
  File "C:\Users\solly\AppData\Local\Programs\Python\Python312\Lib\tkinter\__init__.py", line 1712, in _configure
    self.tk.call(_flatten((self._w, cmd)) + self._options(cnf))
_tkinter.TclError: invalid command name ".!navigationtoolbar2tk.!button2"
Traceback (most recent call last):
_tkinter.TclError: invalid command name ".!navigationtoolbar2tk.!button2"
  File "C:\Users\solly\AppData\Local\Programs\Python\Python312\Lib\site-packages\matplotlib\cbook.py", line 298, in process
    func(*args, **kwargs)
  File "C:\Users\solly\AppData\Local\Programs\Python\Python312\Lib\site-packages\matplotlib\figure.py", line 3237, in <lambda>
    self._axobservers.connect("_axes_change_event", lambda arg: func(arg))
                                                                ^^^^^^^^^
  File "C:\Users\solly\AppData\Local\Programs\Python\Python312\Lib\site-packages\matplotlib\backend_bases.py", line 2671, in notify_axes_change
    self.toolbar.update()
  File "C:\Users\solly\AppData\Local\Programs\Python\Python312\Lib\site-packages\matplotlib\backend_bases.py", line 3267, in update
    self.set_history_buttons()
  File "C:\Users\solly\AppData\Local\Programs\Python\Python312\Lib\site-packages\matplotlib\backends\_backend_tk.py", line 893, in set_history_buttons
    self._buttons['Back']['state'] = state_map[can_back]
    ~~~~~~~~~~~~~~~~~~~~~^^^^^^^^^
  File "C:\Users\solly\AppData\Local\Programs\Python\Python312\Lib\tkinter\__init__.py", line 1733, in __setitem__
    self.configure({key: value})
  File "C:\Users\solly\AppData\Local\Programs\Python\Python312\Lib\tkinter\__init__.py", line 1722, in configure
    return self._configure('configure', cnf, kw)
           ^^^^^^^^^^^^^^^^^^^^^^^^^^^^^^^^^^^^^
  File "C:\Users\solly\AppData\Local\Programs\Python\Python312\Lib\tkinter\__init__.py", line 1712, in _configure
    self.tk.call(_flatten((self._w, cmd)) + self._options(cnf))
Traceback (most recent call last):
  File "C:\Users\solly\AppData\Local\Programs\Python\Python312\Lib\site-packages\matplotlib\cbook.py", line 298, in process
    func(*args, **kwargs)
  File "C:\Users\solly\AppData\Local\Programs\Python\Python312\Lib\site-packages\matplotlib\figure.py", line 3237, in <lambda>
    self._axobservers.connect("_axes_change_event", lambda arg: func(arg))
                                                                ^^^^^^^^^
  File "C:\Users\solly\AppData\Local\Programs\Python\Python312\Lib\site-packages\matplotlib\backend_bases.py", line 2671, in notify_axes_change
    self.toolbar.update()
  File "C:\Users\solly\AppData\Local\Programs\Python\Python312\Lib\site-packages\matplotlib\backend_bases.py", line 3267, in update
    self.set_history_buttons()
  File "C:\Users\solly\AppData\Local\Programs\Python\Python312\Lib\site-packages\matplotlib\backends\_backend_tk.py", line 893, in set_history_buttons
    self._buttons['Back']['state'] = state_map[can_back]
    ~~~~~~~~~~~~~~~~~~~~~^^^^^^^^^
  File "C:\Users\solly\AppData\Local\Programs\Python\Python312\Lib\tkinter\__init__.py", line 1733, in __setitem__
    self.configure({key: value})
  File "C:\Users\solly\AppData\Local\Programs\Python\Python312\Lib\tkinter\__init__.py", line 1722, in configure
    return self._configure('configure', cnf, kw)
           ^^^^^^^^^^^^^^^^^^^^^^^^^^^^^^^^^^^^^
  File "C:\Users\solly\AppData\Local\Programs\Python\Python312\Lib\tkinter\__init__.py", line 1712, in _configure
    self.tk.call(_flatten((self._w, cmd)) + self._options(cnf))
_tkinter.TclError: invalid command name ".!navigationtoolbar2tk.!button2"
Traceback (most recent call last):
  File "C:\Users\solly\AppData\Local\Programs\Python\Python312\Lib\site-packages\matplotlib\cbook.py", line 298, in process
    func(*args, **kwargs)
  File "C:\Users\solly\AppData\Local\Programs\Python\Python312\Lib\site-packages\matplotlib\figure.py", line 3237, in <lambda>
    self._axobservers.connect("_axes_change_event", lambda arg: func(arg))
                                                                ^^^^^^^^^
  File "C:\Users\solly\AppData\Local\Programs\Python\Python312\Lib\site-packages\matplotlib\backend_bases.py", line 2671, in notify_axes_change
    self.toolbar.update()
  File "C:\Users\solly\AppData\Local\Programs\Python\Python312\Lib\site-packages\matplotlib\backend_bases.py", line 3267, in update
    self.set_history_buttons()
  File "C:\Users\solly\AppData\Local\Programs\Python\Python312\Lib\site-packages\matplotlib\backends\_backend_tk.py", line 893, in set_history_buttons
    self._buttons['Back']['state'] = state_map[can_back]
    ~~~~~~~~~~~~~~~~~~~~~^^^^^^^^^
  File "C:\Users\solly\AppData\Local\Programs\Python\Python312\Lib\tkinter\__init__.py", line 1733, in __setitem__
    self.configure({key: value})
  File "C:\Users\solly\AppData\Local\Programs\Python\Python312\Lib\tkinter\__init__.py", line 1722, in configure
    return self._configure('configure', cnf, kw)
           ^^^^^^^^^^^^^^^^^^^^^^^^^^^^^^^^^^^^^
  File "C:\Users\solly\AppData\Local\Programs\Python\Python312\Lib\tkinter\__init__.py", line 1712, in _configure
    self.tk.call(_flatten((self._w, cmd)) + self._options(cnf))
_tkinter.TclError: invalid command name ".!navigationtoolbar2tk.!button2"
Traceback (most recent call last):
  File "C:\Users\solly\AppData\Local\Programs\Python\Python312\Lib\site-packages\matplotlib\cbook.py", line 298, in process
    func(*args, **kwargs)
  File "C:\Users\solly\AppData\Local\Programs\Python\Python312\Lib\site-packages\matplotlib\figure.py", line 3237, in <lambda>
    self._axobservers.connect("_axes_change_event", lambda arg: func(arg))
                                                                ^^^^^^^^^
  File "C:\Users\solly\AppData\Local\Programs\Python\Python312\Lib\site-packages\matplotlib\backend_bases.py", line 2671, in notify_axes_change
    self.toolbar.update()
  File "C:\Users\solly\AppData\Local\Programs\Python\Python312\Lib\site-packages\matplotlib\backend_bases.py", line 3267, in update
    self.set_history_buttons()
  File "C:\Users\solly\AppData\Local\Programs\Python\Python312\Lib\site-packages\matplotlib\backends\_backend_tk.py", line 893, in set_history_buttons
    self._buttons['Back']['state'] = state_map[can_back]
    ~~~~~~~~~~~~~~~~~~~~~^^^^^^^^^
  File "C:\Users\solly\AppData\Local\Programs\Python\Python312\Lib\tkinter\__init__.py", line 1733, in __setitem__
    self.configure({key: value})
  File "C:\Users\solly\AppData\Local\Programs\Python\Python312\Lib\tkinter\__init__.py", line 1722, in configure
    return self._configure('configure', cnf, kw)
           ^^^^^^^^^^^^^^^^^^^^^^^^^^^^^^^^^^^^^
  File "C:\Users\solly\AppData\Local\Programs\Python\Python312\Lib\tkinter\__init__.py", line 1712, in _configure
    self.tk.call(_flatten((self._w, cmd)) + self._options(cnf))
_tkinter.TclError: invalid command name ".!navigationtoolbar2tk.!button2"
  File "C:\Users\solly\AppData\Local\Programs\Python\Python312\Lib\site-packages\matplotlib\cbook.py", line 298, in process
    func(*args, **kwargs)
  File "C:\Users\solly\AppData\Local\Programs\Python\Python312\Lib\site-packages\matplotlib\figure.py", line 3237, in <lambda>
    self._axobservers.connect("_axes_change_event", lambda arg: func(arg))
                                                                ^^^^^^^^^
  File "C:\Users\solly\AppData\Local\Programs\Python\Python312\Lib\site-packages\matplotlib\backend_bases.py", line 2671, in notify_axes_change
    self.toolbar.update()
  File "C:\Users\solly\AppData\Local\Programs\Python\Python312\Lib\site-packages\matplotlib\backend_bases.py", line 3267, in update
    self.set_history_buttons()
  File "C:\Users\solly\AppData\Local\Programs\Python\Python312\Lib\site-packages\matplotlib\backends\_backend_tk.py", line 893, in set_history_buttons
    self._buttons['Back']['state'] = state_map[can_back]
    ~~~~~~~~~~~~~~~~~~~~~^^^^^^^^^
  File "C:\Users\solly\AppData\Local\Programs\Python\Python312\Lib\tkinter\__init__.py", line 1733, in __setitem__
    self.configure({key: value})
  File "C:\Users\solly\AppData\Local\Programs\Python\Python312\Lib\tkinter\__init__.py", line 1722, in configure
    return self._configure('configure', cnf, kw)
           ^^^^^^^^^^^^^^^^^^^^^^^^^^^^^^^^^^^^^
  File "C:\Users\solly\AppData\Local\Programs\Python\Python312\Lib\tkinter\__init__.py", line 1712, in _configure
    self.tk.call(_flatten((self._w, cmd)) + self._options(cnf))
_tkinter.TclError: invalid command name ".!navigationtoolbar2tk.!button2"
Traceback (most recent call last):
  File "C:\Users\solly\AppData\Local\Programs\Python\Python312\Lib\site-packages\matplotlib\cbook.py", line 298, in process
    func(*args, **kwargs)
  File "C:\Users\solly\AppData\Local\Programs\Python\Python312\Lib\site-packages\matplotlib\figure.py", line 3237, in <lambda>
    self._axobservers.connect("_axes_change_event", lambda arg: func(arg))
                                                                ^^^^^^^^^
  File "C:\Users\solly\AppData\Local\Programs\Python\Python312\Lib\site-packages\matplotlib\backend_bases.py", line 2671, in notify_axes_change
    self.toolbar.update()
  File "C:\Users\solly\AppData\Local\Programs\Python\Python312\Lib\site-packages\matplotlib\backend_bases.py", line 3267, in update
    self.set_history_buttons()
  File "C:\Users\solly\AppData\Local\Programs\Python\Python312\Lib\site-packages\matplotlib\backends\_backend_tk.py", line 893, in set_history_buttons
    self._buttons['Back']['state'] = state_map[can_back]
    ~~~~~~~~~~~~~~~~~~~~~^^^^^^^^^
  File "C:\Users\solly\AppData\Local\Programs\Python\Python312\Lib\tkinter\__init__.py", line 1733, in __setitem__
    self.configure({key: value})
  File "C:\Users\solly\AppData\Local\Programs\Python\Python312\Lib\tkinter\__init__.py", line 1722, in configure
    return self._configure('configure', cnf, kw)
           ^^^^^^^^^^^^^^^^^^^^^^^^^^^^^^^^^^^^^
  File "C:\Users\solly\AppData\Local\Programs\Python\Python312\Lib\tkinter\__init__.py", line 1712, in _configure
    self.tk.call(_flatten((self._w, cmd)) + self._options(cnf))
_tkinter.TclError: invalid command name ".!navigationtoolbar2tk.!button2"
Traceback (most recent call last):
  File "C:\Users\solly\AppData\Local\Programs\Python\Python312\Lib\site-packages\matplotlib\cbook.py", line 298, in process
    func(*args, **kwargs)
  File "C:\Users\solly\AppData\Local\Programs\Python\Python312\Lib\site-packages\matplotlib\figure.py", line 3237, in <lambda>
    self._axobservers.connect("_axes_change_event", lambda arg: func(arg))
                                                                ^^^^^^^^^
  File "C:\Users\solly\AppData\Local\Programs\Python\Python312\Lib\site-packages\matplotlib\backend_bases.py", line 2671, in notify_axes_change
    self.toolbar.update()
  File "C:\Users\solly\AppData\Local\Programs\Python\Python312\Lib\site-packages\matplotlib\backend_bases.py", line 3267, in update
    self.set_history_buttons()
  File "C:\Users\solly\AppData\Local\Programs\Python\Python312\Lib\site-packages\matplotlib\backends\_backend_tk.py", line 893, in set_history_buttons
    self._buttons['Back']['state'] = state_map[can_back]
    ~~~~~~~~~~~~~~~~~~~~~^^^^^^^^^
  File "C:\Users\solly\AppData\Local\Programs\Python\Python312\Lib\tkinter\__init__.py", line 1733, in __setitem__
    self.configure({key: value})
  File "C:\Users\solly\AppData\Local\Programs\Python\Python312\Lib\tkinter\__init__.py", line 1722, in configure
    return self._configure('configure', cnf, kw)
           ^^^^^^^^^^^^^^^^^^^^^^^^^^^^^^^^^^^^^
  File "C:\Users\solly\AppData\Local\Programs\Python\Python312\Lib\tkinter\__init__.py", line 1712, in _configure
    self.tk.call(_flatten((self._w, cmd)) + self._options(cnf))
_tkinter.TclError: invalid command name ".!navigationtoolbar2tk.!button2"
Traceback (most recent call last):
Traceback (most recent call last):
  File "C:\Users\solly\AppData\Local\Programs\Python\Python312\Lib\site-packages\matplotlib\backends\_backend_tk.py", line 893, in set_history_buttons
    self._buttons['Back']['state'] = state_map[can_back]
    ~~~~~~~~~~~~~~~~~~~~~^^^^^^^^^
  File "C:\Users\solly\AppData\Local\Programs\Python\Python312\Lib\tkinter\__init__.py", line 1733, in __setitem__
    self.configure({key: value})
  File "C:\Users\solly\AppData\Local\Programs\Python\Python312\Lib\tkinter\__init__.py", line 1722, in configure
    return self._configure('configure', cnf, kw)
           ^^^^^^^^^^^^^^^^^^^^^^^^^^^^^^^^^^^^^
  File "C:\Users\solly\AppData\Local\Programs\Python\Python312\Lib\tkinter\__init__.py", line 1712, in _configure
    self.tk.call(_flatten((self._w, cmd)) + self._options(cnf))
_tkinter.TclError: invalid command name ".!navigationtoolbar2tk.!button2"
  File "C:\Users\solly\AppData\Local\Programs\Python\Python312\Lib\site-packages\matplotlib\cbook.py", line 298, in process
    func(*args, **kwargs)
  File "C:\Users\solly\AppData\Local\Programs\Python\Python312\Lib\site-packages\matplotlib\figure.py", line 3237, in <lambda>
    self._axobservers.connect("_axes_change_event", lambda arg: func(arg))
                                                                ^^^^^^^^^
  File "C:\Users\solly\AppData\Local\Programs\Python\Python312\Lib\site-packages\matplotlib\backend_bases.py", line 2671, in notify_axes_change
    self.toolbar.update()
  File "C:\Users\solly\AppData\Local\Programs\Python\Python312\Lib\site-packages\matplotlib\backend_bases.py", line 3267, in update
    self.set_history_buttons()
Traceback (most recent call last):
  File "C:\Users\solly\AppData\Local\Programs\Python\Python312\Lib\site-packages\matplotlib\cbook.py", line 298, in process
    func(*args, **kwargs)
  File "C:\Users\solly\AppData\Local\Programs\Python\Python312\Lib\site-packages\matplotlib\figure.py", line 3237, in <lambda>
    self._axobservers.connect("_axes_change_event", lambda arg: func(arg))
                                                                ^^^^^^^^^
  File "C:\Users\solly\AppData\Local\Programs\Python\Python312\Lib\site-packages\matplotlib\backend_bases.py", line 2671, in notify_axes_change
    self.toolbar.update()
  File "C:\Users\solly\AppData\Local\Programs\Python\Python312\Lib\site-packages\matplotlib\backend_bases.py", line 3267, in update
    self.set_history_buttons()
  File "C:\Users\solly\AppData\Local\Programs\Python\Python312\Lib\site-packages\matplotlib\backends\_backend_tk.py", line 893, in set_history_buttons
    self._buttons['Back']['state'] = state_map[can_back]
    ~~~~~~~~~~~~~~~~~~~~~^^^^^^^^^
  File "C:\Users\solly\AppData\Local\Programs\Python\Python312\Lib\tkinter\__init__.py", line 1733, in __setitem__
    self.configure({key: value})
  File "C:\Users\solly\AppData\Local\Programs\Python\Python312\Lib\tkinter\__init__.py", line 1722, in configure
    return self._configure('configure', cnf, kw)
           ^^^^^^^^^^^^^^^^^^^^^^^^^^^^^^^^^^^^^
  File "C:\Users\solly\AppData\Local\Programs\Python\Python312\Lib\tkinter\__init__.py", line 1712, in _configure
    self.tk.call(_flatten((self._w, cmd)) + self._options(cnf))
_tkinter.TclError: invalid command name ".!navigationtoolbar2tk.!button2"
Traceback (most recent call last):
  File "C:\Users\solly\AppData\Local\Programs\Python\Python312\Lib\site-packages\matplotlib\cbook.py", line 298, in process
    func(*args, **kwargs)
  File "C:\Users\solly\AppData\Local\Programs\Python\Python312\Lib\site-packages\matplotlib\figure.py", line 3237, in <lambda>
    self._axobservers.connect("_axes_change_event", lambda arg: func(arg))
                                                                ^^^^^^^^^
  File "C:\Users\solly\AppData\Local\Programs\Python\Python312\Lib\site-packages\matplotlib\backend_bases.py", line 2671, in notify_axes_change
    self.toolbar.update()
  File "C:\Users\solly\AppData\Local\Programs\Python\Python312\Lib\site-packages\matplotlib\backend_bases.py", line 3267, in update
    self.set_history_buttons()
  File "C:\Users\solly\AppData\Local\Programs\Python\Python312\Lib\site-packages\matplotlib\backends\_backend_tk.py", line 893, in set_history_buttons
    self._buttons['Back']['state'] = state_map[can_back]
    ~~~~~~~~~~~~~~~~~~~~~^^^^^^^^^
  File "C:\Users\solly\AppData\Local\Programs\Python\Python312\Lib\tkinter\__init__.py", line 1733, in __setitem__
    self.configure({key: value})
  File "C:\Users\solly\AppData\Local\Programs\Python\Python312\Lib\tkinter\__init__.py", line 1722, in configure
    return self._configure('configure', cnf, kw)
           ^^^^^^^^^^^^^^^^^^^^^^^^^^^^^^^^^^^^^
  File "C:\Users\solly\AppData\Local\Programs\Python\Python312\Lib\tkinter\__init__.py", line 1712, in _configure
    self.tk.call(_flatten((self._w, cmd)) + self._options(cnf))
_tkinter.TclError: invalid command name ".!navigationtoolbar2tk.!button2"
  File "C:\Users\solly\AppData\Local\Programs\Python\Python312\Lib\site-packages\matplotlib\cbook.py", line 298, in process
    func(*args, **kwargs)
  File "C:\Users\solly\AppData\Local\Programs\Python\Python312\Lib\site-packages\matplotlib\figure.py", line 3237, in <lambda>
    self._axobservers.connect("_axes_change_event", lambda arg: func(arg))
                                                                ^^^^^^^^^
  File "C:\Users\solly\AppData\Local\Programs\Python\Python312\Lib\site-packages\matplotlib\backend_bases.py", line 2671, in notify_axes_change
    self.toolbar.update()
  File "C:\Users\solly\AppData\Local\Programs\Python\Python312\Lib\site-packages\matplotlib\backend_bases.py", line 3267, in update
    self.set_history_buttons()
  File "C:\Users\solly\AppData\Local\Programs\Python\Python312\Lib\site-packages\matplotlib\backends\_backend_tk.py", line 893, in set_history_buttons
    self._buttons['Back']['state'] = state_map[can_back]
    ~~~~~~~~~~~~~~~~~~~~~^^^^^^^^^
  File "C:\Users\solly\AppData\Local\Programs\Python\Python312\Lib\tkinter\__init__.py", line 1733, in __setitem__
    self.configure({key: value})
  File "C:\Users\solly\AppData\Local\Programs\Python\Python312\Lib\tkinter\__init__.py", line 1722, in configure
    return self._configure('configure', cnf, kw)
           ^^^^^^^^^^^^^^^^^^^^^^^^^^^^^^^^^^^^^
  File "C:\Users\solly\AppData\Local\Programs\Python\Python312\Lib\tkinter\__init__.py", line 1712, in _configure
    self.tk.call(_flatten((self._w, cmd)) + self._options(cnf))
_tkinter.TclError: invalid command name ".!navigationtoolbar2tk.!button2"
  File "C:\Users\solly\AppData\Local\Programs\Python\Python312\Lib\site-packages\matplotlib\cbook.py", line 298, in process
    func(*args, **kwargs)
  File "C:\Users\solly\AppData\Local\Programs\Python\Python312\Lib\site-packages\matplotlib\figure.py", line 3237, in <lambda>
    self._axobservers.connect("_axes_change_event", lambda arg: func(arg))
                                                                ^^^^^^^^^
  File "C:\Users\solly\AppData\Local\Programs\Python\Python312\Lib\site-packages\matplotlib\backend_bases.py", line 2671, in notify_axes_change
    self.toolbar.update()
  File "C:\Users\solly\AppData\Local\Programs\Python\Python312\Lib\site-packages\matplotlib\backend_bases.py", line 3267, in update
    self.set_history_buttons()
  File "C:\Users\solly\AppData\Local\Programs\Python\Python312\Lib\site-packages\matplotlib\backends\_backend_tk.py", line 893, in set_history_buttons
    self._buttons['Back']['state'] = state_map[can_back]
    ~~~~~~~~~~~~~~~~~~~~~^^^^^^^^^
  File "C:\Users\solly\AppData\Local\Programs\Python\Python312\Lib\tkinter\__init__.py", line 1733, in __setitem__
    self.configure({key: value})
  File "C:\Users\solly\AppData\Local\Programs\Python\Python312\Lib\tkinter\__init__.py", line 1722, in configure
    return self._configure('configure', cnf, kw)
           ^^^^^^^^^^^^^^^^^^^^^^^^^^^^^^^^^^^^^
  File "C:\Users\solly\AppData\Local\Programs\Python\Python312\Lib\tkinter\__init__.py", line 1712, in _configure
    self.tk.call(_flatten((self._w, cmd)) + self._options(cnf))
_tkinter.TclError: invalid command name ".!navigationtoolbar2tk.!button2"
Traceback (most recent call last):
Traceback (most recent call last):
  File "C:\Users\solly\AppData\Local\Programs\Python\Python312\Lib\site-packages\matplotlib\cbook.py", line 298, in process
    func(*args, **kwargs)
  File "C:\Users\solly\AppData\Local\Programs\Python\Python312\Lib\site-packages\matplotlib\figure.py", line 3237, in <lambda>
    self._axobservers.connect("_axes_change_event", lambda arg: func(arg))
                                                                ^^^^^^^^^
  File "C:\Users\solly\AppData\Local\Programs\Python\Python312\Lib\site-packages\matplotlib\backend_bases.py", line 2671, in notify_axes_change
    self.toolbar.update()
  File "C:\Users\solly\AppData\Local\Programs\Python\Python312\Lib\site-packages\matplotlib\backend_bases.py", line 3267, in update
    self.set_history_buttons()
  File "C:\Users\solly\AppData\Local\Programs\Python\Python312\Lib\site-packages\matplotlib\backends\_backend_tk.py", line 893, in set_history_buttons
    self._buttons['Back']['state'] = state_map[can_back]
    ~~~~~~~~~~~~~~~~~~~~~^^^^^^^^^
  File "C:\Users\solly\AppData\Local\Programs\Python\Python312\Lib\tkinter\__init__.py", line 1733, in __setitem__
    self.configure({key: value})
  File "C:\Users\solly\AppData\Local\Programs\Python\Python312\Lib\tkinter\__init__.py", line 1722, in configure
    return self._configure('configure', cnf, kw)
           ^^^^^^^^^^^^^^^^^^^^^^^^^^^^^^^^^^^^^
Traceback (most recent call last):
  File "C:\Users\solly\AppData\Local\Programs\Python\Python312\Lib\tkinter\__init__.py", line 1712, in _configure
    self.tk.call(_flatten((self._w, cmd)) + self._options(cnf))
_tkinter.TclError: invalid command name ".!navigationtoolbar2tk.!button2"
Traceback (most recent call last):
  File "C:\Users\solly\AppData\Local\Programs\Python\Python312\Lib\site-packages\matplotlib\cbook.py", line 298, in process
    func(*args, **kwargs)
  File "C:\Users\solly\AppData\Local\Programs\Python\Python312\Lib\site-packages\matplotlib\figure.py", line 3237, in <lambda>
    self._axobservers.connect("_axes_change_event", lambda arg: func(arg))
                                                                ^^^^^^^^^
  File "C:\Users\solly\AppData\Local\Programs\Python\Python312\Lib\site-packages\matplotlib\backend_bases.py", line 2671, in notify_axes_change
    self.toolbar.update()
  File "C:\Users\solly\AppData\Local\Programs\Python\Python312\Lib\site-packages\matplotlib\backend_bases.py", line 3267, in update
    self.set_history_buttons()
  File "C:\Users\solly\AppData\Local\Programs\Python\Python312\Lib\site-packages\matplotlib\backends\_backend_tk.py", line 893, in set_history_buttons
    self._buttons['Back']['state'] = state_map[can_back]
    ~~~~~~~~~~~~~~~~~~~~~^^^^^^^^^
  File "C:\Users\solly\AppData\Local\Programs\Python\Python312\Lib\tkinter\__init__.py", line 1733, in __setitem__
    self.configure({key: value})
  File "C:\Users\solly\AppData\Local\Programs\Python\Python312\Lib\tkinter\__init__.py", line 1722, in configure
    return self._configure('configure', cnf, kw)
           ^^^^^^^^^^^^^^^^^^^^^^^^^^^^^^^^^^^^^
  File "C:\Users\solly\AppData\Local\Programs\Python\Python312\Lib\tkinter\__init__.py", line 1712, in _configure
    self.tk.call(_flatten((self._w, cmd)) + self._options(cnf))
_tkinter.TclError: invalid command name ".!navigationtoolbar2tk.!button2"
Traceback (most recent call last):
  File "C:\Users\solly\AppData\Local\Programs\Python\Python312\Lib\site-packages\matplotlib\cbook.py", line 298, in process
    func(*args, **kwargs)
  File "C:\Users\solly\AppData\Local\Programs\Python\Python312\Lib\site-packages\matplotlib\figure.py", line 3237, in <lambda>
    self._axobservers.connect("_axes_change_event", lambda arg: func(arg))
                                                                ^^^^^^^^^
  File "C:\Users\solly\AppData\Local\Programs\Python\Python312\Lib\site-packages\matplotlib\backend_bases.py", line 2671, in notify_axes_change
    self.toolbar.update()
  File "C:\Users\solly\AppData\Local\Programs\Python\Python312\Lib\site-packages\matplotlib\backend_bases.py", line 3267, in update
    self.set_history_buttons()
  File "C:\Users\solly\AppData\Local\Programs\Python\Python312\Lib\site-packages\matplotlib\backends\_backend_tk.py", line 893, in set_history_buttons
    self._buttons['Back']['state'] = state_map[can_back]
    ~~~~~~~~~~~~~~~~~~~~~^^^^^^^^^
  File "C:\Users\solly\AppData\Local\Programs\Python\Python312\Lib\tkinter\__init__.py", line 1733, in __setitem__
    self.configure({key: value})
  File "C:\Users\solly\AppData\Local\Programs\Python\Python312\Lib\tkinter\__init__.py", line 1722, in configure
    return self._configure('configure', cnf, kw)
           ^^^^^^^^^^^^^^^^^^^^^^^^^^^^^^^^^^^^^
  File "C:\Users\solly\AppData\Local\Programs\Python\Python312\Lib\tkinter\__init__.py", line 1712, in _configure
    self.tk.call(_flatten((self._w, cmd)) + self._options(cnf))
_tkinter.TclError: invalid command name ".!navigationtoolbar2tk.!button2"
Traceback (most recent call last):
  File "C:\Users\solly\AppData\Local\Programs\Python\Python312\Lib\site-packages\matplotlib\cbook.py", line 298, in process
    func(*args, **kwargs)
  File "C:\Users\solly\AppData\Local\Programs\Python\Python312\Lib\site-packages\matplotlib\figure.py", line 3237, in <lambda>
    self._axobservers.connect("_axes_change_event", lambda arg: func(arg))
                                                                ^^^^^^^^^
  File "C:\Users\solly\AppData\Local\Programs\Python\Python312\Lib\site-packages\matplotlib\backend_bases.py", line 2671, in notify_axes_change
    self.toolbar.update()
  File "C:\Users\solly\AppData\Local\Programs\Python\Python312\Lib\site-packages\matplotlib\backend_bases.py", line 3267, in update
    self.set_history_buttons()
  File "C:\Users\solly\AppData\Local\Programs\Python\Python312\Lib\site-packages\matplotlib\backends\_backend_tk.py", line 893, in set_history_buttons
    self._buttons['Back']['state'] = state_map[can_back]
    ~~~~~~~~~~~~~~~~~~~~~^^^^^^^^^
  File "C:\Users\solly\AppData\Local\Programs\Python\Python312\Lib\tkinter\__init__.py", line 1733, in __setitem__
    self.configure({key: value})
  File "C:\Users\solly\AppData\Local\Programs\Python\Python312\Lib\tkinter\__init__.py", line 1722, in configure
    return self._configure('configure', cnf, kw)
           ^^^^^^^^^^^^^^^^^^^^^^^^^^^^^^^^^^^^^
  File "C:\Users\solly\AppData\Local\Programs\Python\Python312\Lib\tkinter\__init__.py", line 1712, in _configure
    self.tk.call(_flatten((self._w, cmd)) + self._options(cnf))
_tkinter.TclError: invalid command name ".!navigationtoolbar2tk.!button2"
Traceback (most recent call last):
  File "C:\Users\solly\AppData\Local\Programs\Python\Python312\Lib\site-packages\matplotlib\backend_bases.py", line 2671, in notify_axes_change
    self.toolbar.update()
  File "C:\Users\solly\AppData\Local\Programs\Python\Python312\Lib\site-packages\matplotlib\backend_bases.py", line 3267, in update
    self.set_history_buttons()
  File "C:\Users\solly\AppData\Local\Programs\Python\Python312\Lib\site-packages\matplotlib\backends\_backend_tk.py", line 893, in set_history_buttons
    self._buttons['Back']['state'] = state_map[can_back]
    ~~~~~~~~~~~~~~~~~~~~~^^^^^^^^^
  File "C:\Users\solly\AppData\Local\Programs\Python\Python312\Lib\tkinter\__init__.py", line 1733, in __setitem__
    self.configure({key: value})
  File "C:\Users\solly\AppData\Local\Programs\Python\Python312\Lib\tkinter\__init__.py", line 1722, in configure
    return self._configure('configure', cnf, kw)
           ^^^^^^^^^^^^^^^^^^^^^^^^^^^^^^^^^^^^^
  File "C:\Users\solly\AppData\Local\Programs\Python\Python312\Lib\tkinter\__init__.py", line 1712, in _configure
    self.tk.call(_flatten((self._w, cmd)) + self._options(cnf))
_tkinter.TclError: invalid command name ".!navigationtoolbar2tk.!button2"
  File "C:\Users\solly\AppData\Local\Programs\Python\Python312\Lib\site-packages\matplotlib\cbook.py", line 298, in process
    func(*args, **kwargs)
  File "C:\Users\solly\AppData\Local\Programs\Python\Python312\Lib\site-packages\matplotlib\figure.py", line 3237, in <lambda>
    self._axobservers.connect("_axes_change_event", lambda arg: func(arg))
                                                                ^^^^^^^^^
  File "C:\Users\solly\AppData\Local\Programs\Python\Python312\Lib\tkinter\__init__.py", line 1712, in _configure
    self.tk.call(_flatten((self._w, cmd)) + self._options(cnf))
_tkinter.TclError: invalid command name ".!navigationtoolbar2tk.!button2"
  File "C:\Users\solly\AppData\Local\Programs\Python\Python312\Lib\site-packages\matplotlib\cbook.py", line 298, in process
    func(*args, **kwargs)
  File "C:\Users\solly\AppData\Local\Programs\Python\Python312\Lib\site-packages\matplotlib\figure.py", line 3237, in <lambda>
    self._axobservers.connect("_axes_change_event", lambda arg: func(arg))
                                                                ^^^^^^^^^
  File "C:\Users\solly\AppData\Local\Programs\Python\Python312\Lib\site-packages\matplotlib\backend_bases.py", line 2671, in notify_axes_change
    self.toolbar.update()
  File "C:\Users\solly\AppData\Local\Programs\Python\Python312\Lib\site-packages\matplotlib\backend_bases.py", line 3267, in update
    self.set_history_buttons()
  File "C:\Users\solly\AppData\Local\Programs\Python\Python312\Lib\site-packages\matplotlib\backends\_backend_tk.py", line 893, in set_history_buttons
    self._buttons['Back']['state'] = state_map[can_back]
    ~~~~~~~~~~~~~~~~~~~~~^^^^^^^^^
  File "C:\Users\solly\AppData\Local\Programs\Python\Python312\Lib\tkinter\__init__.py", line 1733, in __setitem__
    self.configure({key: value})
  File "C:\Users\solly\AppData\Local\Programs\Python\Python312\Lib\tkinter\__init__.py", line 1722, in configure
    return self._configure('configure', cnf, kw)
           ^^^^^^^^^^^^^^^^^^^^^^^^^^^^^^^^^^^^^
Traceback (most recent call last):
Traceback (most recent call last):
  File "C:\Users\solly\AppData\Local\Programs\Python\Python312\Lib\site-packages\matplotlib\figure.py", line 3237, in <lambda>
    self._axobservers.connect("_axes_change_event", lambda arg: func(arg))
                                                                ^^^^^^^^^
  File "C:\Users\solly\AppData\Local\Programs\Python\Python312\Lib\site-packages\matplotlib\backend_bases.py", line 2671, in notify_axes_change
    self.toolbar.update()
  File "C:\Users\solly\AppData\Local\Programs\Python\Python312\Lib\site-packages\matplotlib\backend_bases.py", line 3267, in update
    self.set_history_buttons()
  File "C:\Users\solly\AppData\Local\Programs\Python\Python312\Lib\site-packages\matplotlib\backends\_backend_tk.py", line 893, in set_history_buttons
    self._buttons['Back']['state'] = state_map[can_back]
    ~~~~~~~~~~~~~~~~~~~~~^^^^^^^^^
  File "C:\Users\solly\AppData\Local\Programs\Python\Python312\Lib\tkinter\__init__.py", line 1733, in __setitem__
    self.configure({key: value})
  File "C:\Users\solly\AppData\Local\Programs\Python\Python312\Lib\tkinter\__init__.py", line 1722, in configure
    return self._configure('configure', cnf, kw)
           ^^^^^^^^^^^^^^^^^^^^^^^^^^^^^^^^^^^^^
  File "C:\Users\solly\AppData\Local\Programs\Python\Python312\Lib\tkinter\__init__.py", line 1712, in _configure
    self.tk.call(_flatten((self._w, cmd)) + self._options(cnf))
_tkinter.TclError: invalid command name ".!navigationtoolbar2tk.!button2"
  File "C:\Users\solly\AppData\Local\Programs\Python\Python312\Lib\site-packages\matplotlib\cbook.py", line 298, in process
    func(*args, **kwargs)
_tkinter.TclError: invalid command name ".!navigationtoolbar2tk.!button2"
  File "C:\Users\solly\AppData\Local\Programs\Python\Python312\Lib\site-packages\matplotlib\cbook.py", line 298, in process
    func(*args, **kwargs)
  File "C:\Users\solly\AppData\Local\Programs\Python\Python312\Lib\site-packages\matplotlib\figure.py", line 3237, in <lambda>
    self._axobservers.connect("_axes_change_event", lambda arg: func(arg))
                                                                ^^^^^^^^^
  File "C:\Users\solly\AppData\Local\Programs\Python\Python312\Lib\site-packages\matplotlib\backend_bases.py", line 2671, in notify_axes_change
    self.toolbar.update()
  File "C:\Users\solly\AppData\Local\Programs\Python\Python312\Lib\site-packages\matplotlib\backend_bases.py", line 3267, in update
    self.set_history_buttons()
  File "C:\Users\solly\AppData\Local\Programs\Python\Python312\Lib\site-packages\matplotlib\backends\_backend_tk.py", line 893, in set_history_buttons
    self._buttons['Back']['state'] = state_map[can_back]
    ~~~~~~~~~~~~~~~~~~~~~^^^^^^^^^
  File "C:\Users\solly\AppData\Local\Programs\Python\Python312\Lib\tkinter\__init__.py", line 1733, in __setitem__
    self.configure({key: value})
  File "C:\Users\solly\AppData\Local\Programs\Python\Python312\Lib\tkinter\__init__.py", line 1722, in configure
    return self._configure('configure', cnf, kw)
           ^^^^^^^^^^^^^^^^^^^^^^^^^^^^^^^^^^^^^
  File "C:\Users\solly\AppData\Local\Programs\Python\Python312\Lib\tkinter\__init__.py", line 1712, in _configure
    self.tk.call(_flatten((self._w, cmd)) + self._options(cnf))
Traceback (most recent call last):
Traceback (most recent call last):
  File "C:\Users\solly\AppData\Local\Programs\Python\Python312\Lib\site-packages\matplotlib\cbook.py", line 298, in process
    func(*args, **kwargs)
  File "C:\Users\solly\AppData\Local\Programs\Python\Python312\Lib\site-packages\matplotlib\figure.py", line 3237, in <lambda>
    self._axobservers.connect("_axes_change_event", lambda arg: func(arg))
                                                                ^^^^^^^^^
  File "C:\Users\solly\AppData\Local\Programs\Python\Python312\Lib\site-packages\matplotlib\backend_bases.py", line 2671, in notify_axes_change
    self.toolbar.update()
  File "C:\Users\solly\AppData\Local\Programs\Python\Python312\Lib\site-packages\matplotlib\backend_bases.py", line 3267, in update
    self.set_history_buttons()
  File "C:\Users\solly\AppData\Local\Programs\Python\Python312\Lib\site-packages\matplotlib\backends\_backend_tk.py", line 893, in set_history_buttons
    self._buttons['Back']['state'] = state_map[can_back]
    ~~~~~~~~~~~~~~~~~~~~~^^^^^^^^^
  File "C:\Users\solly\AppData\Local\Programs\Python\Python312\Lib\tkinter\__init__.py", line 1733, in __setitem__
    self.configure({key: value})
  File "C:\Users\solly\AppData\Local\Programs\Python\Python312\Lib\tkinter\__init__.py", line 1722, in configure
    return self._configure('configure', cnf, kw)
           ^^^^^^^^^^^^^^^^^^^^^^^^^^^^^^^^^^^^^
  File "C:\Users\solly\AppData\Local\Programs\Python\Python312\Lib\tkinter\__init__.py", line 1712, in _configure
    self.tk.call(_flatten((self._w, cmd)) + self._options(cnf))
_tkinter.TclError: invalid command name ".!navigationtoolbar2tk.!button2"
  File "C:\Users\solly\AppData\Local\Programs\Python\Python312\Lib\site-packages\matplotlib\cbook.py", line 298, in process
    func(*args, **kwargs)
  File "C:\Users\solly\AppData\Local\Programs\Python\Python312\Lib\site-packages\matplotlib\figure.py", line 3237, in <lambda>
    self._axobservers.connect("_axes_change_event", lambda arg: func(arg))
                                                                ^^^^^^^^^
  File "C:\Users\solly\AppData\Local\Programs\Python\Python312\Lib\site-packages\matplotlib\backend_bases.py", line 2671, in notify_axes_change
    self.toolbar.update()
  File "C:\Users\solly\AppData\Local\Programs\Python\Python312\Lib\site-packages\matplotlib\backend_bases.py", line 3267, in update
    self.set_history_buttons()
  File "C:\Users\solly\AppData\Local\Programs\Python\Python312\Lib\site-packages\matplotlib\backends\_backend_tk.py", line 893, in set_history_buttons
    self._buttons['Back']['state'] = state_map[can_back]
    ~~~~~~~~~~~~~~~~~~~~~^^^^^^^^^
  File "C:\Users\solly\AppData\Local\Programs\Python\Python312\Lib\tkinter\__init__.py", line 1733, in __setitem__
    self.configure({key: value})
  File "C:\Users\solly\AppData\Local\Programs\Python\Python312\Lib\tkinter\__init__.py", line 1722, in configure
    return self._configure('configure', cnf, kw)
           ^^^^^^^^^^^^^^^^^^^^^^^^^^^^^^^^^^^^^
  File "C:\Users\solly\AppData\Local\Programs\Python\Python312\Lib\tkinter\__init__.py", line 1712, in _configure
    self.tk.call(_flatten((self._w, cmd)) + self._options(cnf))
Traceback (most recent call last):
_tkinter.TclError: invalid command name ".!navigationtoolbar2tk.!button2"
Traceback (most recent call last):
  File "C:\Users\solly\AppData\Local\Programs\Python\Python312\Lib\tkinter\__init__.py", line 1712, in _configure
    self.tk.call(_flatten((self._w, cmd)) + self._options(cnf))
_tkinter.TclError: invalid command name ".!navigationtoolbar2tk.!button2"
  File "C:\Users\solly\AppData\Local\Programs\Python\Python312\Lib\site-packages\matplotlib\cbook.py", line 298, in process
    func(*args, **kwargs)
  File "C:\Users\solly\AppData\Local\Programs\Python\Python312\Lib\site-packages\matplotlib\figure.py", line 3237, in <lambda>
    self._axobservers.connect("_axes_change_event", lambda arg: func(arg))
                                                                ^^^^^^^^^
  File "C:\Users\solly\AppData\Local\Programs\Python\Python312\Lib\site-packages\matplotlib\backend_bases.py", line 2671, in notify_axes_change
    self.toolbar.update()
  File "C:\Users\solly\AppData\Local\Programs\Python\Python312\Lib\site-packages\matplotlib\backend_bases.py", line 3267, in update
    self.set_history_buttons()
  File "C:\Users\solly\AppData\Local\Programs\Python\Python312\Lib\site-packages\matplotlib\backends\_backend_tk.py", line 893, in set_history_buttons
    self._buttons['Back']['state'] = state_map[can_back]
    ~~~~~~~~~~~~~~~~~~~~~^^^^^^^^^
  File "C:\Users\solly\AppData\Local\Programs\Python\Python312\Lib\tkinter\__init__.py", line 1733, in __setitem__
    self.configure({key: value})
  File "C:\Users\solly\AppData\Local\Programs\Python\Python312\Lib\tkinter\__init__.py", line 1722, in configure
    return self._configure('configure', cnf, kw)
           ^^^^^^^^^^^^^^^^^^^^^^^^^^^^^^^^^^^^^
  File "C:\Users\solly\AppData\Local\Programs\Python\Python312\Lib\tkinter\__init__.py", line 1712, in _configure
    self.tk.call(_flatten((self._w, cmd)) + self._options(cnf))
_tkinter.TclError: invalid command name ".!navigationtoolbar2tk.!button2"
  File "C:\Users\solly\AppData\Local\Programs\Python\Python312\Lib\site-packages\matplotlib\cbook.py", line 298, in process
    func(*args, **kwargs)
  File "C:\Users\solly\AppData\Local\Programs\Python\Python312\Lib\site-packages\matplotlib\figure.py", line 3237, in <lambda>
    self._axobservers.connect("_axes_change_event", lambda arg: func(arg))
                                                                ^^^^^^^^^
  File "C:\Users\solly\AppData\Local\Programs\Python\Python312\Lib\site-packages\matplotlib\backend_bases.py", line 2671, in notify_axes_change
    self.toolbar.update()
  File "C:\Users\solly\AppData\Local\Programs\Python\Python312\Lib\site-packages\matplotlib\backend_bases.py", line 3267, in update
    self.set_history_buttons()
  File "C:\Users\solly\AppData\Local\Programs\Python\Python312\Lib\site-packages\matplotlib\backends\_backend_tk.py", line 893, in set_history_buttons
    self._buttons['Back']['state'] = state_map[can_back]
    ~~~~~~~~~~~~~~~~~~~~~^^^^^^^^^
  File "C:\Users\solly\AppData\Local\Programs\Python\Python312\Lib\tkinter\__init__.py", line 1733, in __setitem__
    self.configure({key: value})
  File "C:\Users\solly\AppData\Local\Programs\Python\Python312\Lib\tkinter\__init__.py", line 1722, in configure
    return self._configure('configure', cnf, kw)
           ^^^^^^^^^^^^^^^^^^^^^^^^^^^^^^^^^^^^^
Traceback (most recent call last):
Traceback (most recent call last):
  File "C:\Users\solly\AppData\Local\Programs\Python\Python312\Lib\site-packages\matplotlib\cbook.py", line 298, in process
    func(*args, **kwargs)
  File "C:\Users\solly\AppData\Local\Programs\Python\Python312\Lib\site-packages\matplotlib\figure.py", line 3237, in <lambda>
    self._axobservers.connect("_axes_change_event", lambda arg: func(arg))
                                                                ^^^^^^^^^
  File "C:\Users\solly\AppData\Local\Programs\Python\Python312\Lib\site-packages\matplotlib\backend_bases.py", line 2671, in notify_axes_change
    self.toolbar.update()
  File "C:\Users\solly\AppData\Local\Programs\Python\Python312\Lib\site-packages\matplotlib\backend_bases.py", line 3267, in update
    self.set_history_buttons()
  File "C:\Users\solly\AppData\Local\Programs\Python\Python312\Lib\site-packages\matplotlib\backends\_backend_tk.py", line 893, in set_history_buttons
    self._buttons['Back']['state'] = state_map[can_back]
    ~~~~~~~~~~~~~~~~~~~~~^^^^^^^^^
  File "C:\Users\solly\AppData\Local\Programs\Python\Python312\Lib\tkinter\__init__.py", line 1733, in __setitem__
    self.configure({key: value})
  File "C:\Users\solly\AppData\Local\Programs\Python\Python312\Lib\tkinter\__init__.py", line 1722, in configure
    return self._configure('configure', cnf, kw)
           ^^^^^^^^^^^^^^^^^^^^^^^^^^^^^^^^^^^^^
  File "C:\Users\solly\AppData\Local\Programs\Python\Python312\Lib\tkinter\__init__.py", line 1712, in _configure
    self.tk.call(_flatten((self._w, cmd)) + self._options(cnf))
_tkinter.TclError: invalid command name ".!navigationtoolbar2tk.!button2"
Traceback (most recent call last):
  File "C:\Users\solly\AppData\Local\Programs\Python\Python312\Lib\site-packages\matplotlib\backend_bases.py", line 3267, in update
    self.set_history_buttons()
  File "C:\Users\solly\AppData\Local\Programs\Python\Python312\Lib\site-packages\matplotlib\backends\_backend_tk.py", line 893, in set_history_buttons
    self._buttons['Back']['state'] = state_map[can_back]
    ~~~~~~~~~~~~~~~~~~~~~^^^^^^^^^
  File "C:\Users\solly\AppData\Local\Programs\Python\Python312\Lib\tkinter\__init__.py", line 1733, in __setitem__
    self.configure({key: value})
  File "C:\Users\solly\AppData\Local\Programs\Python\Python312\Lib\tkinter\__init__.py", line 1722, in configure
    return self._configure('configure', cnf, kw)
           ^^^^^^^^^^^^^^^^^^^^^^^^^^^^^^^^^^^^^
  File "C:\Users\solly\AppData\Local\Programs\Python\Python312\Lib\tkinter\__init__.py", line 1712, in _configure
    self.tk.call(_flatten((self._w, cmd)) + self._options(cnf))
_tkinter.TclError: invalid command name ".!navigationtoolbar2tk.!button2"
  File "C:\Users\solly\AppData\Local\Programs\Python\Python312\Lib\site-packages\matplotlib\cbook.py", line 298, in process
    func(*args, **kwargs)
  File "C:\Users\solly\AppData\Local\Programs\Python\Python312\Lib\site-packages\matplotlib\figure.py", line 3237, in <lambda>
    self._axobservers.connect("_axes_change_event", lambda arg: func(arg))
                                                                ^^^^^^^^^
  File "C:\Users\solly\AppData\Local\Programs\Python\Python312\Lib\site-packages\matplotlib\backend_bases.py", line 2671, in notify_axes_change
    self.toolbar.update()
Traceback (most recent call last):
  File "C:\Users\solly\AppData\Local\Programs\Python\Python312\Lib\site-packages\matplotlib\cbook.py", line 298, in process
    func(*args, **kwargs)
  File "C:\Users\solly\AppData\Local\Programs\Python\Python312\Lib\site-packages\matplotlib\figure.py", line 3237, in <lambda>
    self._axobservers.connect("_axes_change_event", lambda arg: func(arg))
                                                                ^^^^^^^^^
  File "C:\Users\solly\AppData\Local\Programs\Python\Python312\Lib\site-packages\matplotlib\backend_bases.py", line 2671, in notify_axes_change
    self.toolbar.update()
  File "C:\Users\solly\AppData\Local\Programs\Python\Python312\Lib\site-packages\matplotlib\backend_bases.py", line 3267, in update
    self.set_history_buttons()
  File "C:\Users\solly\AppData\Local\Programs\Python\Python312\Lib\site-packages\matplotlib\backends\_backend_tk.py", line 893, in set_history_buttons
    self._buttons['Back']['state'] = state_map[can_back]
    ~~~~~~~~~~~~~~~~~~~~~^^^^^^^^^
  File "C:\Users\solly\AppData\Local\Programs\Python\Python312\Lib\tkinter\__init__.py", line 1733, in __setitem__
    self.configure({key: value})
  File "C:\Users\solly\AppData\Local\Programs\Python\Python312\Lib\tkinter\__init__.py", line 1722, in configure
    return self._configure('configure', cnf, kw)
           ^^^^^^^^^^^^^^^^^^^^^^^^^^^^^^^^^^^^^
  File "C:\Users\solly\AppData\Local\Programs\Python\Python312\Lib\tkinter\__init__.py", line 1712, in _configure
    self.tk.call(_flatten((self._w, cmd)) + self._options(cnf))
_tkinter.TclError: invalid command name ".!navigationtoolbar2tk.!button2"
Traceback (most recent call last):
  File "C:\Users\solly\AppData\Local\Programs\Python\Python312\Lib\tkinter\__init__.py", line 1712, in _configure
    self.tk.call(_flatten((self._w, cmd)) + self._options(cnf))
_tkinter.TclError: invalid command name ".!navigationtoolbar2tk.!button2"
  File "C:\Users\solly\AppData\Local\Programs\Python\Python312\Lib\site-packages\matplotlib\cbook.py", line 298, in process
    func(*args, **kwargs)
  File "C:\Users\solly\AppData\Local\Programs\Python\Python312\Lib\site-packages\matplotlib\figure.py", line 3237, in <lambda>
    self._axobservers.connect("_axes_change_event", lambda arg: func(arg))
                                                                ^^^^^^^^^
  File "C:\Users\solly\AppData\Local\Programs\Python\Python312\Lib\site-packages\matplotlib\backend_bases.py", line 2671, in notify_axes_change
    self.toolbar.update()
  File "C:\Users\solly\AppData\Local\Programs\Python\Python312\Lib\site-packages\matplotlib\backend_bases.py", line 3267, in update
    self.set_history_buttons()
  File "C:\Users\solly\AppData\Local\Programs\Python\Python312\Lib\site-packages\matplotlib\backends\_backend_tk.py", line 893, in set_history_buttons
    self._buttons['Back']['state'] = state_map[can_back]
    ~~~~~~~~~~~~~~~~~~~~~^^^^^^^^^
  File "C:\Users\solly\AppData\Local\Programs\Python\Python312\Lib\tkinter\__init__.py", line 1733, in __setitem__
    self.configure({key: value})
  File "C:\Users\solly\AppData\Local\Programs\Python\Python312\Lib\tkinter\__init__.py", line 1722, in configure
    return self._configure('configure', cnf, kw)
           ^^^^^^^^^^^^^^^^^^^^^^^^^^^^^^^^^^^^^
Traceback (most recent call last):
  File "C:\Users\solly\AppData\Local\Programs\Python\Python312\Lib\site-packages\matplotlib\cbook.py", line 298, in process
    func(*args, **kwargs)
  File "C:\Users\solly\AppData\Local\Programs\Python\Python312\Lib\site-packages\matplotlib\figure.py", line 3237, in <lambda>
    self._axobservers.connect("_axes_change_event", lambda arg: func(arg))
                                                                ^^^^^^^^^
  File "C:\Users\solly\AppData\Local\Programs\Python\Python312\Lib\site-packages\matplotlib\backend_bases.py", line 2671, in notify_axes_change
    self.toolbar.update()
  File "C:\Users\solly\AppData\Local\Programs\Python\Python312\Lib\site-packages\matplotlib\backend_bases.py", line 3267, in update
    self.set_history_buttons()
  File "C:\Users\solly\AppData\Local\Programs\Python\Python312\Lib\site-packages\matplotlib\backends\_backend_tk.py", line 893, in set_history_buttons
    self._buttons['Back']['state'] = state_map[can_back]
    ~~~~~~~~~~~~~~~~~~~~~^^^^^^^^^
  File "C:\Users\solly\AppData\Local\Programs\Python\Python312\Lib\tkinter\__init__.py", line 1733, in __setitem__
    self.configure({key: value})
  File "C:\Users\solly\AppData\Local\Programs\Python\Python312\Lib\tkinter\__init__.py", line 1722, in configure
    return self._configure('configure', cnf, kw)
           ^^^^^^^^^^^^^^^^^^^^^^^^^^^^^^^^^^^^^
  File "C:\Users\solly\AppData\Local\Programs\Python\Python312\Lib\tkinter\__init__.py", line 1712, in _configure
    self.tk.call(_flatten((self._w, cmd)) + self._options(cnf))
_tkinter.TclError: invalid command name ".!navigationtoolbar2tk.!button2"
Traceback (most recent call last):
  File "C:\Users\solly\AppData\Local\Programs\Python\Python312\Lib\site-packages\matplotlib\cbook.py", line 298, in process
    func(*args, **kwargs)
  File "C:\Users\solly\AppData\Local\Programs\Python\Python312\Lib\site-packages\matplotlib\figure.py", line 3237, in <lambda>
    self._axobservers.connect("_axes_change_event", lambda arg: func(arg))
                                                                ^^^^^^^^^
  File "C:\Users\solly\AppData\Local\Programs\Python\Python312\Lib\site-packages\matplotlib\backend_bases.py", line 2671, in notify_axes_change
    self.toolbar.update()
  File "C:\Users\solly\AppData\Local\Programs\Python\Python312\Lib\site-packages\matplotlib\backend_bases.py", line 3267, in update
    self.set_history_buttons()
  File "C:\Users\solly\AppData\Local\Programs\Python\Python312\Lib\site-packages\matplotlib\backends\_backend_tk.py", line 893, in set_history_buttons
    self._buttons['Back']['state'] = state_map[can_back]
    ~~~~~~~~~~~~~~~~~~~~~^^^^^^^^^
  File "C:\Users\solly\AppData\Local\Programs\Python\Python312\Lib\tkinter\__init__.py", line 1733, in __setitem__
    self.configure({key: value})
  File "C:\Users\solly\AppData\Local\Programs\Python\Python312\Lib\tkinter\__init__.py", line 1722, in configure
    return self._configure('configure', cnf, kw)
           ^^^^^^^^^^^^^^^^^^^^^^^^^^^^^^^^^^^^^
  File "C:\Users\solly\AppData\Local\Programs\Python\Python312\Lib\tkinter\__init__.py", line 1712, in _configure
    self.tk.call(_flatten((self._w, cmd)) + self._options(cnf))
_tkinter.TclError: invalid command name ".!navigationtoolbar2tk.!button2"
Traceback (most recent call last):
  File "C:\Users\solly\AppData\Local\Programs\Python\Python312\Lib\site-packages\matplotlib\cbook.py", line 298, in process
    func(*args, **kwargs)
  File "C:\Users\solly\AppData\Local\Programs\Python\Python312\Lib\site-packages\matplotlib\figure.py", line 3237, in <lambda>
    self._axobservers.connect("_axes_change_event", lambda arg: func(arg))
                                                                ^^^^^^^^^
  File "C:\Users\solly\AppData\Local\Programs\Python\Python312\Lib\site-packages\matplotlib\backend_bases.py", line 2671, in notify_axes_change
    self.toolbar.update()
  File "C:\Users\solly\AppData\Local\Programs\Python\Python312\Lib\site-packages\matplotlib\backend_bases.py", line 3267, in update
    self.set_history_buttons()
  File "C:\Users\solly\AppData\Local\Programs\Python\Python312\Lib\site-packages\matplotlib\backends\_backend_tk.py", line 893, in set_history_buttons
    self._buttons['Back']['state'] = state_map[can_back]
    ~~~~~~~~~~~~~~~~~~~~~^^^^^^^^^
  File "C:\Users\solly\AppData\Local\Programs\Python\Python312\Lib\tkinter\__init__.py", line 1733, in __setitem__
    self.configure({key: value})
  File "C:\Users\solly\AppData\Local\Programs\Python\Python312\Lib\tkinter\__init__.py", line 1722, in configure
    return self._configure('configure', cnf, kw)
           ^^^^^^^^^^^^^^^^^^^^^^^^^^^^^^^^^^^^^
  File "C:\Users\solly\AppData\Local\Programs\Python\Python312\Lib\tkinter\__init__.py", line 1712, in _configure
    self.tk.call(_flatten((self._w, cmd)) + self._options(cnf))
_tkinter.TclError: invalid command name ".!navigationtoolbar2tk.!button2"
Traceback (most recent call last):
  File "C:\Users\solly\AppData\Local\Programs\Python\Python312\Lib\site-packages\matplotlib\cbook.py", line 298, in process
    func(*args, **kwargs)
  File "C:\Users\solly\AppData\Local\Programs\Python\Python312\Lib\site-packages\matplotlib\figure.py", line 3237, in <lambda>
    self._axobservers.connect("_axes_change_event", lambda arg: func(arg))
                                                                ^^^^^^^^^
  File "C:\Users\solly\AppData\Local\Programs\Python\Python312\Lib\site-packages\matplotlib\backend_bases.py", line 2671, in notify_axes_change
    self.toolbar.update()
  File "C:\Users\solly\AppData\Local\Programs\Python\Python312\Lib\site-packages\matplotlib\backend_bases.py", line 3267, in update
    self.set_history_buttons()
  File "C:\Users\solly\AppData\Local\Programs\Python\Python312\Lib\site-packages\matplotlib\backends\_backend_tk.py", line 893, in set_history_buttons
    self._buttons['Back']['state'] = state_map[can_back]
    ~~~~~~~~~~~~~~~~~~~~~^^^^^^^^^
  File "C:\Users\solly\AppData\Local\Programs\Python\Python312\Lib\tkinter\__init__.py", line 1733, in __setitem__
    self.configure({key: value})
  File "C:\Users\solly\AppData\Local\Programs\Python\Python312\Lib\tkinter\__init__.py", line 1722, in configure
    return self._configure('configure', cnf, kw)
           ^^^^^^^^^^^^^^^^^^^^^^^^^^^^^^^^^^^^^
  File "C:\Users\solly\AppData\Local\Programs\Python\Python312\Lib\tkinter\__init__.py", line 1712, in _configure
    self.tk.call(_flatten((self._w, cmd)) + self._options(cnf))
_tkinter.TclError: invalid command name ".!navigationtoolbar2tk.!button2"
  File "C:\Users\solly\AppData\Local\Programs\Python\Python312\Lib\site-packages\matplotlib\cbook.py", line 298, in process
    func(*args, **kwargs)
  File "C:\Users\solly\AppData\Local\Programs\Python\Python312\Lib\site-packages\matplotlib\figure.py", line 3237, in <lambda>
    self._axobservers.connect("_axes_change_event", lambda arg: func(arg))
                                                                ^^^^^^^^^
  File "C:\Users\solly\AppData\Local\Programs\Python\Python312\Lib\site-packages\matplotlib\backend_bases.py", line 2671, in notify_axes_change
    self.toolbar.update()
  File "C:\Users\solly\AppData\Local\Programs\Python\Python312\Lib\site-packages\matplotlib\backend_bases.py", line 3267, in update
    self.set_history_buttons()
  File "C:\Users\solly\AppData\Local\Programs\Python\Python312\Lib\site-packages\matplotlib\backends\_backend_tk.py", line 893, in set_history_buttons
    self._buttons['Back']['state'] = state_map[can_back]
    ~~~~~~~~~~~~~~~~~~~~~^^^^^^^^^
  File "C:\Users\solly\AppData\Local\Programs\Python\Python312\Lib\tkinter\__init__.py", line 1733, in __setitem__
    self.configure({key: value})
  File "C:\Users\solly\AppData\Local\Programs\Python\Python312\Lib\tkinter\__init__.py", line 1722, in configure
    return self._configure('configure', cnf, kw)
           ^^^^^^^^^^^^^^^^^^^^^^^^^^^^^^^^^^^^^
Traceback (most recent call last):
  File "C:\Users\solly\AppData\Local\Programs\Python\Python312\Lib\tkinter\__init__.py", line 1712, in _configure
    self.tk.call(_flatten((self._w, cmd)) + self._options(cnf))
_tkinter.TclError: invalid command name ".!navigationtoolbar2tk.!button2"
  File "C:\Users\solly\AppData\Local\Programs\Python\Python312\Lib\site-packages\matplotlib\cbook.py", line 298, in process
    func(*args, **kwargs)
  File "C:\Users\solly\AppData\Local\Programs\Python\Python312\Lib\site-packages\matplotlib\figure.py", line 3237, in <lambda>
    self._axobservers.connect("_axes_change_event", lambda arg: func(arg))
                                                                ^^^^^^^^^
  File "C:\Users\solly\AppData\Local\Programs\Python\Python312\Lib\site-packages\matplotlib\backend_bases.py", line 2671, in notify_axes_change
    self.toolbar.update()
  File "C:\Users\solly\AppData\Local\Programs\Python\Python312\Lib\site-packages\matplotlib\backend_bases.py", line 3267, in update
    self.set_history_buttons()
  File "C:\Users\solly\AppData\Local\Programs\Python\Python312\Lib\site-packages\matplotlib\backends\_backend_tk.py", line 893, in set_history_buttons
    self._buttons['Back']['state'] = state_map[can_back]
    ~~~~~~~~~~~~~~~~~~~~~^^^^^^^^^
  File "C:\Users\solly\AppData\Local\Programs\Python\Python312\Lib\tkinter\__init__.py", line 1733, in __setitem__
    self.configure({key: value})
  File "C:\Users\solly\AppData\Local\Programs\Python\Python312\Lib\tkinter\__init__.py", line 1722, in configure
    return self._configure('configure', cnf, kw)
           ^^^^^^^^^^^^^^^^^^^^^^^^^^^^^^^^^^^^^
  File "C:\Users\solly\AppData\Local\Programs\Python\Python312\Lib\tkinter\__init__.py", line 1712, in _configure
    self.tk.call(_flatten((self._w, cmd)) + self._options(cnf))
Traceback (most recent call last):
Traceback (most recent call last):
_tkinter.TclError: invalid command name ".!navigationtoolbar2tk.!button2"
  File "C:\Users\solly\AppData\Local\Programs\Python\Python312\Lib\tkinter\__init__.py", line 1722, in configure
    return self._configure('configure', cnf, kw)
           ^^^^^^^^^^^^^^^^^^^^^^^^^^^^^^^^^^^^^
  File "C:\Users\solly\AppData\Local\Programs\Python\Python312\Lib\tkinter\__init__.py", line 1712, in _configure
    self.tk.call(_flatten((self._w, cmd)) + self._options(cnf))
_tkinter.TclError: invalid command name ".!navigationtoolbar2tk.!button2"
  File "C:\Users\solly\AppData\Local\Programs\Python\Python312\Lib\site-packages\matplotlib\cbook.py", line 298, in process
    func(*args, **kwargs)
  File "C:\Users\solly\AppData\Local\Programs\Python\Python312\Lib\site-packages\matplotlib\figure.py", line 3237, in <lambda>
    self._axobservers.connect("_axes_change_event", lambda arg: func(arg))
                                                                ^^^^^^^^^
  File "C:\Users\solly\AppData\Local\Programs\Python\Python312\Lib\site-packages\matplotlib\backend_bases.py", line 2671, in notify_axes_change
    self.toolbar.update()
  File "C:\Users\solly\AppData\Local\Programs\Python\Python312\Lib\site-packages\matplotlib\backend_bases.py", line 3267, in update
    self.set_history_buttons()
  File "C:\Users\solly\AppData\Local\Programs\Python\Python312\Lib\site-packages\matplotlib\backends\_backend_tk.py", line 893, in set_history_buttons
    self._buttons['Back']['state'] = state_map[can_back]
    ~~~~~~~~~~~~~~~~~~~~~^^^^^^^^^
  File "C:\Users\solly\AppData\Local\Programs\Python\Python312\Lib\tkinter\__init__.py", line 1733, in __setitem__
    self.configure({key: value})
  File "C:\Users\solly\AppData\Local\Programs\Python\Python312\Lib\site-packages\matplotlib\cbook.py", line 298, in process
    func(*args, **kwargs)
  File "C:\Users\solly\AppData\Local\Programs\Python\Python312\Lib\site-packages\matplotlib\figure.py", line 3237, in <lambda>
    self._axobservers.connect("_axes_change_event", lambda arg: func(arg))
                                                                ^^^^^^^^^
  File "C:\Users\solly\AppData\Local\Programs\Python\Python312\Lib\site-packages\matplotlib\backend_bases.py", line 2671, in notify_axes_change
    self.toolbar.update()
Traceback (most recent call last):
  File "C:\Users\solly\AppData\Local\Programs\Python\Python312\Lib\site-packages\matplotlib\backend_bases.py", line 3267, in update
    self.set_history_buttons()
  File "C:\Users\solly\AppData\Local\Programs\Python\Python312\Lib\site-packages\matplotlib\backends\_backend_tk.py", line 893, in set_history_buttons
    self._buttons['Back']['state'] = state_map[can_back]
    ~~~~~~~~~~~~~~~~~~~~~^^^^^^^^^
  File "C:\Users\solly\AppData\Local\Programs\Python\Python312\Lib\tkinter\__init__.py", line 1733, in __setitem__
    self.configure({key: value})
  File "C:\Users\solly\AppData\Local\Programs\Python\Python312\Lib\tkinter\__init__.py", line 1722, in configure
    return self._configure('configure', cnf, kw)
           ^^^^^^^^^^^^^^^^^^^^^^^^^^^^^^^^^^^^^
  File "C:\Users\solly\AppData\Local\Programs\Python\Python312\Lib\tkinter\__init__.py", line 1712, in _configure
    self.tk.call(_flatten((self._w, cmd)) + self._options(cnf))
_tkinter.TclError: invalid command name ".!navigationtoolbar2tk.!button2"
Traceback (most recent call last):
  File "C:\Users\solly\AppData\Local\Programs\Python\Python312\Lib\site-packages\matplotlib\cbook.py", line 298, in process
    func(*args, **kwargs)
  File "C:\Users\solly\AppData\Local\Programs\Python\Python312\Lib\site-packages\matplotlib\figure.py", line 3237, in <lambda>
    self._axobservers.connect("_axes_change_event", lambda arg: func(arg))
                                                                ^^^^^^^^^
  File "C:\Users\solly\AppData\Local\Programs\Python\Python312\Lib\site-packages\matplotlib\backend_bases.py", line 2671, in notify_axes_change
    self.toolbar.update()
  File "C:\Users\solly\AppData\Local\Programs\Python\Python312\Lib\site-packages\matplotlib\backend_bases.py", line 3267, in update
    self.set_history_buttons()
  File "C:\Users\solly\AppData\Local\Programs\Python\Python312\Lib\site-packages\matplotlib\backends\_backend_tk.py", line 893, in set_history_buttons
    self._buttons['Back']['state'] = state_map[can_back]
    ~~~~~~~~~~~~~~~~~~~~~^^^^^^^^^
  File "C:\Users\solly\AppData\Local\Programs\Python\Python312\Lib\tkinter\__init__.py", line 1733, in __setitem__
    self.configure({key: value})
  File "C:\Users\solly\AppData\Local\Programs\Python\Python312\Lib\tkinter\__init__.py", line 1722, in configure
    return self._configure('configure', cnf, kw)
           ^^^^^^^^^^^^^^^^^^^^^^^^^^^^^^^^^^^^^
  File "C:\Users\solly\AppData\Local\Programs\Python\Python312\Lib\tkinter\__init__.py", line 1712, in _configure
    self.tk.call(_flatten((self._w, cmd)) + self._options(cnf))
_tkinter.TclError: invalid command name ".!navigationtoolbar2tk.!button2"
Traceback (most recent call last):
  File "C:\Users\solly\AppData\Local\Programs\Python\Python312\Lib\site-packages\matplotlib\cbook.py", line 298, in process
    func(*args, **kwargs)
  File "C:\Users\solly\AppData\Local\Programs\Python\Python312\Lib\site-packages\matplotlib\figure.py", line 3237, in <lambda>
    self._axobservers.connect("_axes_change_event", lambda arg: func(arg))
                                                                ^^^^^^^^^
  File "C:\Users\solly\AppData\Local\Programs\Python\Python312\Lib\site-packages\matplotlib\backend_bases.py", line 2671, in notify_axes_change
    self.toolbar.update()
  File "C:\Users\solly\AppData\Local\Programs\Python\Python312\Lib\site-packages\matplotlib\backend_bases.py", line 3267, in update
    self.set_history_buttons()
  File "C:\Users\solly\AppData\Local\Programs\Python\Python312\Lib\site-packages\matplotlib\backends\_backend_tk.py", line 893, in set_history_buttons
    self._buttons['Back']['state'] = state_map[can_back]
    ~~~~~~~~~~~~~~~~~~~~~^^^^^^^^^
  File "C:\Users\solly\AppData\Local\Programs\Python\Python312\Lib\tkinter\__init__.py", line 1733, in __setitem__
    self.configure({key: value})
  File "C:\Users\solly\AppData\Local\Programs\Python\Python312\Lib\tkinter\__init__.py", line 1722, in configure
    return self._configure('configure', cnf, kw)
           ^^^^^^^^^^^^^^^^^^^^^^^^^^^^^^^^^^^^^
  File "C:\Users\solly\AppData\Local\Programs\Python\Python312\Lib\tkinter\__init__.py", line 1712, in _configure
    self.tk.call(_flatten((self._w, cmd)) + self._options(cnf))
_tkinter.TclError: invalid command name ".!navigationtoolbar2tk.!button2"
  File "C:\Users\solly\AppData\Local\Programs\Python\Python312\Lib\site-packages\matplotlib\cbook.py", line 298, in process
    func(*args, **kwargs)
  File "C:\Users\solly\AppData\Local\Programs\Python\Python312\Lib\site-packages\matplotlib\figure.py", line 3237, in <lambda>
    self._axobservers.connect("_axes_change_event", lambda arg: func(arg))
                                                                ^^^^^^^^^
Traceback (most recent call last):
  File "C:\Users\solly\AppData\Local\Programs\Python\Python312\Lib\site-packages\matplotlib\backend_bases.py", line 2671, in notify_axes_change
    self.toolbar.update()
  File "C:\Users\solly\AppData\Local\Programs\Python\Python312\Lib\site-packages\matplotlib\backend_bases.py", line 3267, in update
    self.set_history_buttons()
  File "C:\Users\solly\AppData\Local\Programs\Python\Python312\Lib\site-packages\matplotlib\backends\_backend_tk.py", line 893, in set_history_buttons
    self._buttons['Back']['state'] = state_map[can_back]
    ~~~~~~~~~~~~~~~~~~~~~^^^^^^^^^
  File "C:\Users\solly\AppData\Local\Programs\Python\Python312\Lib\tkinter\__init__.py", line 1733, in __setitem__
    self.configure({key: value})
  File "C:\Users\solly\AppData\Local\Programs\Python\Python312\Lib\tkinter\__init__.py", line 1722, in configure
    return self._configure('configure', cnf, kw)
           ^^^^^^^^^^^^^^^^^^^^^^^^^^^^^^^^^^^^^
  File "C:\Users\solly\AppData\Local\Programs\Python\Python312\Lib\tkinter\__init__.py", line 1712, in _configure
    self.tk.call(_flatten((self._w, cmd)) + self._options(cnf))
_tkinter.TclError: invalid command name ".!navigationtoolbar2tk.!button2"
Traceback (most recent call last):
  File "C:\Users\solly\AppData\Local\Programs\Python\Python312\Lib\site-packages\matplotlib\cbook.py", line 298, in process
    func(*args, **kwargs)
  File "C:\Users\solly\AppData\Local\Programs\Python\Python312\Lib\site-packages\matplotlib\widgets.py", line 244, in <lambda>
    return self._observers.connect('clicked', lambda event: func(event))
                                                            ^^^^^^^^^^^
  File "C:\Users\solly\Projects\MyDEMProject - Copia\root\backend\scripts\complete_dem_analysis.py", line 242, in next_triplet
    update_display()
  File "C:\Users\solly\Projects\MyDEMProject - Copia\root\backend\scripts\complete_dem_analysis.py", line 229, in update_display
    colorbars[i].remove()
  File "C:\Users\solly\AppData\Local\Programs\Python\Python312\Lib\site-packages\matplotlib\colorbar.py", line 1040, in remove
    ax.set_subplotspec(subplotspec)
    ^^^^^^^^^^^^^^^^^^
AttributeError: 'NoneType' object has no attribute 'set_subplotspec'
Traceback (most recent call last):
  File "C:\Users\solly\Projects\MyDEMProject - Copia\root\backend\scripts\complete_dem_analysis.py", line 229, in update_display
    colorbars[i].remove()
  File "C:\Users\solly\AppData\Local\Programs\Python\Python312\Lib\site-packages\matplotlib\colorbar.py", line 1021, in remove
    self.ax.remove()
  File "C:\Users\solly\AppData\Local\Programs\Python\Python312\Lib\site-packages\matplotlib\artist.py", line 240, in remove
    self._remove_method(self)
  File "C:\Users\solly\AppData\Local\Programs\Python\Python312\Lib\site-packages\matplotlib\figure.py", line 869, in delaxes
    self._remove_axes(ax, owners=[self._axstack, self._localaxes])
  File "C:\Users\solly\AppData\Local\Programs\Python\Python312\Lib\site-packages\matplotlib\figure.py", line 884, in _remove_axes
    owner.remove(ax)
  File "C:\Users\solly\AppData\Local\Programs\Python\Python312\Lib\site-packages\matplotlib\figure.py", line 89, in remove
    self._axes.pop(a)
KeyError: <Axes: label='<colorbar>', ylabel='m'>
  File "C:\Users\solly\AppData\Local\Programs\Python\Python312\Lib\site-packages\matplotlib\cbook.py", line 298, in process
    func(*args, **kwargs)
  File "C:\Users\solly\AppData\Local\Programs\Python\Python312\Lib\site-packages\matplotlib\widgets.py", line 244, in <lambda>
    return self._observers.connect('clicked', lambda event: func(event))
                                                            ^^^^^^^^^^^
  File "C:\Users\solly\Projects\MyDEMProject - Copia\root\backend\scripts\complete_dem_analysis.py", line 242, in next_triplet
    update_display()
  File "C:\Users\solly\AppData\Local\Programs\Python\Python312\Lib\site-packages\matplotlib\cbook.py", line 298, in process
    func(*args, **kwargs)
  File "C:\Users\solly\AppData\Local\Programs\Python\Python312\Lib\site-packages\matplotlib\widgets.py", line 244, in <lambda>
    return self._observers.connect('clicked', lambda event: func(event))
                                                            ^^^^^^^^^^^
Traceback (most recent call last):
  File "C:\Users\solly\Projects\MyDEMProject - Copia\root\backend\scripts\complete_dem_analysis.py", line 247, in previous_triplet
    update_display()
  File "C:\Users\solly\Projects\MyDEMProject - Copia\root\backend\scripts\complete_dem_analysis.py", line 229, in update_display
    colorbars[i].remove()
  File "C:\Users\solly\AppData\Local\Programs\Python\Python312\Lib\site-packages\matplotlib\colorbar.py", line 1021, in remove
    self.ax.remove()
  File "C:\Users\solly\AppData\Local\Programs\Python\Python312\Lib\site-packages\matplotlib\artist.py", line 240, in remove
    self._remove_method(self)
  File "C:\Users\solly\AppData\Local\Programs\Python\Python312\Lib\site-packages\matplotlib\figure.py", line 869, in delaxes
    self._remove_axes(ax, owners=[self._axstack, self._localaxes])
  File "C:\Users\solly\AppData\Local\Programs\Python\Python312\Lib\site-packages\matplotlib\figure.py", line 884, in _remove_axes
    owner.remove(ax)
  File "C:\Users\solly\AppData\Local\Programs\Python\Python312\Lib\site-packages\matplotlib\figure.py", line 89, in remove
    self._axes.pop(a)
KeyError: <Axes: label='<colorbar>', ylabel='m'>
Traceback (most recent call last):
  File "C:\Users\solly\AppData\Local\Programs\Python\Python312\Lib\site-packages\matplotlib\cbook.py", line 298, in process
    func(*args, **kwargs)
  File "C:\Users\solly\AppData\Local\Programs\Python\Python312\Lib\site-packages\matplotlib\widgets.py", line 244, in <lambda>
    return self._observers.connect('clicked', lambda event: func(event))
                                                            ^^^^^^^^^^^
  File "C:\Users\solly\Projects\MyDEMProject - Copia\root\backend\scripts\complete_dem_analysis.py", line 242, in next_triplet
    update_display()
  File "C:\Users\solly\Projects\MyDEMProject - Copia\root\backend\scripts\complete_dem_analysis.py", line 229, in update_display
    colorbars[i].remove()
  File "C:\Users\solly\AppData\Local\Programs\Python\Python312\Lib\site-packages\matplotlib\colorbar.py", line 1021, in remove
    self.ax.remove()
  File "C:\Users\solly\AppData\Local\Programs\Python\Python312\Lib\site-packages\matplotlib\artist.py", line 240, in remove
    self._remove_method(self)
  File "C:\Users\solly\AppData\Local\Programs\Python\Python312\Lib\site-packages\matplotlib\figure.py", line 869, in delaxes
    self._remove_axes(ax, owners=[self._axstack, self._localaxes])
  File "C:\Users\solly\AppData\Local\Programs\Python\Python312\Lib\site-packages\matplotlib\figure.py", line 884, in _remove_axes
    owner.remove(ax)
  File "C:\Users\solly\AppData\Local\Programs\Python\Python312\Lib\site-packages\matplotlib\figure.py", line 89, in remove
    self._axes.pop(a)
KeyError: <Axes: label='<colorbar>', ylabel='m'>
Traceback (most recent call last):
  File "C:\Users\solly\AppData\Local\Programs\Python\Python312\Lib\site-packages\matplotlib\cbook.py", line 298, in process
    func(*args, **kwargs)
  File "C:\Users\solly\AppData\Local\Programs\Python\Python312\Lib\site-packages\matplotlib\widgets.py", line 244, in <lambda>
    return self._observers.connect('clicked', lambda event: func(event))
                                                            ^^^^^^^^^^^
  File "C:\Users\solly\Projects\MyDEMProject - Copia\root\backend\scripts\complete_dem_analysis.py", line 242, in next_triplet
    update_display()
  File "C:\Users\solly\Projects\MyDEMProject - Copia\root\backend\scripts\complete_dem_analysis.py", line 229, in update_display
    colorbars[i].remove()
  File "C:\Users\solly\AppData\Local\Programs\Python\Python312\Lib\site-packages\matplotlib\colorbar.py", line 1021, in remove
    self.ax.remove()
  File "C:\Users\solly\AppData\Local\Programs\Python\Python312\Lib\site-packages\matplotlib\artist.py", line 240, in remove
    self._remove_method(self)
  File "C:\Users\solly\AppData\Local\Programs\Python\Python312\Lib\site-packages\matplotlib\figure.py", line 869, in delaxes
    self._remove_axes(ax, owners=[self._axstack, self._localaxes])
  File "C:\Users\solly\AppData\Local\Programs\Python\Python312\Lib\site-packages\matplotlib\figure.py", line 884, in _remove_axes
    owner.remove(ax)
  File "C:\Users\solly\AppData\Local\Programs\Python\Python312\Lib\site-packages\matplotlib\figure.py", line 89, in remove
    self._axes.pop(a)
KeyError: <Axes: label='<colorbar>', ylabel='m'>
  File "C:\Users\solly\AppData\Local\Programs\Python\Python312\Lib\site-packages\matplotlib\widgets.py", line 244, in <lambda>
    return self._observers.connect('clicked', lambda event: func(event))
                                                            ^^^^^^^^^^^
  File "C:\Users\solly\Projects\MyDEMProject - Copia\root\backend\scripts\complete_dem_analysis.py", line 242, in next_triplet
    update_display()
  File "C:\Users\solly\Projects\MyDEMProject - Copia\root\backend\scripts\complete_dem_analysis.py", line 229, in update_display
    colorbars[i].remove()
  File "C:\Users\solly\AppData\Local\Programs\Python\Python312\Lib\site-packages\matplotlib\colorbar.py", line 1021, in remove
    self.ax.remove()
  File "C:\Users\solly\AppData\Local\Programs\Python\Python312\Lib\site-packages\matplotlib\artist.py", line 240, in remove
    self._remove_method(self)
  File "C:\Users\solly\AppData\Local\Programs\Python\Python312\Lib\site-packages\matplotlib\figure.py", line 869, in delaxes
    self._remove_axes(ax, owners=[self._axstack, self._localaxes])
  File "C:\Users\solly\AppData\Local\Programs\Python\Python312\Lib\site-packages\matplotlib\figure.py", line 884, in _remove_axes
    owner.remove(ax)
  File "C:\Users\solly\AppData\Local\Programs\Python\Python312\Lib\site-packages\matplotlib\figure.py", line 89, in remove
    self._axes.pop(a)
KeyError: <Axes: label='<colorbar>', ylabel='m'>
  File "C:\Users\solly\AppData\Local\Programs\Python\Python312\Lib\site-packages\matplotlib\cbook.py", line 298, in process
    func(*args, **kwargs)
Traceback (most recent call last):
  File "C:\Users\solly\AppData\Local\Programs\Python\Python312\Lib\site-packages\matplotlib\cbook.py", line 298, in process
    func(*args, **kwargs)
  File "C:\Users\solly\AppData\Local\Programs\Python\Python312\Lib\site-packages\matplotlib\widgets.py", line 244, in <lambda>
    return self._observers.connect('clicked', lambda event: func(event))
                                                            ^^^^^^^^^^^
  File "C:\Users\solly\Projects\MyDEMProject - Copia\root\backend\scripts\complete_dem_analysis.py", line 242, in next_triplet
    update_display()
  File "C:\Users\solly\Projects\MyDEMProject - Copia\root\backend\scripts\complete_dem_analysis.py", line 229, in update_display
    colorbars[i].remove()
  File "C:\Users\solly\AppData\Local\Programs\Python\Python312\Lib\site-packages\matplotlib\colorbar.py", line 1021, in remove
    self.ax.remove()
  File "C:\Users\solly\AppData\Local\Programs\Python\Python312\Lib\site-packages\matplotlib\artist.py", line 240, in remove
    self._remove_method(self)
  File "C:\Users\solly\AppData\Local\Programs\Python\Python312\Lib\site-packages\matplotlib\figure.py", line 869, in delaxes
    self._remove_axes(ax, owners=[self._axstack, self._localaxes])
  File "C:\Users\solly\AppData\Local\Programs\Python\Python312\Lib\site-packages\matplotlib\figure.py", line 884, in _remove_axes
    owner.remove(ax)
  File "C:\Users\solly\AppData\Local\Programs\Python\Python312\Lib\site-packages\matplotlib\figure.py", line 89, in remove
    self._axes.pop(a)
KeyError: <Axes: label='<colorbar>', ylabel='m'>
Traceback (most recent call last):
Errore durante l'elaborazione DEM. Codice di uscita: 1
Errore durante l'elaborazione DEM. Codice di uscita: 1
Errore durante l'elaborazione DEM. Codice di uscita: 1
Errore durante l'elaborazione DEM. Codice di uscita: 1
C:\Users\solly\Projects\MyDEMProject - Copia\root\backend\scripts\complete_dem_analysis.py:235: UserWarning: This figure includes Axes that are not compatible with tight_layout, so results might be incorrect.
  plt.tight_layout()
C:\Users\solly\Projects\MyDEMProject - Copia\root\backend\scripts\complete_dem_analysis.py:244: UserWarning: This figure includes Axes that are not compatible with tight_layout, so results might be incorrect.
  plt.tight_layout()
Traceback (most recent call last):
  File "C:\Users\solly\AppData\Local\Programs\Python\Python312\Lib\site-packages\matplotlib\cbook.py", line 298, in process
    func(*args, **kwargs)
  File "C:\Users\solly\AppData\Local\Programs\Python\Python312\Lib\site-packages\matplotlib\widgets.py", line 244, in <lambda>
    return self._observers.connect('clicked', lambda event: func(event))
                                                            ^^^^^^^^^^^
  File "C:\Users\solly\Projects\MyDEMProject - Copia\root\backend\scripts\complete_dem_analysis.py", line 250, in next_triplet
    update_display()
  File "C:\Users\solly\Projects\MyDEMProject - Copia\root\backend\scripts\complete_dem_analysis.py", line 211, in update_display
    cbar.remove()
  File "C:\Users\solly\AppData\Local\Programs\Python\Python312\Lib\site-packages\matplotlib\colorbar.py", line 1040, in remove
    ax.set_subplotspec(subplotspec)
    ^^^^^^^^^^^^^^^^^^
AttributeError: 'NoneType' object has no attribute 'set_subplotspec'
Traceback (most recent call last):
  File "C:\Users\solly\AppData\Local\Programs\Python\Python312\Lib\site-packages\matplotlib\cbook.py", line 298, in process
    func(*args, **kwargs)
  File "C:\Users\solly\AppData\Local\Programs\Python\Python312\Lib\site-packages\matplotlib\widgets.py", line 244, in <lambda>
    return self._observers.connect('clicked', lambda event: func(event))
                                                            ^^^^^^^^^^^
  File "C:\Users\solly\Projects\MyDEMProject - Copia\root\backend\scripts\complete_dem_analysis.py", line 255, in previous_triplet
    update_display()
  File "C:\Users\solly\Projects\MyDEMProject - Copia\root\backend\scripts\complete_dem_analysis.py", line 211, in update_display
    cbar.remove()
  File "C:\Users\solly\AppData\Local\Programs\Python\Python312\Lib\site-packages\matplotlib\colorbar.py", line 1021, in remove
    self.ax.remove()
  File "C:\Users\solly\AppData\Local\Programs\Python\Python312\Lib\site-packages\matplotlib\artist.py", line 240, in remove
    self._remove_method(self)
  File "C:\Users\solly\AppData\Local\Programs\Python\Python312\Lib\site-packages\matplotlib\figure.py", line 869, in delaxes
    self._remove_axes(ax, owners=[self._axstack, self._localaxes])
  File "C:\Users\solly\AppData\Local\Programs\Python\Python312\Lib\site-packages\matplotlib\figure.py", line 884, in _remove_axes
    owner.remove(ax)
  File "C:\Users\solly\AppData\Local\Programs\Python\Python312\Lib\site-packages\matplotlib\figure.py", line 89, in remove
    self._axes.pop(a)
KeyError: <Axes: label='<colorbar>', ylabel='Elevation (m)'>
Traceback (most recent call last):
  File "C:\Users\solly\AppData\Local\Programs\Python\Python312\Lib\site-packages\matplotlib\cbook.py", line 298, in process
    func(*args, **kwargs)
  File "C:\Users\solly\AppData\Local\Programs\Python\Python312\Lib\site-packages\matplotlib\widgets.py", line 244, in <lambda>
    return self._observers.connect('clicked', lambda event: func(event))
                                                            ^^^^^^^^^^^
  File "C:\Users\solly\Projects\MyDEMProject - Copia\root\backend\scripts\complete_dem_analysis.py", line 250, in next_triplet
    update_display()
  File "C:\Users\solly\Projects\MyDEMProject - Copia\root\backend\scripts\complete_dem_analysis.py", line 211, in update_display
    cbar.remove()
  File "C:\Users\solly\AppData\Local\Programs\Python\Python312\Lib\site-packages\matplotlib\colorbar.py", line 1021, in remove
    self.ax.remove()
  File "C:\Users\solly\AppData\Local\Programs\Python\Python312\Lib\site-packages\matplotlib\artist.py", line 240, in remove
    self._remove_method(self)
  File "C:\Users\solly\AppData\Local\Programs\Python\Python312\Lib\site-packages\matplotlib\figure.py", line 869, in delaxes
    self._remove_axes(ax, owners=[self._axstack, self._localaxes])
  File "C:\Users\solly\AppData\Local\Programs\Python\Python312\Lib\site-packages\matplotlib\figure.py", line 884, in _remove_axes
    owner.remove(ax)
  File "C:\Users\solly\AppData\Local\Programs\Python\Python312\Lib\site-packages\matplotlib\figure.py", line 89, in remove
    self._axes.pop(a)
KeyError: <Axes: label='<colorbar>', ylabel='Elevation (m)'>
C:\Users\solly\Projects\MyDEMProject - Copia\root\backend\scripts\complete_dem_analysis.py:244: UserWarning: This figure includes Axes that are not compatible with tight_layout, so results might be incorrect.
  plt.tight_layout()
Traceback (most recent call last):
  File "C:\Users\solly\AppData\Local\Programs\Python\Python312\Lib\site-packages\matplotlib\cbook.py", line 298, in process
    func(*args, **kwargs)
  File "C:\Users\solly\AppData\Local\Programs\Python\Python312\Lib\site-packages\matplotlib\widgets.py", line 244, in <lambda>
    return self._observers.connect('clicked', lambda event: func(event))
                                                            ^^^^^^^^^^^
  File "C:\Users\solly\Projects\MyDEMProject - Copia\root\backend\scripts\complete_dem_analysis.py", line 250, in next_triplet
    update_display()
  File "C:\Users\solly\Projects\MyDEMProject - Copia\root\backend\scripts\complete_dem_analysis.py", line 211, in update_display
    cbar.remove()
  File "C:\Users\solly\AppData\Local\Programs\Python\Python312\Lib\site-packages\matplotlib\colorbar.py", line 1040, in remove
    ax.set_subplotspec(subplotspec)
    ^^^^^^^^^^^^^^^^^^
AttributeError: 'NoneType' object has no attribute 'set_subplotspec'
Traceback (most recent call last):
  File "C:\Users\solly\AppData\Local\Programs\Python\Python312\Lib\site-packages\matplotlib\cbook.py", line 298, in process
    func(*args, **kwargs)
  File "C:\Users\solly\AppData\Local\Programs\Python\Python312\Lib\site-packages\matplotlib\widgets.py", line 244, in <lambda>
    return self._observers.connect('clicked', lambda event: func(event))
                                                            ^^^^^^^^^^^
  File "C:\Users\solly\Projects\MyDEMProject - Copia\root\backend\scripts\complete_dem_analysis.py", line 250, in next_triplet
    update_display()
  File "C:\Users\solly\Projects\MyDEMProject - Copia\root\backend\scripts\complete_dem_analysis.py", line 211, in update_display
    cbar.remove()
  File "C:\Users\solly\AppData\Local\Programs\Python\Python312\Lib\site-packages\matplotlib\colorbar.py", line 1021, in remove
    self.ax.remove()
  File "C:\Users\solly\AppData\Local\Programs\Python\Python312\Lib\site-packages\matplotlib\artist.py", line 240, in remove
    self._remove_method(self)
  File "C:\Users\solly\AppData\Local\Programs\Python\Python312\Lib\site-packages\matplotlib\figure.py", line 869, in delaxes
    self._remove_axes(ax, owners=[self._axstack, self._localaxes])
  File "C:\Users\solly\AppData\Local\Programs\Python\Python312\Lib\site-packages\matplotlib\figure.py", line 884, in _remove_axes
    owner.remove(ax)
  File "C:\Users\solly\AppData\Local\Programs\Python\Python312\Lib\site-packages\matplotlib\figure.py", line 89, in remove
    self._axes.pop(a)
KeyError: <Axes: label='<colorbar>', ylabel='Elevation (m)'>
Traceback (most recent call last):
  File "C:\Users\solly\AppData\Local\Programs\Python\Python312\Lib\site-packages\matplotlib\cbook.py", line 298, in process
    func(*args, **kwargs)
  File "C:\Users\solly\AppData\Local\Programs\Python\Python312\Lib\site-packages\matplotlib\widgets.py", line 244, in <lambda>
    return self._observers.connect('clicked', lambda event: func(event))
                                                            ^^^^^^^^^^^
  File "C:\Users\solly\Projects\MyDEMProject - Copia\root\backend\scripts\complete_dem_analysis.py", line 255, in previous_triplet
    update_display()
  File "C:\Users\solly\Projects\MyDEMProject - Copia\root\backend\scripts\complete_dem_analysis.py", line 211, in update_display
    cbar.remove()
  File "C:\Users\solly\AppData\Local\Programs\Python\Python312\Lib\site-packages\matplotlib\colorbar.py", line 1021, in remove
    self.ax.remove()
  File "C:\Users\solly\AppData\Local\Programs\Python\Python312\Lib\site-packages\matplotlib\artist.py", line 240, in remove
    self._remove_method(self)
  File "C:\Users\solly\AppData\Local\Programs\Python\Python312\Lib\site-packages\matplotlib\figure.py", line 869, in delaxes
    self._remove_axes(ax, owners=[self._axstack, self._localaxes])
  File "C:\Users\solly\AppData\Local\Programs\Python\Python312\Lib\site-packages\matplotlib\figure.py", line 884, in _remove_axes
    owner.remove(ax)
  File "C:\Users\solly\AppData\Local\Programs\Python\Python312\Lib\site-packages\matplotlib\figure.py", line 89, in remove
    self._axes.pop(a)
KeyError: <Axes: label='<colorbar>', ylabel='Elevation (m)'>
C:\Users\solly\Projects\MyDEMProject - Copia\root\backend\scripts\complete_dem_analysis.py:245: UserWarning: This figure includes Axes that are not compatible with tight_layout, so results might be incorrect.
  plt.tight_layout()
  File "C:\Users\solly\AppData\Local\Programs\Python\Python312\Lib\site-packages\matplotlib\cbook.py", line 298, in process
    func(*args, **kwargs)
  File "C:\Users\solly\AppData\Local\Programs\Python\Python312\Lib\site-packages\matplotlib\widgets.py", line 244, in <lambda>
    return self._observers.connect('clicked', lambda event: func(event))
                                                            ^^^^^^^^^^^
  File "C:\Users\solly\Projects\MyDEMProject - Copia\root\backend\scripts\complete_dem_analysis.py", line 251, in next_triplet
    update_display()
  File "C:\Users\solly\Projects\MyDEMProject - Copia\root\backend\scripts\complete_dem_analysis.py", line 212, in update_display
    cbar.remove()
  File "C:\Users\solly\AppData\Local\Programs\Python\Python312\Lib\site-packages\matplotlib\colorbar.py", line 1040, in remove
    ax.set_subplotspec(subplotspec)
    ^^^^^^^^^^^^^^^^^^
AttributeError: 'NoneType' object has no attribute 'set_subplotspec'
Traceback (most recent call last):
Traceback (most recent call last):
  File "C:\Users\solly\AppData\Local\Programs\Python\Python312\Lib\site-packages\matplotlib\cbook.py", line 298, in process
    func(*args, **kwargs)
  File "C:\Users\solly\AppData\Local\Programs\Python\Python312\Lib\site-packages\matplotlib\widgets.py", line 244, in <lambda>
    return self._observers.connect('clicked', lambda event: func(event))
                                                            ^^^^^^^^^^^
  File "C:\Users\solly\Projects\MyDEMProject - Copia\root\backend\scripts\complete_dem_analysis.py", line 256, in previous_triplet
    update_display()
  File "C:\Users\solly\Projects\MyDEMProject - Copia\root\backend\scripts\complete_dem_analysis.py", line 212, in update_display
    cbar.remove()
  File "C:\Users\solly\AppData\Local\Programs\Python\Python312\Lib\site-packages\matplotlib\colorbar.py", line 1021, in remove
    self.ax.remove()
  File "C:\Users\solly\AppData\Local\Programs\Python\Python312\Lib\site-packages\matplotlib\artist.py", line 240, in remove
    self._remove_method(self)
  File "C:\Users\solly\AppData\Local\Programs\Python\Python312\Lib\site-packages\matplotlib\figure.py", line 869, in delaxes
    self._remove_axes(ax, owners=[self._axstack, self._localaxes])
  File "C:\Users\solly\AppData\Local\Programs\Python\Python312\Lib\site-packages\matplotlib\figure.py", line 884, in _remove_axes
    owner.remove(ax)
  File "C:\Users\solly\AppData\Local\Programs\Python\Python312\Lib\site-packages\matplotlib\figure.py", line 89, in remove
    self._axes.pop(a)
KeyError: <Axes: label='<colorbar>', ylabel='Elevation (m)'>
Traceback (most recent call last):
  File "C:\Users\solly\AppData\Local\Programs\Python\Python312\Lib\site-packages\matplotlib\cbook.py", line 298, in process
    func(*args, **kwargs)
  File "C:\Users\solly\AppData\Local\Programs\Python\Python312\Lib\site-packages\matplotlib\widgets.py", line 244, in <lambda>
    return self._observers.connect('clicked', lambda event: func(event))
                                                            ^^^^^^^^^^^
  File "C:\Users\solly\Projects\MyDEMProject - Copia\root\backend\scripts\complete_dem_analysis.py", line 256, in previous_triplet
    update_display()
  File "C:\Users\solly\Projects\MyDEMProject - Copia\root\backend\scripts\complete_dem_analysis.py", line 212, in update_display
    cbar.remove()
  File "C:\Users\solly\AppData\Local\Programs\Python\Python312\Lib\site-packages\matplotlib\colorbar.py", line 1021, in remove
    self.ax.remove()
  File "C:\Users\solly\AppData\Local\Programs\Python\Python312\Lib\site-packages\matplotlib\artist.py", line 240, in remove
    self._remove_method(self)
  File "C:\Users\solly\AppData\Local\Programs\Python\Python312\Lib\site-packages\matplotlib\figure.py", line 869, in delaxes
    self._remove_axes(ax, owners=[self._axstack, self._localaxes])
  File "C:\Users\solly\AppData\Local\Programs\Python\Python312\Lib\site-packages\matplotlib\figure.py", line 884, in _remove_axes
    owner.remove(ax)
  File "C:\Users\solly\AppData\Local\Programs\Python\Python312\Lib\site-packages\matplotlib\figure.py", line 89, in remove
    self._axes.pop(a)
KeyError: <Axes: label='<colorbar>', ylabel='Elevation (m)'>
Traceback (most recent call last):
  File "C:\Users\solly\AppData\Local\Programs\Python\Python312\Lib\site-packages\matplotlib\cbook.py", line 298, in process
    func(*args, **kwargs)
  File "C:\Users\solly\AppData\Local\Programs\Python\Python312\Lib\site-packages\matplotlib\widgets.py", line 244, in <lambda>
    return self._observers.connect('clicked', lambda event: func(event))
                                                            ^^^^^^^^^^^
  File "C:\Users\solly\Projects\MyDEMProject - Copia\root\backend\scripts\complete_dem_analysis.py", line 251, in next_triplet
    update_display()
  File "C:\Users\solly\Projects\MyDEMProject - Copia\root\backend\scripts\complete_dem_analysis.py", line 212, in update_display
    cbar.remove()
  File "C:\Users\solly\AppData\Local\Programs\Python\Python312\Lib\site-packages\matplotlib\colorbar.py", line 1021, in remove
    self.ax.remove()
  File "C:\Users\solly\AppData\Local\Programs\Python\Python312\Lib\site-packages\matplotlib\artist.py", line 240, in remove
    self._remove_method(self)
  File "C:\Users\solly\AppData\Local\Programs\Python\Python312\Lib\site-packages\matplotlib\figure.py", line 869, in delaxes
    self._remove_axes(ax, owners=[self._axstack, self._localaxes])
  File "C:\Users\solly\AppData\Local\Programs\Python\Python312\Lib\site-packages\matplotlib\figure.py", line 884, in _remove_axes
    owner.remove(ax)
  File "C:\Users\solly\AppData\Local\Programs\Python\Python312\Lib\site-packages\matplotlib\figure.py", line 89, in remove
    self._axes.pop(a)
KeyError: <Axes: label='<colorbar>', ylabel='Elevation (m)'>
  File "C:\Users\solly\AppData\Local\Programs\Python\Python312\Lib\site-packages\matplotlib\cbook.py", line 298, in process
    func(*args, **kwargs)
  File "C:\Users\solly\AppData\Local\Programs\Python\Python312\Lib\site-packages\matplotlib\widgets.py", line 244, in <lambda>
    return self._observers.connect('clicked', lambda event: func(event))
                                                            ^^^^^^^^^^^
  File "C:\Users\solly\Projects\MyDEMProject - Copia\root\backend\scripts\complete_dem_analysis.py", line 251, in next_triplet
    update_display()
  File "C:\Users\solly\Projects\MyDEMProject - Copia\root\backend\scripts\complete_dem_analysis.py", line 212, in update_display
    cbar.remove()
  File "C:\Users\solly\AppData\Local\Programs\Python\Python312\Lib\site-packages\matplotlib\colorbar.py", line 1021, in remove
    self.ax.remove()
  File "C:\Users\solly\AppData\Local\Programs\Python\Python312\Lib\site-packages\matplotlib\artist.py", line 240, in remove
    self._remove_method(self)
  File "C:\Users\solly\AppData\Local\Programs\Python\Python312\Lib\site-packages\matplotlib\figure.py", line 869, in delaxes
    self._remove_axes(ax, owners=[self._axstack, self._localaxes])
  File "C:\Users\solly\AppData\Local\Programs\Python\Python312\Lib\site-packages\matplotlib\figure.py", line 884, in _remove_axes
    owner.remove(ax)
  File "C:\Users\solly\AppData\Local\Programs\Python\Python312\Lib\site-packages\matplotlib\figure.py", line 89, in remove
    self._axes.pop(a)
KeyError: <Axes: label='<colorbar>', ylabel='Elevation (m)'>
Traceback (most recent call last):
Traceback (most recent call last):
  File "C:\Users\solly\AppData\Local\Programs\Python\Python312\Lib\site-packages\matplotlib\cbook.py", line 298, in process
    func(*args, **kwargs)
  File "C:\Users\solly\AppData\Local\Programs\Python\Python312\Lib\site-packages\matplotlib\widgets.py", line 244, in <lambda>
    return self._observers.connect('clicked', lambda event: func(event))
                                                            ^^^^^^^^^^^
  File "C:\Users\solly\Projects\MyDEMProject - Copia\root\backend\scripts\complete_dem_analysis.py", line 251, in next_triplet
    update_display()
  File "C:\Users\solly\Projects\MyDEMProject - Copia\root\backend\scripts\complete_dem_analysis.py", line 212, in update_display
    cbar.remove()
  File "C:\Users\solly\AppData\Local\Programs\Python\Python312\Lib\site-packages\matplotlib\colorbar.py", line 1021, in remove
    self.ax.remove()
  File "C:\Users\solly\AppData\Local\Programs\Python\Python312\Lib\site-packages\matplotlib\artist.py", line 240, in remove
    self._remove_method(self)
  File "C:\Users\solly\AppData\Local\Programs\Python\Python312\Lib\site-packages\matplotlib\figure.py", line 869, in delaxes
    self._remove_axes(ax, owners=[self._axstack, self._localaxes])
  File "C:\Users\solly\AppData\Local\Programs\Python\Python312\Lib\site-packages\matplotlib\figure.py", line 884, in _remove_axes
    owner.remove(ax)
  File "C:\Users\solly\AppData\Local\Programs\Python\Python312\Lib\site-packages\matplotlib\figure.py", line 89, in remove
    self._axes.pop(a)
KeyError: <Axes: label='<colorbar>', ylabel='Elevation (m)'>
Traceback (most recent call last):
  File "C:\Users\solly\AppData\Local\Programs\Python\Python312\Lib\site-packages\matplotlib\cbook.py", line 298, in process
    func(*args, **kwargs)
  File "C:\Users\solly\AppData\Local\Programs\Python\Python312\Lib\site-packages\matplotlib\widgets.py", line 244, in <lambda>
    return self._observers.connect('clicked', lambda event: func(event))
                                                            ^^^^^^^^^^^
  File "C:\Users\solly\Projects\MyDEMProject - Copia\root\backend\scripts\complete_dem_analysis.py", line 251, in next_triplet
    update_display()
  File "C:\Users\solly\Projects\MyDEMProject - Copia\root\backend\scripts\complete_dem_analysis.py", line 212, in update_display
    cbar.remove()
  File "C:\Users\solly\AppData\Local\Programs\Python\Python312\Lib\site-packages\matplotlib\colorbar.py", line 1021, in remove
    self.ax.remove()
  File "C:\Users\solly\AppData\Local\Programs\Python\Python312\Lib\site-packages\matplotlib\artist.py", line 240, in remove
    self._remove_method(self)
  File "C:\Users\solly\AppData\Local\Programs\Python\Python312\Lib\site-packages\matplotlib\figure.py", line 869, in delaxes
    self._remove_axes(ax, owners=[self._axstack, self._localaxes])
  File "C:\Users\solly\AppData\Local\Programs\Python\Python312\Lib\site-packages\matplotlib\figure.py", line 884, in _remove_axes
    owner.remove(ax)
  File "C:\Users\solly\AppData\Local\Programs\Python\Python312\Lib\site-packages\matplotlib\figure.py", line 89, in remove
    self._axes.pop(a)
KeyError: <Axes: label='<colorbar>', ylabel='Elevation (m)'>
Traceback (most recent call last):
  File "C:\Users\solly\AppData\Local\Programs\Python\Python312\Lib\site-packages\matplotlib\cbook.py", line 298, in process
    func(*args, **kwargs)
  File "C:\Users\solly\AppData\Local\Programs\Python\Python312\Lib\site-packages\matplotlib\widgets.py", line 244, in <lambda>
    return self._observers.connect('clicked', lambda event: func(event))
                                                            ^^^^^^^^^^^
  File "C:\Users\solly\Projects\MyDEMProject - Copia\root\backend\scripts\complete_dem_analysis.py", line 251, in next_triplet
    update_display()
  File "C:\Users\solly\Projects\MyDEMProject - Copia\root\backend\scripts\complete_dem_analysis.py", line 212, in update_display
    cbar.remove()
  File "C:\Users\solly\AppData\Local\Programs\Python\Python312\Lib\site-packages\matplotlib\colorbar.py", line 1021, in remove
    self.ax.remove()
  File "C:\Users\solly\AppData\Local\Programs\Python\Python312\Lib\site-packages\matplotlib\artist.py", line 240, in remove
    self._remove_method(self)
  File "C:\Users\solly\AppData\Local\Programs\Python\Python312\Lib\site-packages\matplotlib\figure.py", line 869, in delaxes
    self._remove_axes(ax, owners=[self._axstack, self._localaxes])
  File "C:\Users\solly\AppData\Local\Programs\Python\Python312\Lib\site-packages\matplotlib\figure.py", line 884, in _remove_axes
    owner.remove(ax)
  File "C:\Users\solly\AppData\Local\Programs\Python\Python312\Lib\site-packages\matplotlib\figure.py", line 89, in remove
    self._axes.pop(a)
KeyError: <Axes: label='<colorbar>', ylabel='Elevation (m)'>
Traceback (most recent call last):
  File "C:\Users\solly\AppData\Local\Programs\Python\Python312\Lib\site-packages\matplotlib\cbook.py", line 298, in process
    func(*args, **kwargs)
  File "C:\Users\solly\AppData\Local\Programs\Python\Python312\Lib\site-packages\matplotlib\widgets.py", line 244, in <lambda>
    return self._observers.connect('clicked', lambda event: func(event))
                                                            ^^^^^^^^^^^
  File "C:\Users\solly\Projects\MyDEMProject - Copia\root\backend\scripts\complete_dem_analysis.py", line 251, in next_triplet
    update_display()
  File "C:\Users\solly\Projects\MyDEMProject - Copia\root\backend\scripts\complete_dem_analysis.py", line 212, in update_display
    cbar.remove()
  File "C:\Users\solly\AppData\Local\Programs\Python\Python312\Lib\site-packages\matplotlib\colorbar.py", line 1021, in remove
    self.ax.remove()
  File "C:\Users\solly\AppData\Local\Programs\Python\Python312\Lib\site-packages\matplotlib\artist.py", line 240, in remove
    self._remove_method(self)
  File "C:\Users\solly\AppData\Local\Programs\Python\Python312\Lib\site-packages\matplotlib\figure.py", line 869, in delaxes
    self._remove_axes(ax, owners=[self._axstack, self._localaxes])
  File "C:\Users\solly\AppData\Local\Programs\Python\Python312\Lib\site-packages\matplotlib\figure.py", line 884, in _remove_axes
    owner.remove(ax)
  File "C:\Users\solly\AppData\Local\Programs\Python\Python312\Lib\site-packages\matplotlib\figure.py", line 89, in remove
    self._axes.pop(a)
KeyError: <Axes: label='<colorbar>', ylabel='Elevation (m)'>
Traceback (most recent call last):
  File "C:\Users\solly\AppData\Local\Programs\Python\Python312\Lib\site-packages\matplotlib\cbook.py", line 298, in process
    func(*args, **kwargs)
  File "C:\Users\solly\AppData\Local\Programs\Python\Python312\Lib\site-packages\matplotlib\widgets.py", line 244, in <lambda>
    return self._observers.connect('clicked', lambda event: func(event))
                                                            ^^^^^^^^^^^
  File "C:\Users\solly\Projects\MyDEMProject - Copia\root\backend\scripts\complete_dem_analysis.py", line 251, in next_triplet
    update_display()
  File "C:\Users\solly\Projects\MyDEMProject - Copia\root\backend\scripts\complete_dem_analysis.py", line 212, in update_display
    cbar.remove()
  File "C:\Users\solly\AppData\Local\Programs\Python\Python312\Lib\site-packages\matplotlib\colorbar.py", line 1040, in remove
    ax.set_subplotspec(subplotspec)
    ^^^^^^^^^^^^^^^^^^
AttributeError: 'NoneType' object has no attribute 'set_subplotspec'
Traceback (most recent call last):
  File "C:\Users\solly\AppData\Local\Programs\Python\Python312\Lib\site-packages\matplotlib\cbook.py", line 298, in process
    func(*args, **kwargs)
  File "C:\Users\solly\AppData\Local\Programs\Python\Python312\Lib\site-packages\matplotlib\widgets.py", line 244, in <lambda>
    return self._observers.connect('clicked', lambda event: func(event))
                                                            ^^^^^^^^^^^
  File "C:\Users\solly\Projects\MyDEMProject - Copia\root\backend\scripts\complete_dem_analysis.py", line 251, in next_triplet
    update_display()
  File "C:\Users\solly\Projects\MyDEMProject - Copia\root\backend\scripts\complete_dem_analysis.py", line 212, in update_display
    cbar.remove()
  File "C:\Users\solly\AppData\Local\Programs\Python\Python312\Lib\site-packages\matplotlib\colorbar.py", line 1021, in remove
    self.ax.remove()
  File "C:\Users\solly\AppData\Local\Programs\Python\Python312\Lib\site-packages\matplotlib\artist.py", line 240, in remove
    self._remove_method(self)
  File "C:\Users\solly\AppData\Local\Programs\Python\Python312\Lib\site-packages\matplotlib\figure.py", line 869, in delaxes
    self._remove_axes(ax, owners=[self._axstack, self._localaxes])
  File "C:\Users\solly\AppData\Local\Programs\Python\Python312\Lib\site-packages\matplotlib\figure.py", line 884, in _remove_axes
    owner.remove(ax)
  File "C:\Users\solly\AppData\Local\Programs\Python\Python312\Lib\site-packages\matplotlib\figure.py", line 89, in remove
    self._axes.pop(a)
KeyError: <Axes: label='<colorbar>', ylabel='Elevation (m)'>
Traceback (most recent call last):
KeyError: <Axes: label='<colorbar>', ylabel='Elevation (m)'>
  File "C:\Users\solly\AppData\Local\Programs\Python\Python312\Lib\site-packages\matplotlib\cbook.py", line 298, in process
    func(*args, **kwargs)
  File "C:\Users\solly\AppData\Local\Programs\Python\Python312\Lib\site-packages\matplotlib\widgets.py", line 244, in <lambda>
    return self._observers.connect('clicked', lambda event: func(event))
                                                            ^^^^^^^^^^^
  File "C:\Users\solly\Projects\MyDEMProject - Copia\root\backend\scripts\complete_dem_analysis.py", line 251, in next_triplet
    update_display()
  File "C:\Users\solly\Projects\MyDEMProject - Copia\root\backend\scripts\complete_dem_analysis.py", line 212, in update_display
    cbar.remove()
  File "C:\Users\solly\AppData\Local\Programs\Python\Python312\Lib\site-packages\matplotlib\colorbar.py", line 1021, in remove
    self.ax.remove()
  File "C:\Users\solly\AppData\Local\Programs\Python\Python312\Lib\site-packages\matplotlib\artist.py", line 240, in remove
    self._remove_method(self)
  File "C:\Users\solly\AppData\Local\Programs\Python\Python312\Lib\site-packages\matplotlib\figure.py", line 869, in delaxes
    self._remove_axes(ax, owners=[self._axstack, self._localaxes])
  File "C:\Users\solly\AppData\Local\Programs\Python\Python312\Lib\site-packages\matplotlib\figure.py", line 884, in _remove_axes
    owner.remove(ax)
  File "C:\Users\solly\AppData\Local\Programs\Python\Python312\Lib\site-packages\matplotlib\figure.py", line 89, in remove
    self._axes.pop(a)
Traceback (most recent call last):
  File "C:\Users\solly\AppData\Local\Programs\Python\Python312\Lib\site-packages\matplotlib\cbook.py", line 298, in process
    func(*args, **kwargs)
  File "C:\Users\solly\AppData\Local\Programs\Python\Python312\Lib\site-packages\matplotlib\widgets.py", line 244, in <lambda>
    return self._observers.connect('clicked', lambda event: func(event))
                                                            ^^^^^^^^^^^
  File "C:\Users\solly\Projects\MyDEMProject - Copia\root\backend\scripts\complete_dem_analysis.py", line 251, in next_triplet
    update_display()
  File "C:\Users\solly\Projects\MyDEMProject - Copia\root\backend\scripts\complete_dem_analysis.py", line 212, in update_display
    cbar.remove()
  File "C:\Users\solly\AppData\Local\Programs\Python\Python312\Lib\site-packages\matplotlib\colorbar.py", line 1021, in remove
    self.ax.remove()
  File "C:\Users\solly\AppData\Local\Programs\Python\Python312\Lib\site-packages\matplotlib\artist.py", line 240, in remove
    self._remove_method(self)
  File "C:\Users\solly\AppData\Local\Programs\Python\Python312\Lib\site-packages\matplotlib\figure.py", line 869, in delaxes
    self._remove_axes(ax, owners=[self._axstack, self._localaxes])
  File "C:\Users\solly\AppData\Local\Programs\Python\Python312\Lib\site-packages\matplotlib\figure.py", line 884, in _remove_axes
    owner.remove(ax)
  File "C:\Users\solly\AppData\Local\Programs\Python\Python312\Lib\site-packages\matplotlib\figure.py", line 89, in remove
    self._axes.pop(a)
KeyError: <Axes: label='<colorbar>', ylabel='Elevation (m)'>
Traceback (most recent call last):
  File "C:\Users\solly\AppData\Local\Programs\Python\Python312\Lib\site-packages\matplotlib\cbook.py", line 298, in process
    func(*args, **kwargs)
  File "C:\Users\solly\AppData\Local\Programs\Python\Python312\Lib\site-packages\matplotlib\widgets.py", line 244, in <lambda>
    return self._observers.connect('clicked', lambda event: func(event))
                                                            ^^^^^^^^^^^
  File "C:\Users\solly\Projects\MyDEMProject - Copia\root\backend\scripts\complete_dem_analysis.py", line 251, in next_triplet
    update_display()
  File "C:\Users\solly\Projects\MyDEMProject - Copia\root\backend\scripts\complete_dem_analysis.py", line 212, in update_display
    cbar.remove()
  File "C:\Users\solly\AppData\Local\Programs\Python\Python312\Lib\site-packages\matplotlib\colorbar.py", line 1021, in remove
    self.ax.remove()
  File "C:\Users\solly\AppData\Local\Programs\Python\Python312\Lib\site-packages\matplotlib\artist.py", line 240, in remove
    self._remove_method(self)
  File "C:\Users\solly\AppData\Local\Programs\Python\Python312\Lib\site-packages\matplotlib\figure.py", line 869, in delaxes
    self._remove_axes(ax, owners=[self._axstack, self._localaxes])
  File "C:\Users\solly\AppData\Local\Programs\Python\Python312\Lib\site-packages\matplotlib\figure.py", line 884, in _remove_axes
    owner.remove(ax)
  File "C:\Users\solly\AppData\Local\Programs\Python\Python312\Lib\site-packages\matplotlib\figure.py", line 89, in remove
    self._axes.pop(a)
KeyError: <Axes: label='<colorbar>', ylabel='Elevation (m)'>
Traceback (most recent call last):
  File "C:\Users\solly\AppData\Local\Programs\Python\Python312\Lib\site-packages\matplotlib\cbook.py", line 298, in process
    func(*args, **kwargs)
  File "C:\Users\solly\AppData\Local\Programs\Python\Python312\Lib\site-packages\matplotlib\widgets.py", line 244, in <lambda>
    return self._observers.connect('clicked', lambda event: func(event))
                                                            ^^^^^^^^^^^
  File "C:\Users\solly\Projects\MyDEMProject - Copia\root\backend\scripts\complete_dem_analysis.py", line 258, in previous_triplet
    axprev = plt.axes([0.4, 0.05, 0.1, 0.075])
        ^^^^^^^^^^^^^^^^
  File "C:\Users\solly\Projects\MyDEMProject - Copia\root\backend\scripts\complete_dem_analysis.py", line 212, in update_display
    for ax in axs:
        ^^^^^^^^^^^
  File "C:\Users\solly\AppData\Local\Programs\Python\Python312\Lib\site-packages\matplotlib\colorbar.py", line 1021, in remove
    self.ax.remove()
  File "C:\Users\solly\AppData\Local\Programs\Python\Python312\Lib\site-packages\matplotlib\artist.py", line 240, in remove
    self._remove_method(self)
  File "C:\Users\solly\AppData\Local\Programs\Python\Python312\Lib\site-packages\matplotlib\figure.py", line 869, in delaxes
    self._remove_axes(ax, owners=[self._axstack, self._localaxes])
  File "C:\Users\solly\AppData\Local\Programs\Python\Python312\Lib\site-packages\matplotlib\figure.py", line 884, in _remove_axes
    owner.remove(ax)
  File "C:\Users\solly\AppData\Local\Programs\Python\Python312\Lib\site-packages\matplotlib\figure.py", line 89, in remove
    self._axes.pop(a)
KeyError: <Axes: label='<colorbar>', ylabel='Elevation (m)'>
Traceback (most recent call last):
  File "C:\Users\solly\AppData\Local\Programs\Python\Python312\Lib\site-packages\matplotlib\cbook.py", line 298, in process
    func(*args, **kwargs)
  File "C:\Users\solly\AppData\Local\Programs\Python\Python312\Lib\site-packages\matplotlib\widgets.py", line 244, in <lambda>
    return self._observers.connect('clicked', lambda event: func(event))
                                                            ^^^^^^^^^^^
  File "C:\Users\solly\Projects\MyDEMProject - Copia\root\backend\scripts\complete_dem_analysis.py", line 258, in previous_triplet
    axprev = plt.axes([0.4, 0.05, 0.1, 0.075])
        ^^^^^^^^^^^^^^^^
  File "C:\Users\solly\Projects\MyDEMProject - Copia\root\backend\scripts\complete_dem_analysis.py", line 212, in update_display
    for ax in axs:
        ^^^^^^^^^^^
  File "C:\Users\solly\AppData\Local\Programs\Python\Python312\Lib\site-packages\matplotlib\colorbar.py", line 1021, in remove
    self.ax.remove()
  File "C:\Users\solly\AppData\Local\Programs\Python\Python312\Lib\site-packages\matplotlib\artist.py", line 240, in remove
    self._remove_method(self)
  File "C:\Users\solly\AppData\Local\Programs\Python\Python312\Lib\site-packages\matplotlib\figure.py", line 869, in delaxes
    self._remove_axes(ax, owners=[self._axstack, self._localaxes])
  File "C:\Users\solly\AppData\Local\Programs\Python\Python312\Lib\site-packages\matplotlib\figure.py", line 884, in _remove_axes
    owner.remove(ax)
  File "C:\Users\solly\AppData\Local\Programs\Python\Python312\Lib\site-packages\matplotlib\figure.py", line 89, in remove
    self._axes.pop(a)
KeyError: <Axes: label='<colorbar>', ylabel='Elevation (m)'>
Traceback (most recent call last):
  File "C:\Users\solly\AppData\Local\Programs\Python\Python312\Lib\site-packages\matplotlib\figure.py", line 869, in delaxes
    self._remove_axes(ax, owners=[self._axstack, self._localaxes])
  File "C:\Users\solly\AppData\Local\Programs\Python\Python312\Lib\site-packages\matplotlib\figure.py", line 884, in _remove_axes
    owner.remove(ax)
  File "C:\Users\solly\AppData\Local\Programs\Python\Python312\Lib\site-packages\matplotlib\figure.py", line 89, in remove
    self._axes.pop(a)
KeyError: <Axes: label='<colorbar>', ylabel='Elevation (m)'>
  File "C:\Users\solly\AppData\Local\Programs\Python\Python312\Lib\site-packages\matplotlib\cbook.py", line 298, in process
    func(*args, **kwargs)
  File "C:\Users\solly\AppData\Local\Programs\Python\Python312\Lib\site-packages\matplotlib\widgets.py", line 244, in <lambda>
    return self._observers.connect('clicked', lambda event: func(event))
                                                            ^^^^^^^^^^^
  File "C:\Users\solly\Projects\MyDEMProject - Copia\root\backend\scripts\complete_dem_analysis.py", line 251, in next_triplet
  File "C:\Users\solly\Projects\MyDEMProject - Copia\root\backend\scripts\complete_dem_analysis.py", line 212, in update_display
    for ax in axs:
        ^^^^^^^^^^^
  File "C:\Users\solly\AppData\Local\Programs\Python\Python312\Lib\site-packages\matplotlib\colorbar.py", line 1021, in remove
    self.ax.remove()
  File "C:\Users\solly\AppData\Local\Programs\Python\Python312\Lib\site-packages\matplotlib\artist.py", line 240, in remove
    self._remove_method(self)
Traceback (most recent call last):
  File "C:\Users\solly\AppData\Local\Programs\Python\Python312\Lib\site-packages\matplotlib\cbook.py", line 298, in process
    func(*args, **kwargs)
  File "C:\Users\solly\AppData\Local\Programs\Python\Python312\Lib\site-packages\matplotlib\widgets.py", line 244, in <lambda>
    return self._observers.connect('clicked', lambda event: func(event))
                                                            ^^^^^^^^^^^
  File "C:\Users\solly\Projects\MyDEMProject - Copia\root\backend\scripts\complete_dem_analysis.py", line 251, in next_triplet
  File "C:\Users\solly\Projects\MyDEMProject - Copia\root\backend\scripts\complete_dem_analysis.py", line 212, in update_display
    for ax in axs:
        ^^^^^^^^^^^
  File "C:\Users\solly\AppData\Local\Programs\Python\Python312\Lib\site-packages\matplotlib\colorbar.py", line 1021, in remove
    self.ax.remove()
  File "C:\Users\solly\AppData\Local\Programs\Python\Python312\Lib\site-packages\matplotlib\artist.py", line 240, in remove
    self._remove_method(self)
  File "C:\Users\solly\AppData\Local\Programs\Python\Python312\Lib\site-packages\matplotlib\figure.py", line 869, in delaxes
    self._remove_axes(ax, owners=[self._axstack, self._localaxes])
  File "C:\Users\solly\AppData\Local\Programs\Python\Python312\Lib\site-packages\matplotlib\figure.py", line 884, in _remove_axes
    owner.remove(ax)
  File "C:\Users\solly\AppData\Local\Programs\Python\Python312\Lib\site-packages\matplotlib\figure.py", line 89, in remove
    self._axes.pop(a)
KeyError: <Axes: label='<colorbar>', ylabel='Elevation (m)'>
Traceback (most recent call last):
  File "C:\Users\solly\AppData\Local\Programs\Python\Python312\Lib\site-packages\matplotlib\colorbar.py", line 1021, in remove
    self.ax.remove()
  File "C:\Users\solly\AppData\Local\Programs\Python\Python312\Lib\site-packages\matplotlib\artist.py", line 240, in remove
    self._remove_method(self)
  File "C:\Users\solly\AppData\Local\Programs\Python\Python312\Lib\site-packages\matplotlib\figure.py", line 869, in delaxes
    self._remove_axes(ax, owners=[self._axstack, self._localaxes])
  File "C:\Users\solly\AppData\Local\Programs\Python\Python312\Lib\site-packages\matplotlib\figure.py", line 884, in _remove_axes
    owner.remove(ax)
  File "C:\Users\solly\AppData\Local\Programs\Python\Python312\Lib\site-packages\matplotlib\figure.py", line 89, in remove
    self._axes.pop(a)
KeyError: <Axes: label='<colorbar>', ylabel='Elevation (m)'>
  File "C:\Users\solly\AppData\Local\Programs\Python\Python312\Lib\site-packages\matplotlib\cbook.py", line 298, in process
    func(*args, **kwargs)
  File "C:\Users\solly\AppData\Local\Programs\Python\Python312\Lib\site-packages\matplotlib\widgets.py", line 244, in <lambda>
    return self._observers.connect('clicked', lambda event: func(event))
                                                            ^^^^^^^^^^^
  File "C:\Users\solly\Projects\MyDEMProject - Copia\root\backend\scripts\complete_dem_analysis.py", line 251, in next_triplet
  File "C:\Users\solly\Projects\MyDEMProject - Copia\root\backend\scripts\complete_dem_analysis.py", line 212, in update_display
    for ax in axs:
        ^^^^^^^^^^^
Traceback (most recent call last):
  File "C:\Users\solly\AppData\Local\Programs\Python\Python312\Lib\site-packages\matplotlib\cbook.py", line 298, in process
    func(*args, **kwargs)
  File "C:\Users\solly\AppData\Local\Programs\Python\Python312\Lib\site-packages\matplotlib\widgets.py", line 244, in <lambda>
    return self._observers.connect('clicked', lambda event: func(event))
                                                            ^^^^^^^^^^^
  File "C:\Users\solly\Projects\MyDEMProject - Copia\root\backend\scripts\complete_dem_analysis.py", line 251, in next_triplet
    update_display()
  File "C:\Users\solly\Projects\MyDEMProject - Copia\root\backend\scripts\complete_dem_analysis.py", line 212, in update_display
    cbar.remove()
  File "C:\Users\solly\AppData\Local\Programs\Python\Python312\Lib\site-packages\matplotlib\colorbar.py", line 1040, in remove
    ax.set_subplotspec(subplotspec)
    ^^^^^^^^^^^^^^^^^^
AttributeError: 'NoneType' object has no attribute 'set_subplotspec'
Traceback (most recent call last):
  File "C:\Users\solly\AppData\Local\Programs\Python\Python312\Lib\site-packages\matplotlib\cbook.py", line 298, in process
    func(*args, **kwargs)
  File "C:\Users\solly\AppData\Local\Programs\Python\Python312\Lib\site-packages\matplotlib\widgets.py", line 244, in <lambda>
    return self._observers.connect('clicked', lambda event: func(event))
                                                            ^^^^^^^^^^^
  File "C:\Users\solly\Projects\MyDEMProject - Copia\root\backend\scripts\complete_dem_analysis.py", line 251, in next_triplet
    update_display()
  File "C:\Users\solly\Projects\MyDEMProject - Copia\root\backend\scripts\complete_dem_analysis.py", line 212, in update_display
    cbar.remove()
  File "C:\Users\solly\AppData\Local\Programs\Python\Python312\Lib\site-packages\matplotlib\colorbar.py", line 1021, in remove
    self.ax.remove()
  File "C:\Users\solly\AppData\Local\Programs\Python\Python312\Lib\site-packages\matplotlib\artist.py", line 240, in remove
    self._remove_method(self)
  File "C:\Users\solly\AppData\Local\Programs\Python\Python312\Lib\site-packages\matplotlib\figure.py", line 869, in delaxes
    self._remove_axes(ax, owners=[self._axstack, self._localaxes])
  File "C:\Users\solly\AppData\Local\Programs\Python\Python312\Lib\site-packages\matplotlib\figure.py", line 884, in _remove_axes
    owner.remove(ax)
  File "C:\Users\solly\AppData\Local\Programs\Python\Python312\Lib\site-packages\matplotlib\figure.py", line 89, in remove
    self._axes.pop(a)
KeyError: <Axes: label='<colorbar>', ylabel='Elevation (m)'>
Traceback (most recent call last):
  File "C:\Users\solly\AppData\Local\Programs\Python\Python312\Lib\site-packages\matplotlib\cbook.py", line 298, in process
    func(*args, **kwargs)
  File "C:\Users\solly\AppData\Local\Programs\Python\Python312\Lib\site-packages\matplotlib\widgets.py", line 244, in <lambda>
    return self._observers.connect('clicked', lambda event: func(event))
                                                            ^^^^^^^^^^^
  File "C:\Users\solly\Projects\MyDEMProject - Copia\root\backend\scripts\complete_dem_analysis.py", line 251, in next_triplet
    update_display()
  File "C:\Users\solly\Projects\MyDEMProject - Copia\root\backend\scripts\complete_dem_analysis.py", line 212, in update_display
    cbar.remove()
  File "C:\Users\solly\AppData\Local\Programs\Python\Python312\Lib\site-packages\matplotlib\colorbar.py", line 1021, in remove
    self.ax.remove()
  File "C:\Users\solly\AppData\Local\Programs\Python\Python312\Lib\site-packages\matplotlib\artist.py", line 240, in remove
    self._remove_method(self)
  File "C:\Users\solly\AppData\Local\Programs\Python\Python312\Lib\site-packages\matplotlib\figure.py", line 869, in delaxes
    self._remove_axes(ax, owners=[self._axstack, self._localaxes])
  File "C:\Users\solly\AppData\Local\Programs\Python\Python312\Lib\site-packages\matplotlib\figure.py", line 884, in _remove_axes
    owner.remove(ax)
  File "C:\Users\solly\AppData\Local\Programs\Python\Python312\Lib\site-packages\matplotlib\figure.py", line 89, in remove
    self._axes.pop(a)
KeyError: <Axes: label='<colorbar>', ylabel='Elevation (m)'>
Traceback (most recent call last):
  File "C:\Users\solly\AppData\Local\Programs\Python\Python312\Lib\site-packages\matplotlib\cbook.py", line 298, in process
    func(*args, **kwargs)
  File "C:\Users\solly\AppData\Local\Programs\Python\Python312\Lib\site-packages\matplotlib\widgets.py", line 244, in <lambda>
    return self._observers.connect('clicked', lambda event: func(event))
                                                            ^^^^^^^^^^^
  File "C:\Users\solly\Projects\MyDEMProject - Copia\root\backend\scripts\complete_dem_analysis.py", line 258, in previous_triplet
    update_display()
  File "C:\Users\solly\Projects\MyDEMProject - Copia\root\backend\scripts\complete_dem_analysis.py", line 212, in update_display
    cbar.remove()
  File "C:\Users\solly\AppData\Local\Programs\Python\Python312\Lib\site-packages\matplotlib\colorbar.py", line 1021, in remove
    self.ax.remove()
  File "C:\Users\solly\AppData\Local\Programs\Python\Python312\Lib\site-packages\matplotlib\artist.py", line 240, in remove
    self._remove_method(self)
  File "C:\Users\solly\AppData\Local\Programs\Python\Python312\Lib\site-packages\matplotlib\figure.py", line 869, in delaxes
    self._remove_axes(ax, owners=[self._axstack, self._localaxes])
  File "C:\Users\solly\AppData\Local\Programs\Python\Python312\Lib\site-packages\matplotlib\figure.py", line 884, in _remove_axes
    owner.remove(ax)
  File "C:\Users\solly\AppData\Local\Programs\Python\Python312\Lib\site-packages\matplotlib\figure.py", line 89, in remove
    self._axes.pop(a)
KeyError: <Axes: label='<colorbar>', ylabel='Elevation (m)'>
Traceback (most recent call last):
  File "C:\Users\solly\AppData\Local\Programs\Python\Python312\Lib\site-packages\matplotlib\cbook.py", line 298, in process
    func(*args, **kwargs)
  File "C:\Users\solly\AppData\Local\Programs\Python\Python312\Lib\site-packages\matplotlib\widgets.py", line 244, in <lambda>
    return self._observers.connect('clicked', lambda event: func(event))
                                                            ^^^^^^^^^^^
  File "C:\Users\solly\Projects\MyDEMProject - Copia\root\backend\scripts\complete_dem_analysis.py", line 258, in previous_triplet
    update_display()
  File "C:\Users\solly\Projects\MyDEMProject - Copia\root\backend\scripts\complete_dem_analysis.py", line 212, in update_display
    cbar.remove()
  File "C:\Users\solly\AppData\Local\Programs\Python\Python312\Lib\site-packages\matplotlib\colorbar.py", line 1021, in remove
    self.ax.remove()
  File "C:\Users\solly\AppData\Local\Programs\Python\Python312\Lib\site-packages\matplotlib\artist.py", line 240, in remove
    self._remove_method(self)
  File "C:\Users\solly\AppData\Local\Programs\Python\Python312\Lib\site-packages\matplotlib\figure.py", line 869, in delaxes
    self._remove_axes(ax, owners=[self._axstack, self._localaxes])
  File "C:\Users\solly\AppData\Local\Programs\Python\Python312\Lib\site-packages\matplotlib\figure.py", line 884, in _remove_axes
    owner.remove(ax)
  File "C:\Users\solly\AppData\Local\Programs\Python\Python312\Lib\site-packages\matplotlib\figure.py", line 89, in remove
    self._axes.pop(a)
KeyError: <Axes: label='<colorbar>', ylabel='Elevation (m)'>
  File "C:\Users\solly\AppData\Local\Programs\Python\Python312\Lib\site-packages\matplotlib\cbook.py", line 298, in process
    func(*args, **kwargs)
  File "C:\Users\solly\AppData\Local\Programs\Python\Python312\Lib\site-packages\matplotlib\widgets.py", line 244, in <lambda>
    return self._observers.connect('clicked', lambda event: func(event))
                                                            ^^^^^^^^^^^
  File "C:\Users\solly\Projects\MyDEMProject - Copia\root\backend\scripts\complete_dem_analysis.py", line 258, in previous_triplet
    update_display()
Traceback (most recent call last):
  File "C:\Users\solly\Projects\MyDEMProject - Copia\root\backend\scripts\complete_dem_analysis.py", line 212, in update_display
    cbar.remove()
  File "C:\Users\solly\AppData\Local\Programs\Python\Python312\Lib\site-packages\matplotlib\colorbar.py", line 1021, in remove
    self.ax.remove()
  File "C:\Users\solly\AppData\Local\Programs\Python\Python312\Lib\site-packages\matplotlib\artist.py", line 240, in remove
    self._remove_method(self)
  File "C:\Users\solly\AppData\Local\Programs\Python\Python312\Lib\site-packages\matplotlib\figure.py", line 869, in delaxes
    self._remove_axes(ax, owners=[self._axstack, self._localaxes])
  File "C:\Users\solly\AppData\Local\Programs\Python\Python312\Lib\site-packages\matplotlib\figure.py", line 884, in _remove_axes
    owner.remove(ax)
  File "C:\Users\solly\AppData\Local\Programs\Python\Python312\Lib\site-packages\matplotlib\figure.py", line 89, in remove
    self._axes.pop(a)
KeyError: <Axes: label='<colorbar>', ylabel='Elevation (m)'>
Traceback (most recent call last):
  File "C:\Users\solly\Projects\MyDEMProject - Copia\root\backend\scripts\complete_dem_analysis.py", line 7, in <module>
    import matplotlib.pyplot as plt
  File "C:\Users\solly\AppData\Local\Programs\Python\Python312\Lib\site-packages\matplotlib\__init__.py", line 159, in <module>
    from . import _api, _version, cbook, _docstring, rcsetup
  File "C:\Users\solly\AppData\Local\Programs\Python\Python312\Lib\site-packages\matplotlib\rcsetup.py", line 26, in <module>
    from matplotlib.backends import BackendFilter, backend_registry
  File "C:\Users\solly\AppData\Local\Programs\Python\Python312\Lib\site-packages\matplotlib\backends\__init__.py", line 1, in <module>
    ^^^^^^^^^^^^^^^^^^^^^^^^^^^^^^^^^^^^^^^^^^^^^^^^^^^^^
ModuleNotFoundError: No module named 'matplotlib.backends.registry'
    from .registry import BackendFilter, backend_registry  # noqa: F401
Errore durante l'elaborazione DEM. Codice di uscita: 1
Traceback (most recent call last):
  File "C:\Users\solly\Projects\MyDEMProject - Copia\root\backend\scripts\complete_dem_analysis.py", line 7, in <module>
    import matplotlib.pyplot as plt
  File "C:\Users\solly\AppData\Local\Programs\Python\Python312\Lib\site-packages\matplotlib\__init__.py", line 159, in <module>
    from . import _api, _version, cbook, _docstring, rcsetup
  File "C:\Users\solly\AppData\Local\Programs\Python\Python312\Lib\site-packages\matplotlib\rcsetup.py", line 26, in <module>
    from matplotlib.backends import BackendFilter, backend_registry
  File "C:\Users\solly\AppData\Local\Programs\Python\Python312\Lib\site-packages\matplotlib\backends\__init__.py", line 1, in <module>
    ^^^^^^^^^^^^^^^^^^^^^^^^^^^^^^^^^^^^^^^^^^^^^^^^^^^^^
ModuleNotFoundError: No module named 'matplotlib.backends.registry'
    from .registry import BackendFilter, backend_registry  # noqa: F401
Errore durante l'elaborazione DEM. Codice di uscita: 1
Traceback (most recent call last):
  File "C:\Users\solly\Projects\MyDEMProject - Copia\root\backend\scripts\complete_dem_analysis.py", line 7, in <module>
    import matplotlib.pyplot as plt
  File "C:\Users\solly\AppData\Local\Programs\Python\Python312\Lib\site-packages\matplotlib\__init__.py", line 159, in <module>
    from . import _api, _version, cbook, _docstring, rcsetup
  File "C:\Users\solly\AppData\Local\Programs\Python\Python312\Lib\site-packages\matplotlib\rcsetup.py", line 26, in <module>
    from matplotlib.backends import BackendFilter, backend_registry
  File "C:\Users\solly\AppData\Local\Programs\Python\Python312\Lib\site-packages\matplotlib\backends\__init__.py", line 1, in <module>
    from .registry import BackendFilter, backend_registry  # noqa: F401
    ^^^^^^^^^^^^^^^^^^^^^^^^^^^^^^^^^^^^^^^^^^^^^^^^^^^^^
ModuleNotFoundError: No module named 'matplotlib.backends.registry'
Errore durante l'elaborazione DEM. Codice di uscita: 1
Traceback (most recent call last):
  File "C:\Users\solly\Projects\MyDEMProject - Copia\root\backend\scripts\complete_dem_analysis.py", line 7, in <module>
    import matplotlib.pyplot as plt
  File "C:\Users\solly\AppData\Local\Programs\Python\Python312\Lib\site-packages\matplotlib\__init__.py", line 159, in <module>
    from . import _api, _version, cbook, _docstring, rcsetup
  File "C:\Users\solly\AppData\Local\Programs\Python\Python312\Lib\site-packages\matplotlib\rcsetup.py", line 26, in <module>
    from matplotlib.backends import BackendFilter, backend_registry
  File "C:\Users\solly\AppData\Local\Programs\Python\Python312\Lib\site-packages\matplotlib\backends\__init__.py", line 1, in <module>
    from .registry import BackendFilter, backend_registry  # noqa: F401
    ^^^^^^^^^^^^^^^^^^^^^^^^^^^^^^^^^^^^^^^^^^^^^^^^^^^^^
ModuleNotFoundError: No module named 'matplotlib.backends.registry'
Errore durante l'elaborazione DEM. Codice di uscita: 1
Traceback (most recent call last):
  File "C:\Users\solly\AppData\Local\Programs\Python\Python312\Lib\site-packages\matplotlib\cbook.py", line 298, in process
    func(*args, **kwargs)
  File "C:\Users\solly\AppData\Local\Programs\Python\Python312\Lib\site-packages\matplotlib\widgets.py", line 244, in <lambda>
    return self._observers.connect('clicked', lambda event: func(event))
                                                            ^^^^^^^^^^^
  File "C:\Users\solly\Projects\MyDEMProject - Copia\root\backend\scripts\CircularVolcano_Approx1.py", line 151, in show_results
    f"Base area of the volcano: {area_base:.2f} km�",
                                 ^^^^^^^^^
NameError: cannot access free variable 'area_base' where it is not associated with a value in enclosing scope
  File "C:\Users\solly\AppData\Local\Programs\Python\Python312\Lib\site-packages\matplotlib\cbook.py", line 298, in process
    func(*args, **kwargs)
  File "C:\Users\solly\AppData\Local\Programs\Python\Python312\Lib\site-packages\matplotlib\widgets.py", line 244, in <lambda>
    return self._observers.connect('clicked', lambda event: func(event))
                                                            ^^^^^^^^^^^
  File "C:\Users\solly\Projects\MyDEMProject - Copia\root\backend\scripts\CircularVolcano_Approx1.py", line 151, in show_results
    f"Base area of the volcano: {area_base:.2f} km�",
                                 ^^^^^^^^^
NameError: cannot access free variable 'area_base' where it is not associated with a value in enclosing scope
Traceback (most recent call last):
  File "C:\Users\solly\AppData\Local\Programs\Python\Python312\Lib\site-packages\matplotlib\cbook.py", line 298, in process
    func(*args, **kwargs)
  File "C:\Users\solly\AppData\Local\Programs\Python\Python312\Lib\site-packages\matplotlib\widgets.py", line 244, in <lambda>
    return self._observers.connect('clicked', lambda event: func(event))
                                                            ^^^^^^^^^^^
  File "C:\Users\solly\Projects\MyDEMProject - Copia\root\backend\scripts\CircularVolcano_Approx1.py", line 151, in show_results
    f"Base area of the volcano: {area_base:.2f} km�",
                                 ^^^^^^^^^
NameError: cannot access free variable 'area_base' where it is not associated with a value in enclosing scope
Traceback (most recent call last):
Traceback (most recent call last):
  File "C:\Users\solly\AppData\Local\Programs\Python\Python312\Lib\site-packages\matplotlib\cbook.py", line 298, in process
    func(*args, **kwargs)
  File "C:\Users\solly\AppData\Local\Programs\Python\Python312\Lib\site-packages\matplotlib\widgets.py", line 244, in <lambda>
    return self._observers.connect('clicked', lambda event: func(event))
                                                            ^^^^^^^^^^^
  File "C:\Users\solly\Projects\MyDEMProject - Copia\root\backend\scripts\CircularVolcano_Approx1.py", line 151, in show_results
    f"Base area of the volcano: {area_base:.2f} km�",
                                 ^^^^^^^^^
NameError: cannot access free variable 'area_base' where it is not associated with a value in enclosing scope
Traceback (most recent call last):
  File "C:\Users\solly\AppData\Local\Programs\Python\Python312\Lib\site-packages\matplotlib\cbook.py", line 298, in process
    func(*args, **kwargs)
  File "C:\Users\solly\AppData\Local\Programs\Python\Python312\Lib\site-packages\matplotlib\widgets.py", line 244, in <lambda>
    return self._observers.connect('clicked', lambda event: func(event))
                                                            ^^^^^^^^^^^
  File "C:\Users\solly\Projects\MyDEMProject - Copia\root\backend\scripts\CircularVolcano_Approx1.py", line 151, in show_results
    f"Base area of the volcano: {area_base:.2f} km�",
                                 ^^^^^^^^^
NameError: cannot access free variable 'area_base' where it is not associated with a value in enclosing scope
Traceback (most recent call last):
  File "C:\Users\solly\AppData\Local\Programs\Python\Python312\Lib\site-packages\matplotlib\cbook.py", line 298, in process
    func(*args, **kwargs)
  File "C:\Users\solly\AppData\Local\Programs\Python\Python312\Lib\site-packages\matplotlib\widgets.py", line 244, in <lambda>
    return self._observers.connect('clicked', lambda event: func(event))
                                                            ^^^^^^^^^^^
  File "C:\Users\solly\Projects\MyDEMProject - Copia\root\backend\scripts\CircularVolcano_Approx1.py", line 151, in show_results
    f"Base area of the volcano: {area_base:.2f} km�",
                                 ^^^^^^^^^
NameError: cannot access free variable 'area_base' where it is not associated with a value in enclosing scope
C:\Users\solly\Projects\MyDEMProject - Copia\root\backend\scripts\CircularVolcano_Approx1.py:189: UserWarning: This figure includes Axes that are not compatible with tight_layout, so results might be incorrect.
  plt.tight_layout()
C:\Users\solly\Projects\MyDEMProject - Copia\root\backend\scripts\CircularVolcano_Approx1.py:184: UserWarning: This figure includes Axes that are not compatible with tight_layout, so results might be incorrect.
  plt.tight_layout()
Errore durante l'elaborazione DEM. Codice di uscita: 1
Errore durante l'elaborazione DEM. Codice di uscita: 1
Errore durante l'elaborazione DEM. Codice di uscita: 1
C:\Users\solly\Projects\MyDEMProject - Copia\root\backend\scripts\complete_dem_analysis.py:164: UserWarning: Starting a Matplotlib GUI outside of the main thread will likely fail.
  fig = plt.figure(figsize=(10,8))
C:\Users\solly\Projects\MyDEMProject - Copia\root\backend\scripts\complete_dem_analysis.py:176: UserWarning: Starting a Matplotlib GUI outside of the main thread will likely fail.
  plt.show()
Exception in thread Thread-1 (show_3d_view):
Traceback (most recent call last):
  File "C:\Users\solly\AppData\Local\Programs\Python\Python312\Lib\threading.py", line 1073, in _bootstrap_inner
    self.run()
  File "C:\Users\solly\AppData\Local\Programs\Python\Python312\Lib\threading.py", line 1010, in run
    self._target(*self._args, **self._kwargs)
  File "C:\Users\solly\Projects\MyDEMProject - Copia\root\backend\scripts\complete_dem_analysis.py", line 402, in show_3d_view
    display_volcano_3d(dem, dx=transform[0], dy=-transform[4])
  File "C:\Users\solly\Projects\MyDEMProject - Copia\root\backend\scripts\complete_dem_analysis.py", line 176, in display_volcano_3d
    plt.show()
  File "C:\Users\solly\AppData\Local\Programs\Python\Python312\Lib\site-packages\matplotlib\pyplot.py", line 612, in show
    return _get_backend_mod().show(*args, **kwargs)
           ^^^^^^^^^^^^^^^^^^^^^^^^^^^^^^^^^^^^^^^^
  File "C:\Users\solly\AppData\Local\Programs\Python\Python312\Lib\site-packages\matplotlib\backend_bases.py", line 3540, in show
    manager.show()  # Emits a warning for non-interactive backend.
    ^^^^^^^^^^^^^^
  File "C:\Users\solly\AppData\Local\Programs\Python\Python312\Lib\site-packages\matplotlib\backends\_backend_tk.py", line 556, in show
    self.canvas.manager.window.attributes('-topmost', 1)
  File "C:\Users\solly\AppData\Local\Programs\Python\Python312\Lib\tkinter\__init__.py", line 2052, in wm_attributes
           ^^^^^^^^^^^^^^^^^^
RuntimeError: main thread is not in main loop
    return self.tk.call(args)
Exception ignored in atexit callback: <bound method Gcf.destroy_all of <class 'matplotlib._pylab_helpers.Gcf'>>
Traceback (most recent call last):
  File "C:\Users\solly\AppData\Local\Programs\Python\Python312\Lib\site-packages\matplotlib\_pylab_helpers.py", line 81, in destroy_all
    manager.destroy()
  File "C:\Users\solly\AppData\Local\Programs\Python\Python312\Lib\site-packages\matplotlib\backends\_backend_tk.py", line 562, in destroy
    self.canvas._tkcanvas.after_cancel(self.canvas._idle_draw_id)
  File "C:\Users\solly\AppData\Local\Programs\Python\Python312\Lib\tkinter\__init__.py", line 894, in after_cancel
    data = self.tk.call('after', 'info', id)
           ^^^^^^^^^^^^^^^^^^^^^^^^^^^^^^^^^
RuntimeError: main thread is not in main loop
Errore durante l'elaborazione DEM. Codice di uscita: 1
C:\Users\solly\Projects\MyDEMProject - Copia\root\backend\scripts\complete_dem_analysis.py:164: UserWarning: Starting a Matplotlib GUI outside of the main thread will likely fail.
  fig = plt.figure(figsize=(10,8))
C:\Users\solly\Projects\MyDEMProject - Copia\root\backend\scripts\complete_dem_analysis.py:176: UserWarning: Starting a Matplotlib GUI outside of the main thread will likely fail.
  plt.show()
Exception in thread Thread-1 (show_3d_view):
Traceback (most recent call last):
  File "C:\Users\solly\AppData\Local\Programs\Python\Python312\Lib\threading.py", line 1073, in _bootstrap_inner
    self.run()
  File "C:\Users\solly\AppData\Local\Programs\Python\Python312\Lib\threading.py", line 1010, in run
    self._target(*self._args, **self._kwargs)
  File "C:\Users\solly\Projects\MyDEMProject - Copia\root\backend\scripts\complete_dem_analysis.py", line 405, in show_3d_view
    display_volcano_3d(dem, dx=transform[0], dy=-transform[4])
  File "C:\Users\solly\Projects\MyDEMProject - Copia\root\backend\scripts\complete_dem_analysis.py", line 176, in display_volcano_3d
    plt.show()
  File "C:\Users\solly\AppData\Local\Programs\Python\Python312\Lib\site-packages\matplotlib\pyplot.py", line 612, in show
    return _get_backend_mod().show(*args, **kwargs)
           ^^^^^^^^^^^^^^^^^^^^^^^^^^^^^^^^^^^^^^^^
  File "C:\Users\solly\AppData\Local\Programs\Python\Python312\Lib\site-packages\matplotlib\backend_bases.py", line 3540, in show
    ^^^^^^^^^^^^^^
  File "C:\Users\solly\AppData\Local\Programs\Python\Python312\Lib\site-packages\matplotlib\backends\_backend_tk.py", line 556, in show
    manager.show()  # Emits a warning for non-interactive backend.
  File "C:\Users\solly\AppData\Local\Programs\Python\Python312\Lib\tkinter\__init__.py", line 2052, in wm_attributes
    self.canvas.manager.window.attributes('-topmost', 1)
    return self.tk.call(args)
           ^^^^^^^^^^^^^^^^^^
RuntimeError: main thread is not in main loop
Exception ignored in atexit callback: <bound method Gcf.destroy_all of <class 'matplotlib._pylab_helpers.Gcf'>>
Traceback (most recent call last):
  File "C:\Users\solly\AppData\Local\Programs\Python\Python312\Lib\site-packages\matplotlib\_pylab_helpers.py", line 81, in destroy_all
    manager.destroy()
  File "C:\Users\solly\AppData\Local\Programs\Python\Python312\Lib\site-packages\matplotlib\backends\_backend_tk.py", line 562, in destroy
    self.canvas._tkcanvas.after_cancel(self.canvas._idle_draw_id)
  File "C:\Users\solly\AppData\Local\Programs\Python\Python312\Lib\tkinter\__init__.py", line 894, in after_cancel
    data = self.tk.call('after', 'info', id)
           ^^^^^^^^^^^^^^^^^^^^^^^^^^^^^^^^^
RuntimeError: main thread is not in main loop
Errore durante l'elaborazione DEM. Codice di uscita: 1
C:\Users\solly\Projects\MyDEMProject - Copia\root\backend\scripts\complete_dem_analysis.py:164: UserWarning: Starting a Matplotlib GUI outside of the main thread will likely fail.
  fig = plt.figure(figsize=(10,8))
C:\Users\solly\Projects\MyDEMProject - Copia\root\backend\scripts\complete_dem_analysis.py:176: UserWarning: Starting a Matplotlib GUI outside of the main thread will likely fail.
  plt.show()
Exception in thread Thread-1 (show_3d_view):
Traceback (most recent call last):
  File "C:\Users\solly\AppData\Local\Programs\Python\Python312\Lib\threading.py", line 1073, in _bootstrap_inner
    self.run()
  File "C:\Users\solly\AppData\Local\Programs\Python\Python312\Lib\threading.py", line 1010, in run
    self._target(*self._args, **self._kwargs)
  File "C:\Users\solly\Projects\MyDEMProject - Copia\root\backend\scripts\complete_dem_analysis.py", line 405, in show_3d_view
    display_volcano_3d(dem, dx=transform[0], dy=-transform[4])
  File "C:\Users\solly\Projects\MyDEMProject - Copia\root\backend\scripts\complete_dem_analysis.py", line 176, in display_volcano_3d
    plt.show()
  File "C:\Users\solly\AppData\Local\Programs\Python\Python312\Lib\site-packages\matplotlib\pyplot.py", line 612, in show
    return _get_backend_mod().show(*args, **kwargs)
           ^^^^^^^^^^^^^^^^^^^^^^^^^^^^^^^^^^^^^^^^
  File "C:\Users\solly\AppData\Local\Programs\Python\Python312\Lib\site-packages\matplotlib\backend_bases.py", line 3540, in show
  File "C:\Users\solly\AppData\Local\Programs\Python\Python312\Lib\site-packages\matplotlib\backends\_backend_tk.py", line 556, in show
    manager.show()  # Emits a warning for non-interactive backend.
    ^^^^^^^^^^^^^^
  File "C:\Users\solly\AppData\Local\Programs\Python\Python312\Lib\tkinter\__init__.py", line 2052, in wm_attributes
    self.canvas.manager.window.attributes('-topmost', 1)
    return self.tk.call(args)
           ^^^^^^^^^^^^^^^^^^
RuntimeError: main thread is not in main loop
Exception ignored in atexit callback: <bound method Gcf.destroy_all of <class 'matplotlib._pylab_helpers.Gcf'>>
Traceback (most recent call last):
  File "C:\Users\solly\AppData\Local\Programs\Python\Python312\Lib\site-packages\matplotlib\_pylab_helpers.py", line 81, in destroy_all
  File "C:\Users\solly\AppData\Local\Programs\Python\Python312\Lib\site-packages\matplotlib\backends\_backend_tk.py", line 562, in destroy
    manager.destroy()
    self.canvas._tkcanvas.after_cancel(self.canvas._idle_draw_id)
  File "C:\Users\solly\AppData\Local\Programs\Python\Python312\Lib\tkinter\__init__.py", line 894, in after_cancel
    data = self.tk.call('after', 'info', id)
           ^^^^^^^^^^^^^^^^^^^^^^^^^^^^^^^^^
RuntimeError: main thread is not in main loop
Errore durante l'elaborazione DEM. Codice di uscita: 1
C:\Users\solly\Projects\MyDEMProject - Copia\root\backend\scripts\complete_dem_analysis.py:164: UserWarning: Starting a Matplotlib GUI outside of the main thread will likely fail.
  fig = plt.figure(figsize=(10,8))
C:\Users\solly\Projects\MyDEMProject - Copia\root\backend\scripts\complete_dem_analysis.py:176: UserWarning: Starting a Matplotlib GUI outside of the main thread will likely fail.
  plt.show()
Exception in thread Thread-1 (show_3d_view):
Traceback (most recent call last):
  File "C:\Users\solly\AppData\Local\Programs\Python\Python312\Lib\threading.py", line 1073, in _bootstrap_inner
    self.run()
  File "C:\Users\solly\AppData\Local\Programs\Python\Python312\Lib\threading.py", line 1010, in run
    self._target(*self._args, **self._kwargs)
  File "C:\Users\solly\Projects\MyDEMProject - Copia\root\backend\scripts\complete_dem_analysis.py", line 405, in show_3d_view
    display_volcano_3d(dem, dx=transform[0], dy=-transform[4])
  File "C:\Users\solly\Projects\MyDEMProject - Copia\root\backend\scripts\complete_dem_analysis.py", line 176, in display_volcano_3d
  File "C:\Users\solly\AppData\Local\Programs\Python\Python312\Lib\site-packages\matplotlib\pyplot.py", line 612, in show
    plt.show()
    return _get_backend_mod().show(*args, **kwargs)
           ^^^^^^^^^^^^^^^^^^^^^^^^^^^^^^^^^^^^^^^^
  File "C:\Users\solly\AppData\Local\Programs\Python\Python312\Lib\site-packages\matplotlib\backend_bases.py", line 3540, in show
    manager.show()  # Emits a warning for non-interactive backend.
    ^^^^^^^^^^^^^^
  File "C:\Users\solly\AppData\Local\Programs\Python\Python312\Lib\site-packages\matplotlib\backends\_backend_tk.py", line 556, in show
    self.canvas.manager.window.attributes('-topmost', 1)
  File "C:\Users\solly\AppData\Local\Programs\Python\Python312\Lib\tkinter\__init__.py", line 2052, in wm_attributes
    return self.tk.call(args)
           ^^^^^^^^^^^^^^^^^^
RuntimeError: main thread is not in main loop
Exception ignored in atexit callback: <bound method Gcf.destroy_all of <class 'matplotlib._pylab_helpers.Gcf'>>
Traceback (most recent call last):
  File "C:\Users\solly\AppData\Local\Programs\Python\Python312\Lib\site-packages\matplotlib\_pylab_helpers.py", line 81, in destroy_all
    manager.destroy()
  File "C:\Users\solly\AppData\Local\Programs\Python\Python312\Lib\site-packages\matplotlib\backends\_backend_tk.py", line 562, in destroy
    self.canvas._tkcanvas.after_cancel(self.canvas._idle_draw_id)
  File "C:\Users\solly\AppData\Local\Programs\Python\Python312\Lib\tkinter\__init__.py", line 894, in after_cancel
           ^^^^^^^^^^^^^^^^^^^^^^^^^^^^^^^^^
RuntimeError: main thread is not in main loop
    data = self.tk.call('after', 'info', id)
Errore durante l'elaborazione DEM. Codice di uscita: 1
    exitcode = _main(fd, parent_sentinel)
Traceback (most recent call last):
  File "<string>", line 1, in <module>
  File "C:\Users\solly\AppData\Local\Programs\Python\Python312\Lib\multiprocessing\spawn.py", line 122, in spawn_main
               ^^^^^^^^^^^^^^^^^^^^^^^^^^
  File "C:\Users\solly\AppData\Local\Programs\Python\Python312\Lib\multiprocessing\spawn.py", line 132, in _main
    self = reduction.pickle.load(from_parent)
           ^^^^^^^^^^^^^^^^^^^^^^^^^^^^^^^^^^
AttributeError: Can't get attribute 'show_3d_view_in_process' on <module '__mp_main__' from 'C:\\Users\\solly\\Projects\\MyDEMProject - Copia\\root\\backend\\scripts\\complete_dem_analysis.py'>
Traceback (most recent call last):
  File "<string>", line 1, in <module>
  File "C:\Users\solly\AppData\Local\Programs\Python\Python312\Lib\multiprocessing\spawn.py", line 122, in spawn_main
               ^^^^^^^^^^^^^^^^^^^^^^^^^^
  File "C:\Users\solly\AppData\Local\Programs\Python\Python312\Lib\multiprocessing\spawn.py", line 132, in _main
    exitcode = _main(fd, parent_sentinel)
    self = reduction.pickle.load(from_parent)
           ^^^^^^^^^^^^^^^^^^^^^^^^^^^^^^^^^^
AttributeError: Can't get attribute 'show_3d_view_in_process' on <module '__mp_main__' from 'C:\\Users\\solly\\Projects\\MyDEMProject - Copia\\root\\backend\\scripts\\complete_dem_analysis.py'>
Errore durante l'elaborazione DEM. Codice di uscita: 3489660927
Errore durante l'elaborazione DEM. Codice di uscita: 3489660927
C:\Users\solly\Projects\MyDEMProject - Copia\root\backend\scripts\complete_dem_analysis.py:163: UserWarning: Starting a Matplotlib GUI outside of the main thread will likely fail.
  fig = plt.figure(figsize=(10,8))
C:\Users\solly\Projects\MyDEMProject - Copia\root\backend\scripts\complete_dem_analysis.py:175: UserWarning: Starting a Matplotlib GUI outside of the main thread will likely fail.
  plt.show()
Exception ignored in atexit callback: <bound method Gcf.destroy_all of <class 'matplotlib._pylab_helpers.Gcf'>>
Traceback (most recent call last):
  File "C:\Users\solly\AppData\Local\Programs\Python\Python312\Lib\site-packages\matplotlib\_pylab_helpers.py", line 81, in destroy_all
    manager.destroy()
  File "C:\Users\solly\AppData\Local\Programs\Python\Python312\Lib\site-packages\matplotlib\backends\_backend_tk.py", line 562, in destroy
  File "C:\Users\solly\AppData\Local\Programs\Python\Python312\Lib\tkinter\__init__.py", line 894, in after_cancel
    self.canvas._tkcanvas.after_cancel(self.canvas._idle_draw_id)
    data = self.tk.call('after', 'info', id)
           ^^^^^^^^^^^^^^^^^^^^^^^^^^^^^^^^^
RuntimeError: main thread is not in main loop
Errore durante l'elaborazione DEM. Codice di uscita: 1
C:\Users\solly\Projects\MyDEMProject - Copia\root\backend\scripts\complete_dem_analysis.py:163: UserWarning: Starting a Matplotlib GUI outside of the main thread will likely fail.
  fig = plt.figure(figsize=(10,8))
C:\Users\solly\Projects\MyDEMProject - Copia\root\backend\scripts\complete_dem_analysis.py:175: UserWarning: Starting a Matplotlib GUI outside of the main thread will likely fail.
  plt.show()
C:\Users\solly\Projects\MyDEMProject - Copia\root\backend\scripts\complete_dem_analysis.py:163: UserWarning: Starting a Matplotlib GUI outside of the main thread will likely fail.
  fig = plt.figure(figsize=(10,8))
Exception in thread Thread-1 (show_3d_view):
Traceback (most recent call last):
  File "C:\Users\solly\AppData\Local\Programs\Python\Python312\Lib\threading.py", line 1073, in _bootstrap_inner
    self.run()
  File "C:\Users\solly\AppData\Local\Programs\Python\Python312\Lib\threading.py", line 1010, in run
  File "C:\Users\solly\Projects\MyDEMProject - Copia\root\backend\scripts\complete_dem_analysis.py", line 401, in show_3d_view
    self._target(*self._args, **self._kwargs)
  File "C:\Users\solly\Projects\MyDEMProject - Copia\root\backend\scripts\complete_dem_analysis.py", line 163, in display_volcano_3d
    display_volcano_3d(dem, dx=transform[0], dy=-transform[4])
          ^^^^^^^^^^^^^^^^^^^^^^^^^^
  File "C:\Users\solly\AppData\Local\Programs\Python\Python312\Lib\site-packages\matplotlib\pyplot.py", line 1027, in figure
    fig = plt.figure(figsize=(10,8))
    manager = new_figure_manager(
              ^^^^^^^^^^^^^^^^^^^
  File "C:\Users\solly\AppData\Local\Programs\Python\Python312\Lib\site-packages\matplotlib\pyplot.py", line 550, in new_figure_manager
           ^^^^^^^^^^^^^^^^^^^^^^^^^^^^^^^^^^^^^^^^^^^^^^^^^^^^^^
  File "C:\Users\solly\AppData\Local\Programs\Python\Python312\Lib\site-packages\matplotlib\backend_bases.py", line 3507, in new_figure_manager
    return _get_backend_mod().new_figure_manager(*args, **kwargs)
    return cls.new_figure_manager_given_figure(num, fig)
           ^^^^^^^^^^^^^^^^^^^^^^^^^^^^^^^^^^^^^^^^^^^^^
  File "C:\Users\solly\AppData\Local\Programs\Python\Python312\Lib\site-packages\matplotlib\backend_bases.py", line 3512, in new_figure_manager_given_figure
    return cls.FigureCanvas.new_manager(figure, num)
           ^^^^^^^^^^^^^^^^^^^^^^^^^^^^^^^^^^^^^^^^^
  File "C:\Users\solly\AppData\Local\Programs\Python\Python312\Lib\site-packages\matplotlib\backend_bases.py", line 1797, in new_manager
    return cls.manager_class.create_with_canvas(cls, figure, num)
           ^^^^^^^^^^^^^^^^^^^^^^^^^^^^^^^^^^^^^^^^^^^^^^^^^^^^^^
  File "C:\Users\solly\AppData\Local\Programs\Python\Python312\Lib\site-packages\matplotlib\backends\_backend_tk.py", line 501, in create_with_canvas
    window.iconphoto(False, icon_img_large, icon_img)
  File "C:\Users\solly\AppData\Local\Programs\Python\Python312\Lib\tkinter\__init__.py", line 2203, in wm_iconphoto
_tkinter.TclError: Can't set icon; window has no wrapper.
    self.tk.call('wm', 'iconphoto', self._w, *args)
    exitcode = _main(fd, parent_sentinel)
               ^^^^^^^^^^^^^^^^^^^^^^^^^^
  File "C:\Users\solly\AppData\Local\Programs\Python\Python312\Lib\multiprocessing\spawn.py", line 132, in _main
    self = reduction.pickle.load(from_parent)
Traceback (most recent call last):
  File "<string>", line 1, in <module>
  File "C:\Users\solly\AppData\Local\Programs\Python\Python312\Lib\multiprocessing\spawn.py", line 122, in spawn_main
           ^^^^^^^^^^^^^^^^^^^^^^^^^^^^^^^^^^
AttributeError: Can't get attribute 'show_3d_view' on <module '__mp_main__' from 'C:\\Users\\solly\\Projects\\MyDEMProject - Copia\\root\\backend\\scripts\\complete_dem_analysis.py'>
Traceback (most recent call last):
  File "C:\Users\solly\Projects\MyDEMProject - Copia\root\backend\scripts\complete_dem_analysis.py", line 399, in <module>
    main()
  File "C:\Users\solly\Projects\MyDEMProject - Copia\root\backend\scripts\complete_dem_analysis.py", line 392, in main
    ex = DEMAnalysisApp(
         ^^^^^^^^^^^^^^^
  File "C:\Users\solly\Projects\MyDEMProject - Copia\root\backend\scripts\complete_dem_analysis.py", line 129, in __init__
    self.initUI()
  File "C:\Users\solly\Projects\MyDEMProject - Copia\root\backend\scripts\complete_dem_analysis.py", line 149, in initUI
    self.prev_button.clicked.connect(self.previous_triplet)
                                     ^^^^^^^^^^^^^^^^^^^^^
AttributeError: 'DEMAnalysisApp' object has no attribute 'previous_triplet'
Errore durante l'elaborazione DEM. Codice di uscita: 1
Traceback (most recent call last):
  File "C:\Users\solly\Projects\MyDEMProject - Copia\root\backend\scripts\complete_dem_analysis.py", line 399, in <module>
    main()
  File "C:\Users\solly\Projects\MyDEMProject - Copia\root\backend\scripts\complete_dem_analysis.py", line 392, in main
    ex = DEMAnalysisApp(
         ^^^^^^^^^^^^^^^
  File "C:\Users\solly\Projects\MyDEMProject - Copia\root\backend\scripts\complete_dem_analysis.py", line 129, in __init__
    self.initUI()
  File "C:\Users\solly\Projects\MyDEMProject - Copia\root\backend\scripts\complete_dem_analysis.py", line 149, in initUI
    self.prev_button.clicked.connect(self.previous_triplet)
                                     ^^^^^^^^^^^^^^^^^^^^^
AttributeError: 'DEMAnalysisApp' object has no attribute 'previous_triplet'
Errore durante l'elaborazione DEM. Codice di uscita: 1
Traceback (most recent call last):
  File "C:\Users\solly\Projects\DEM_Volcano_Analisys - Copia\root\backend\scripts\CircularVolcano_Approx1.py", line 190, in show_results
    self.download_results()
  File "C:\Users\solly\Projects\DEM_Volcano_Analisys - Copia\root\backend\scripts\CircularVolcano_Approx1.py", line 197, in download_results
    self.generate_pdf(file_path)
  File "C:\Users\solly\Projects\DEM_Volcano_Analisys - Copia\root\backend\scripts\CircularVolcano_Approx1.py", line 271, in generate_pdf
    c.save()
  File "C:\Users\solly\AppData\Local\Programs\Python\Python312\Lib\site-packages\reportlab\pdfgen\canvas.py", line 1299, in save
    self._doc.SaveToFile(self._filename, self)
  File "C:\Users\solly\AppData\Local\Programs\Python\Python312\Lib\site-packages\reportlab\pdfbase\pdfdoc.py", line 208, in SaveToFile
    f = open(filename, "wb")
        ^^^^^^^^^^^^^^^^^^^^
PermissionError: [Errno 13] Permission denied: 'C:\\Users\\solly\\Downloads\\CalculationResults.pdf'
Traceback (most recent call last):
  File "C:\Users\solly\Projects\DEM_Volcano_Analisys - Copia\root\backend\scripts\CircularVolcano_Approx1.py", line 190, in show_results
    self.download_results()
  File "C:\Users\solly\Projects\DEM_Volcano_Analisys - Copia\root\backend\scripts\CircularVolcano_Approx1.py", line 197, in download_results
    self.generate_pdf(file_path)
  File "C:\Users\solly\Projects\DEM_Volcano_Analisys - Copia\root\backend\scripts\CircularVolcano_Approx1.py", line 269, in generate_pdf
    c.save()
  File "C:\Users\solly\AppData\Local\Programs\Python\Python312\Lib\site-packages\reportlab\pdfgen\canvas.py", line 1299, in save
    self._doc.SaveToFile(self._filename, self)
  File "C:\Users\solly\AppData\Local\Programs\Python\Python312\Lib\site-packages\reportlab\pdfbase\pdfdoc.py", line 208, in SaveToFile
    f = open(filename, "wb")
        ^^^^^^^^^^^^^^^^^^^^
PermissionError: [Errno 13] Permission denied: 'C:\\Users\\solly\\Downloads\\CalculationResults.pdf'
